#-----------------------------------------------------------
# Vivado v2017.1 (64-bit)
# SW Build 1846317 on Fri Apr 14 18:55:03 MDT 2017
# IP Build 1846188 on Fri Apr 14 20:52:08 MDT 2017
# Start of session at: Sat Nov 17 14:01:25 2018
# Process ID: 14344
# Current directory: C:/Users/bwedemir/Desktop/ECE4261Project/ECE4261_Project-master2018-11-11/ECE4261_Project-master
# Command line: vivado.exe -gui_launcher_event rodinguilauncherevent10200 C:\Users\bwedemir\Desktop\ECE4261Project\ECE4261_Project-master2018-11-11\ECE4261_Project-master\Project_V0.2.xpr
# Log file: C:/Users/bwedemir/Desktop/ECE4261Project/ECE4261_Project-master2018-11-11/ECE4261_Project-master/vivado.log
# Journal file: C:/Users/bwedemir/Desktop/ECE4261Project/ECE4261_Project-master2018-11-11/ECE4261_Project-master\vivado.jou
#-----------------------------------------------------------
start_gui
open_project C:/Users/bwedemir/Desktop/ECE4261Project/ECE4261_Project-master2018-11-11/ECE4261_Project-master/Project_V0.2.xpr
update_compile_order -fileset sources_1
make_wrapper -files [get_files C:/Users/bwedemir/Desktop/ECE4261Project/ECE4261_Project-master2018-11-11/ECE4261_Project-master/Project_V0.2.srcs/sources_1/bd/design_1/design_1.bd] -top
launch_sdk -workspace C:/Users/bwedemir/Desktop/ECE4261Project/ECE4261_Project-master2018-11-11/ECE4261_Project-master/Project_V0.2.sdk -hwspec C:/Users/bwedemir/Desktop/ECE4261Project/ECE4261_Project-master2018-11-11/ECE4261_Project-master/Project_V0.2.sdk/design_1_wrapper.hdf
open_bd_design {C:/Users/bwedemir/Desktop/ECE4261Project/ECE4261_Project-master2018-11-11/ECE4261_Project-master/Project_V0.2.srcs/sources_1/bd/design_1/design_1.bd}
launch_sdk -workspace C:/Users/bwedemir/Desktop/ECE4261Project/ECE4261_Project-master2018-11-11/ECE4261_Project-master/Project_V0.2.sdk -hwspec C:/Users/bwedemir/Desktop/ECE4261Project/ECE4261_Project-master2018-11-11/ECE4261_Project-master/Project_V0.2.sdk/design_1_wrapper.hdf
