#-----------------------------------------------------------
# Vivado v2017.1 (64-bit)
# SW Build 1846317 on Fri Apr 14 18:55:03 MDT 2017
# IP Build 1846188 on Fri Apr 14 20:52:08 MDT 2017
# Start of session at: Sat Nov 24 21:32:13 2018
# Process ID: 14836
# Current directory: C:/Users/kohara/Desktop/ECE4261_Project-UDP/ECE4261_Project-UDP
# Command line: vivado.exe -gui_launcher_event rodinguilauncherevent16040 C:\Users\kohara\Desktop\ECE4261_Project-UDP\ECE4261_Project-UDP\Project_V0.2.xpr
# Log file: C:/Users/kohara/Desktop/ECE4261_Project-UDP/ECE4261_Project-UDP/vivado.log
# Journal file: C:/Users/kohara/Desktop/ECE4261_Project-UDP/ECE4261_Project-UDP\vivado.jou
#-----------------------------------------------------------
start_gui
open_project C:/Users/kohara/Desktop/ECE4261_Project-UDP/ECE4261_Project-UDP/Project_V0.2.xpr
update_compile_order -fileset sources_1
launch_sdk -workspace C:/Users/kohara/Desktop/ECE4261_Project-UDP/ECE4261_Project-UDP/Project_V0.2.sdk -hwspec C:/Users/kohara/Desktop/ECE4261_Project-UDP/ECE4261_Project-UDP/Project_V0.2.sdk/design_1_wrapper.hdf
