#-----------------------------------------------------------
# Vivado v2017.1 (64-bit)
# SW Build 1846317 on Fri Apr 14 18:55:03 MDT 2017
# IP Build 1846188 on Fri Apr 14 20:52:08 MDT 2017
# Start of session at: Sat Nov  3 16:27:11 2018
# Process ID: 4812
# Current directory: C:/Users/bwedemir/Downloads/ECE4261_Project-Keypad/ECE4261_Project-Keypad
# Command line: vivado.exe -gui_launcher_event rodinguilauncherevent2908 C:\Users\bwedemir\Downloads\ECE4261_Project-Keypad\ECE4261_Project-Keypad\Project_V0.2.xpr
# Log file: C:/Users/bwedemir/Downloads/ECE4261_Project-Keypad/ECE4261_Project-Keypad/vivado.log
# Journal file: C:/Users/bwedemir/Downloads/ECE4261_Project-Keypad/ECE4261_Project-Keypad\vivado.jou
#-----------------------------------------------------------
start_gui
open_project C:/Users/bwedemir/Downloads/ECE4261_Project-Keypad/ECE4261_Project-Keypad/Project_V0.2.xpr
update_compile_order -fileset sources_1
launch_sdk -workspace C:/Users/bwedemir/Downloads/ECE4261_Project-Keypad/ECE4261_Project-Keypad/Project_V0.2.sdk -hwspec C:/Users/bwedemir/Downloads/ECE4261_Project-Keypad/ECE4261_Project-Keypad/Project_V0.2.sdk/design_1_wrapper.hdf
