make -C ps7_cortexa9_0/libsrc/usbps_v2_4/src -s clean 
make -C ps7_cortexa9_0/libsrc/xadcps_v2_2/src -s clean 
make: Target `clean' not remade because of errors.
16:16:00 **** Build of project Project_bsp ****
make -k all 
"Running Make include in ps7_cortexa9_0/libsrc/Blowfish_encipher_v1_0/src"
make -C ps7_cortexa9_0/libsrc/Blowfish_encipher_v1_0/src -s include  "SHELL=CMD" "COMPILER=arm-none-eabi-gcc" "ARCHIVER=arm-none-eabi-ar" "COMPILER_FLAGS=  -O2 -c" "EXTRA_COMPILER_FLAGS=-mcpu=cortex-a9 -mfpu=vfpv3 -mfloat-abi=hard -nostartfiles -Wall -Wextra"
"Running Make include in ps7_cortexa9_0/libsrc/coresightps_dcc_v1_4/src"
make -C ps7_cortexa9_0/libsrc/coresightps_dcc_v1_4/src -s include  "SHELL=CMD" "COMPILER=arm-none-eabi-gcc" "ARCHIVER=arm-none-eabi-ar" "COMPILER_FLAGS=  -O2 -c" "EXTRA_COMPILER_FLAGS=-mcpu=cortex-a9 -mfpu=vfpv3 -mfloat-abi=hard -nostartfiles -Wall -Wextra"
"Running Make include in ps7_cortexa9_0/libsrc/cpu_cortexa9_v2_4/src"
make -C ps7_cortexa9_0/libsrc/cpu_cortexa9_v2_4/src -s include  "SHELL=CMD" "COMPILER=arm-none-eabi-gcc" "ARCHIVER=arm-none-eabi-ar" "COMPILER_FLAGS=  -O2 -c" "EXTRA_COMPILER_FLAGS=-mcpu=cortex-a9 -mfpu=vfpv3 -mfloat-abi=hard -nostartfiles -Wall -Wextra"
"Running Make include in ps7_cortexa9_0/libsrc/ddrps_v1_0/src"
make -C ps7_cortexa9_0/libsrc/ddrps_v1_0/src -s include  "SHELL=CMD" "COMPILER=arm-none-eabi-gcc" "ARCHIVER=arm-none-eabi-ar" "COMPILER_FLAGS=  -O2 -c" "EXTRA_COMPILER_FLAGS=-mcpu=cortex-a9 -mfpu=vfpv3 -mfloat-abi=hard -nostartfiles -Wall -Wextra"
"Running Make include in ps7_cortexa9_0/libsrc/devcfg_v3_4/src"
make -C ps7_cortexa9_0/libsrc/devcfg_v3_4/src -s include  "SHELL=CMD" "COMPILER=arm-none-eabi-gcc" "ARCHIVER=arm-none-eabi-ar" "COMPILER_FLAGS=  -O2 -c" "EXTRA_COMPILER_FLAGS=-mcpu=cortex-a9 -mfpu=vfpv3 -mfloat-abi=hard -nostartfiles -Wall -Wextra"
"Running Make include in ps7_cortexa9_0/libsrc/dmaps_v2_3/src"
make -C ps7_cortexa9_0/libsrc/dmaps_v2_3/src -s include  "SHELL=CMD" "COMPILER=arm-none-eabi-gcc" "ARCHIVER=arm-none-eabi-ar" "COMPILER_FLAGS=  -O2 -c" "EXTRA_COMPILER_FLAGS=-mcpu=cortex-a9 -mfpu=vfpv3 -mfloat-abi=hard -nostartfiles -Wall -Wextra"
"Running Make include in ps7_cortexa9_0/libsrc/emacps_v3_4/src"
make -C ps7_cortexa9_0/libsrc/emacps_v3_4/src -s include  "SHELL=CMD" "COMPILER=arm-none-eabi-gcc" "ARCHIVER=arm-none-eabi-ar" "COMPILER_FLAGS=  -O2 -c" "EXTRA_COMPILER_FLAGS=-mcpu=cortex-a9 -mfpu=vfpv3 -mfloat-abi=hard -nostartfiles -Wall -Wextra"
"Running Make include in ps7_cortexa9_0/libsrc/gpiops_v3_2/src"
make -C ps7_cortexa9_0/libsrc/gpiops_v3_2/src -s include  "SHELL=CMD" "COMPILER=arm-none-eabi-gcc" "ARCHIVER=arm-none-eabi-ar" "COMPILER_FLAGS=  -O2 -c" "EXTRA_COMPILER_FLAGS=-mcpu=cortex-a9 -mfpu=vfpv3 -mfloat-abi=hard -nostartfiles -Wall -Wextra"
"Running Make include in ps7_cortexa9_0/libsrc/lwip141_v1_8/src"
make -C ps7_cortexa9_0/libsrc/lwip141_v1_8/src -s include  "SHELL=CMD" "COMPILER=arm-none-eabi-gcc" "ARCHIVER=arm-none-eabi-ar" "COMPILER_FLAGS=  -O2 -c" "EXTRA_COMPILER_FLAGS=-mcpu=cortex-a9 -mfpu=vfpv3 -mfloat-abi=hard -nostartfiles -Wall -Wextra"
"Running Make include in ps7_cortexa9_0/libsrc/PmodKYPD_v1_0/src"
make -C ps7_cortexa9_0/libsrc/PmodKYPD_v1_0/src -s include  "SHELL=CMD" "COMPILER=arm-none-eabi-gcc" "ARCHIVER=arm-none-eabi-ar" "COMPILER_FLAGS=  -O2 -c" "EXTRA_COMPILER_FLAGS=-mcpu=cortex-a9 -mfpu=vfpv3 -mfloat-abi=hard -nostartfiles -Wall -Wextra"
"Running Make include in ps7_cortexa9_0/libsrc/qspips_v3_3/src"
make -C ps7_cortexa9_0/libsrc/qspips_v3_3/src -s include  "SHELL=CMD" "COMPILER=arm-none-eabi-gcc" "ARCHIVER=arm-none-eabi-ar" "COMPILER_FLAGS=  -O2 -c" "EXTRA_COMPILER_FLAGS=-mcpu=cortex-a9 -mfpu=vfpv3 -mfloat-abi=hard -nostartfiles -Wall -Wextra"
"Running Make include in ps7_cortexa9_0/libsrc/scugic_v3_6/src"
make -C ps7_cortexa9_0/libsrc/scugic_v3_6/src -s include  "SHELL=CMD" "COMPILER=arm-none-eabi-gcc" "ARCHIVER=arm-none-eabi-ar" "COMPILER_FLAGS=  -O2 -c" "EXTRA_COMPILER_FLAGS=-mcpu=cortex-a9 -mfpu=vfpv3 -mfloat-abi=hard -nostartfiles -Wall -Wextra"
"Running Make include in ps7_cortexa9_0/libsrc/scutimer_v2_1/src"
make -C ps7_cortexa9_0/libsrc/scutimer_v2_1/src -s include  "SHELL=CMD" "COMPILER=arm-none-eabi-gcc" "ARCHIVER=arm-none-eabi-ar" "COMPILER_FLAGS=  -O2 -c" "EXTRA_COMPILER_FLAGS=-mcpu=cortex-a9 -mfpu=vfpv3 -mfloat-abi=hard -nostartfiles -Wall -Wextra"
"Running Make include in ps7_cortexa9_0/libsrc/scuwdt_v2_1/src"
make -C ps7_cortexa9_0/libsrc/scuwdt_v2_1/src -s include  "SHELL=CMD" "COMPILER=arm-none-eabi-gcc" "ARCHIVER=arm-none-eabi-ar" "COMPILER_FLAGS=  -O2 -c" "EXTRA_COMPILER_FLAGS=-mcpu=cortex-a9 -mfpu=vfpv3 -mfloat-abi=hard -nostartfiles -Wall -Wextra"
"Running Make include in ps7_cortexa9_0/libsrc/sdps_v3_2/src"
make -C ps7_cortexa9_0/libsrc/sdps_v3_2/src -s include  "SHELL=CMD" "COMPILER=arm-none-eabi-gcc" "ARCHIVER=arm-none-eabi-ar" "COMPILER_FLAGS=  -O2 -c" "EXTRA_COMPILER_FLAGS=-mcpu=cortex-a9 -mfpu=vfpv3 -mfloat-abi=hard -nostartfiles -Wall -Wextra"
"Running Make include in ps7_cortexa9_0/libsrc/standalone_v6_2/src"
make -C ps7_cortexa9_0/libsrc/standalone_v6_2/src -s include  "SHELL=CMD" "COMPILER=arm-none-eabi-gcc" "ARCHIVER=arm-none-eabi-ar" "COMPILER_FLAGS=  -O2 -c" "EXTRA_COMPILER_FLAGS=-mcpu=cortex-a9 -mfpu=vfpv3 -mfloat-abi=hard -nostartfiles -Wall -Wextra"
"Running Make include in ps7_cortexa9_0/libsrc/ttcps_v3_3/src"
make -C ps7_cortexa9_0/libsrc/ttcps_v3_3/src -s include  "SHELL=CMD" "COMPILER=arm-none-eabi-gcc" "ARCHIVER=arm-none-eabi-ar" "COMPILER_FLAGS=  -O2 -c" "EXTRA_COMPILER_FLAGS=-mcpu=cortex-a9 -mfpu=vfpv3 -mfloat-abi=hard -nostartfiles -Wall -Wextra"
"Running Make include in ps7_cortexa9_0/libsrc/uartps_v3_4/src"
make -C ps7_cortexa9_0/libsrc/uartps_v3_4/src -s include  "SHELL=CMD" "COMPILER=arm-none-eabi-gcc" "ARCHIVER=arm-none-eabi-ar" "COMPILER_FLAGS=  -O2 -c" "EXTRA_COMPILER_FLAGS=-mcpu=cortex-a9 -mfpu=vfpv3 -mfloat-abi=hard -nostartfiles -Wall -Wextra"
"Running Make include in ps7_cortexa9_0/libsrc/usbps_v2_4/src"
make -C ps7_cortexa9_0/libsrc/usbps_v2_4/src -s include  "SHELL=CMD" "COMPILER=arm-none-eabi-gcc" "ARCHIVER=arm-none-eabi-ar" "COMPILER_FLAGS=  -O2 -c" "EXTRA_COMPILER_FLAGS=-mcpu=cortex-a9 -mfpu=vfpv3 -mfloat-abi=hard -nostartfiles -Wall -Wextra"
"Running Make include in ps7_cortexa9_0/libsrc/xadcps_v2_2/src"
make -C ps7_cortexa9_0/libsrc/xadcps_v2_2/src -s include  "SHELL=CMD" "COMPILER=arm-none-eabi-gcc" "ARCHIVER=arm-none-eabi-ar" "COMPILER_FLAGS=  -O2 -c" "EXTRA_COMPILER_FLAGS=-mcpu=cortex-a9 -mfpu=vfpv3 -mfloat-abi=hard -nostartfiles -Wall -Wextra"
"Running Make libs in ps7_cortexa9_0/libsrc/Blowfish_encipher_v1_0/src"
make -C ps7_cortexa9_0/libsrc/Blowfish_encipher_v1_0/src -s libs  "SHELL=CMD" "COMPILER=arm-none-eabi-gcc" "ARCHIVER=arm-none-eabi-ar" "COMPILER_FLAGS=  -O2 -c" "EXTRA_COMPILER_FLAGS=-mcpu=cortex-a9 -mfpu=vfpv3 -mfloat-abi=hard -nostartfiles -Wall -Wextra"
"Compiling Blowfish_encipher"
"Running Make libs in ps7_cortexa9_0/libsrc/coresightps_dcc_v1_4/src"
make -C ps7_cortexa9_0/libsrc/coresightps_dcc_v1_4/src -s libs  "SHELL=CMD" "COMPILER=arm-none-eabi-gcc" "ARCHIVER=arm-none-eabi-ar" "COMPILER_FLAGS=  -O2 -c" "EXTRA_COMPILER_FLAGS=-mcpu=cortex-a9 -mfpu=vfpv3 -mfloat-abi=hard -nostartfiles -Wall -Wextra"
"Compiling coresightps_dcc"
"Running Make libs in ps7_cortexa9_0/libsrc/cpu_cortexa9_v2_4/src"
make -C ps7_cortexa9_0/libsrc/cpu_cortexa9_v2_4/src -s libs  "SHELL=CMD" "COMPILER=arm-none-eabi-gcc" "ARCHIVER=arm-none-eabi-ar" "COMPILER_FLAGS=  -O2 -c" "EXTRA_COMPILER_FLAGS=-mcpu=cortex-a9 -mfpu=vfpv3 -mfloat-abi=hard -nostartfiles -Wall -Wextra"
"Compiling cpu_cortexa9"
"Running Make libs in ps7_cortexa9_0/libsrc/ddrps_v1_0/src"
make -C ps7_cortexa9_0/libsrc/ddrps_v1_0/src -s libs  "SHELL=CMD" "COMPILER=arm-none-eabi-gcc" "ARCHIVER=arm-none-eabi-ar" "COMPILER_FLAGS=  -O2 -c" "EXTRA_COMPILER_FLAGS=-mcpu=cortex-a9 -mfpu=vfpv3 -mfloat-abi=hard -nostartfiles -Wall -Wextra"
"Compiling ddrps"
"Running Make libs in ps7_cortexa9_0/libsrc/devcfg_v3_4/src"
make -C ps7_cortexa9_0/libsrc/devcfg_v3_4/src -s libs  "SHELL=CMD" "COMPILER=arm-none-eabi-gcc" "ARCHIVER=arm-none-eabi-ar" "COMPILER_FLAGS=  -O2 -c" "EXTRA_COMPILER_FLAGS=-mcpu=cortex-a9 -mfpu=vfpv3 -mfloat-abi=hard -nostartfiles -Wall -Wextra"
"Compiling devcfg"
"Running Make libs in ps7_cortexa9_0/libsrc/dmaps_v2_3/src"
make -C ps7_cortexa9_0/libsrc/dmaps_v2_3/src -s libs  "SHELL=CMD" "COMPILER=arm-none-eabi-gcc" "ARCHIVER=arm-none-eabi-ar" "COMPILER_FLAGS=  -O2 -c" "EXTRA_COMPILER_FLAGS=-mcpu=cortex-a9 -mfpu=vfpv3 -mfloat-abi=hard -nostartfiles -Wall -Wextra"
"Compiling dmaps"
"Running Make libs in ps7_cortexa9_0/libsrc/emacps_v3_4/src"
make -C ps7_cortexa9_0/libsrc/emacps_v3_4/src -s libs  "SHELL=CMD" "COMPILER=arm-none-eabi-gcc" "ARCHIVER=arm-none-eabi-ar" "COMPILER_FLAGS=  -O2 -c" "EXTRA_COMPILER_FLAGS=-mcpu=cortex-a9 -mfpu=vfpv3 -mfloat-abi=hard -nostartfiles -Wall -Wextra"
"Compiling emacps"
"Running Make libs in ps7_cortexa9_0/libsrc/gpiops_v3_2/src"
make -C ps7_cortexa9_0/libsrc/gpiops_v3_2/src -s libs  "SHELL=CMD" "COMPILER=arm-none-eabi-gcc" "ARCHIVER=arm-none-eabi-ar" "COMPILER_FLAGS=  -O2 -c" "EXTRA_COMPILER_FLAGS=-mcpu=cortex-a9 -mfpu=vfpv3 -mfloat-abi=hard -nostartfiles -Wall -Wextra"
"Compiling gpiops"
"Running Make libs in ps7_cortexa9_0/libsrc/lwip141_v1_8/src"
make -C ps7_cortexa9_0/libsrc/lwip141_v1_8/src -s libs  "SHELL=CMD" "COMPILER=arm-none-eabi-gcc" "ARCHIVER=arm-none-eabi-ar" "COMPILER_FLAGS=  -O2 -c" "EXTRA_COMPILER_FLAGS=-mcpu=cortex-a9 -mfpu=vfpv3 -mfloat-abi=hard -nostartfiles -Wall -Wextra"
"Compiling lwip src and adapter files"
In file included from ../../../include/lwip/ip.h:39:0,
                 from lwip-1.4.1/src/core/ipv4/ip.c:42:
lwip-1.4.1/src/core/ipv4/ip.c: In function 'ip_input':
../../../include/lwip/ip_addr.h:200:39: warning: the comparison will always evaluate as 'false' for the address of 'current_iphdr_src' will never be NULL [-Waddress]
 #define ip_addr_isany(addr1) ((addr1) == NULL || (addr1)->addr == IPADDR_ANY)
                                       ^
lwip-1.4.1/src/core/ipv4/ip.c:473:24: note: in expansion of macro 'ip_addr_isany'
   if (check_ip_src && !ip_addr_isany(&current_iphdr_src))
                        ^
In file included from ../../../include/lwip/netif.h:41:0,
                 from ../../../include/lwip/udp.h:40,
                 from lwip-1.4.1/src/core/dhcp.c:75:
lwip-1.4.1/src/core/dhcp.c: In function 'dhcp_bind':
../../../include/lwip/ip_addr.h:200:39: warning: the comparison will always evaluate as 'false' for the address of 'gw_addr' will never be NULL [-Waddress]
 #define ip_addr_isany(addr1) ((addr1) == NULL || (addr1)->addr == IPADDR_ANY)
                                       ^
lwip-1.4.1/src/core/dhcp.c:987:7: note: in expansion of macro 'ip_addr_isany'
   if (ip_addr_isany(&gw_addr)) {
       ^
In file included from ../../../include/xemacps.h:342:0,
                 from ../../../include/netif/xemacpsif.h:59,
                 from contrib/ports/xilinx/netif/xemacpsif_dma.c:39:
contrib/ports/xilinx/netif/xemacpsif_dma.c: In function 'init_dma':
../../../include/xemacps_bd.h:163:62: warning: 'bdrxterminate' may be used uninitialized in this function [-Wmaybe-uninitialized]
     (*(u32 *)((UINTPTR)(void*)(BaseAddress) + (u32)(Offset)) = (u32)(Data))
                                                              ^
contrib/ports/xilinx/netif/xemacpsif_dma.c:551:14: note: 'bdrxterminate' was declared here
  XEmacPs_Bd *bdrxterminate;
              ^
In file included from ../../../include/xemacps.h:342:0,
                 from ../../../include/netif/xemacpsif.h:59,
                 from contrib/ports/xilinx/netif/xemacpsif_dma.c:39:
../../../include/xemacps_bd.h:126:5: warning: 'bdtxterminate' may be used uninitialized in this function [-Wmaybe-uninitialized]
     memset((BdPtr), 0, sizeof(XEmacPs_Bd))
     ^
contrib/ports/xilinx/netif/xemacpsif_dma.c:550:14: note: 'bdtxterminate' was declared here
  XEmacPs_Bd *bdtxterminate;
              ^
"Running Make libs in ps7_cortexa9_0/libsrc/PmodKYPD_v1_0/src"
make -C ps7_cortexa9_0/libsrc/PmodKYPD_v1_0/src -s libs  "SHELL=CMD" "COMPILER=arm-none-eabi-gcc" "ARCHIVER=arm-none-eabi-ar" "COMPILER_FLAGS=  -O2 -c" "EXTRA_COMPILER_FLAGS=-mcpu=cortex-a9 -mfpu=vfpv3 -mfloat-abi=hard -nostartfiles -Wall -Wextra"
"Compiling PmodKYPD..."
"Running Make libs in ps7_cortexa9_0/libsrc/qspips_v3_3/src"
make -C ps7_cortexa9_0/libsrc/qspips_v3_3/src -s libs  "SHELL=CMD" "COMPILER=arm-none-eabi-gcc" "ARCHIVER=arm-none-eabi-ar" "COMPILER_FLAGS=  -O2 -c" "EXTRA_COMPILER_FLAGS=-mcpu=cortex-a9 -mfpu=vfpv3 -mfloat-abi=hard -nostartfiles -Wall -Wextra"
"Compiling qspips"
"Running Make libs in ps7_cortexa9_0/libsrc/scugic_v3_6/src"
make -C ps7_cortexa9_0/libsrc/scugic_v3_6/src -s libs  "SHELL=CMD" "COMPILER=arm-none-eabi-gcc" "ARCHIVER=arm-none-eabi-ar" "COMPILER_FLAGS=  -O2 -c" "EXTRA_COMPILER_FLAGS=-mcpu=cortex-a9 -mfpu=vfpv3 -mfloat-abi=hard -nostartfiles -Wall -Wextra"
"Compiling scugic"
xscugic_g.c:53:2: warning: missing initializer for field 'HandlerTable' of 'XScuGic_Config {aka struct <anonymous>}' [-Wmissing-field-initializers]
  }
  ^
In file included from xscugic_g.c:41:0:
xscugic.h:217:27: note: 'HandlerTable' declared here
  XScuGic_VectorTableEntry HandlerTable[XSCUGIC_MAX_NUM_INTR_INPUTS];/**<
                           ^~~~~~~~~~~~
"Running Make libs in ps7_cortexa9_0/libsrc/scutimer_v2_1/src"
make -C ps7_cortexa9_0/libsrc/scutimer_v2_1/src -s libs  "SHELL=CMD" "COMPILER=arm-none-eabi-gcc" "ARCHIVER=arm-none-eabi-ar" "COMPILER_FLAGS=  -O2 -c" "EXTRA_COMPILER_FLAGS=-mcpu=cortex-a9 -mfpu=vfpv3 -mfloat-abi=hard -nostartfiles -Wall -Wextra"
"Compiling scutimer"
"Running Make libs in ps7_cortexa9_0/libsrc/scuwdt_v2_1/src"
make -C ps7_cortexa9_0/libsrc/scuwdt_v2_1/src -s libs  "SHELL=CMD" "COMPILER=arm-none-eabi-gcc" "ARCHIVER=arm-none-eabi-ar" "COMPILER_FLAGS=  -O2 -c" "EXTRA_COMPILER_FLAGS=-mcpu=cortex-a9 -mfpu=vfpv3 -mfloat-abi=hard -nostartfiles -Wall -Wextra"
"Compiling scuwdt"
"Running Make libs in ps7_cortexa9_0/libsrc/sdps_v3_2/src"
make -C ps7_cortexa9_0/libsrc/sdps_v3_2/src -s libs  "SHELL=CMD" "COMPILER=arm-none-eabi-gcc" "ARCHIVER=arm-none-eabi-ar" "COMPILER_FLAGS=  -O2 -c" "EXTRA_COMPILER_FLAGS=-mcpu=cortex-a9 -mfpu=vfpv3 -mfloat-abi=hard -nostartfiles -Wall -Wextra"
"Compiling sdps"
"Running Make libs in ps7_cortexa9_0/libsrc/standalone_v6_2/src"
make -C ps7_cortexa9_0/libsrc/standalone_v6_2/src -s libs  "SHELL=CMD" "COMPILER=arm-none-eabi-gcc" "ARCHIVER=arm-none-eabi-ar" "COMPILER_FLAGS=  -O2 -c" "EXTRA_COMPILER_FLAGS=-mcpu=cortex-a9 -mfpu=vfpv3 -mfloat-abi=hard -nostartfiles -Wall -Wextra"
"Compiling standalone"
"Running Make libs in ps7_cortexa9_0/libsrc/ttcps_v3_3/src"
make -C ps7_cortexa9_0/libsrc/ttcps_v3_3/src -s libs  "SHELL=CMD" "COMPILER=arm-none-eabi-gcc" "ARCHIVER=arm-none-eabi-ar" "COMPILER_FLAGS=  -O2 -c" "EXTRA_COMPILER_FLAGS=-mcpu=cortex-a9 -mfpu=vfpv3 -mfloat-abi=hard -nostartfiles -Wall -Wextra"
"Compiling ttcps"
"Running Make libs in ps7_cortexa9_0/libsrc/uartps_v3_4/src"
make -C ps7_cortexa9_0/libsrc/uartps_v3_4/src -s libs  "SHELL=CMD" "COMPILER=arm-none-eabi-gcc" "ARCHIVER=arm-none-eabi-ar" "COMPILER_FLAGS=  -O2 -c" "EXTRA_COMPILER_FLAGS=-mcpu=cortex-a9 -mfpu=vfpv3 -mfloat-abi=hard -nostartfiles -Wall -Wextra"
"Compiling uartps"
"Running Make libs in ps7_cortexa9_0/libsrc/usbps_v2_4/src"
make -C ps7_cortexa9_0/libsrc/usbps_v2_4/src -s libs  "SHELL=CMD" "COMPILER=arm-none-eabi-gcc" "ARCHIVER=arm-none-eabi-ar" "COMPILER_FLAGS=  -O2 -c" "EXTRA_COMPILER_FLAGS=-mcpu=cortex-a9 -mfpu=vfpv3 -mfloat-abi=hard -nostartfiles -Wall -Wextra"
"Compiling usbps"
"Running Make libs in ps7_cortexa9_0/libsrc/xadcps_v2_2/src"
make -C ps7_cortexa9_0/libsrc/xadcps_v2_2/src -s libs  "SHELL=CMD" "COMPILER=arm-none-eabi-gcc" "ARCHIVER=arm-none-eabi-ar" "COMPILER_FLAGS=  -O2 -c" "EXTRA_COMPILER_FLAGS=-mcpu=cortex-a9 -mfpu=vfpv3 -mfloat-abi=hard -nostartfiles -Wall -Wextra"
"Compiling xadcps"
'Finished building libraries'
16:16:36 **** Build of configuration Debug for project Project ****
make pre-build main-build 
a9-linaro-pre-build-step
' '
'Building file: ../src/PmodKYPD.c'
'Invoking: ARM v7 gcc compiler'
arm-none-eabi-gcc -Wall -O0 -g3 -c -fmessage-length=0 -MT"src/PmodKYPD.o" -mcpu=cortex-a9 -mfpu=vfpv3 -mfloat-abi=hard -I../../Project_bsp/ps7_cortexa9_0/include -MMD -MP -MF"src/PmodKYPD.d" -MT"src/PmodKYPD.o" -o "src/PmodKYPD.o" "../src/PmodKYPD.c"
'Finished building: ../src/PmodKYPD.c'
' '
'Building file: ../src/echo.c'
'Invoking: ARM v7 gcc compiler'
arm-none-eabi-gcc -Wall -O0 -g3 -c -fmessage-length=0 -MT"src/echo.o" -mcpu=cortex-a9 -mfpu=vfpv3 -mfloat-abi=hard -I../../Project_bsp/ps7_cortexa9_0/include -MMD -MP -MF"src/echo.d" -MT"src/echo.o" -o "src/echo.o" "../src/echo.c"
../src/echo.c: In function 'start_UDP':
../src/echo.c:101:3: warning: implicit declaration of function 'usleep' [-Wimplicit-function-declaration]
   usleep(1000);
   ^~~~~~
../src/echo.c:108:2: warning: implicit declaration of function 'sleep' [-Wimplicit-function-declaration]
  sleep(5);
  ^~~~~
'Finished building: ../src/echo.c'
' '
'Building file: ../src/functions_4261.c'
'Invoking: ARM v7 gcc compiler'
arm-none-eabi-gcc -Wall -O0 -g3 -c -fmessage-length=0 -MT"src/functions_4261.o" -mcpu=cortex-a9 -mfpu=vfpv3 -mfloat-abi=hard -I../../Project_bsp/ps7_cortexa9_0/include -MMD -MP -MF"src/functions_4261.d" -MT"src/functions_4261.o" -o "src/functions_4261.o" "../src/functions_4261.c"
'Finished building: ../src/functions_4261.c'
' '
'Building file: ../src/i2c_access.c'
'Invoking: ARM v7 gcc compiler'
arm-none-eabi-gcc -Wall -O0 -g3 -c -fmessage-length=0 -MT"src/i2c_access.o" -mcpu=cortex-a9 -mfpu=vfpv3 -mfloat-abi=hard -I../../Project_bsp/ps7_cortexa9_0/include -MMD -MP -MF"src/i2c_access.d" -MT"src/i2c_access.o" -o "src/i2c_access.o" "../src/i2c_access.c"
'Finished building: ../src/i2c_access.c'
' '
'Building file: ../src/iic_phyreset.c'
'Invoking: ARM v7 gcc compiler'
arm-none-eabi-gcc -Wall -O0 -g3 -c -fmessage-length=0 -MT"src/iic_phyreset.o" -mcpu=cortex-a9 -mfpu=vfpv3 -mfloat-abi=hard -I../../Project_bsp/ps7_cortexa9_0/include -MMD -MP -MF"src/iic_phyreset.d" -MT"src/iic_phyreset.o" -o "src/iic_phyreset.o" "../src/iic_phyreset.c"
'Finished building: ../src/iic_phyreset.c'
' '
'Building file: ../src/main.c'
'Invoking: ARM v7 gcc compiler'
arm-none-eabi-gcc -Wall -O0 -g3 -c -fmessage-length=0 -MT"src/main.o" -mcpu=cortex-a9 -mfpu=vfpv3 -mfloat-abi=hard -I../../Project_bsp/ps7_cortexa9_0/include -MMD -MP -MF"src/main.d" -MT"src/main.o" -o "src/main.o" "../src/main.c"
In file included from ../src/main.c:101:0:
../src/BLOWFISH.C:36:1: warning: missing braces around initializer [-Wmissing-braces]
 {
 ^
../src/BLOWFISH.C:36:1: note: (near initialization for 'S')
In file included from ../src/main.c:101:0:
../src/BLOWFISH.C: In function 'opensubkeyfile':
../src/BLOWFISH.C:57:21: warning: implicit declaration of function 'open' [-Wimplicit-function-declaration]
    if((SubkeyFile = open(subkeyfilename,"rb")) == NULL) {
                     ^~~~
../src/BLOWFISH.C:57:19: warning: assignment makes pointer from integer without a cast [-Wint-conversion]
    if((SubkeyFile = open(subkeyfilename,"rb")) == NULL) {
                   ^
../src/BLOWFISH.C: In function 'InitializeBlowfish':
../src/BLOWFISH.C:154:19: warning: variable 'numread' set but not used [-Wunused-but-set-variable]
    short          numread;
                   ^~~~~~~
../src/main.c: In function 'main':
../src/main.c:237:2: error: a label can only be part of a statement and a declaration is not a statement
  char *encrypted_message;
  ^~~~
../src/main.c:250:12: warning: assignment from incompatible pointer type [-Wincompatible-pointer-types]
  int_array = data_array;
            ^
../src/main.c:263:22: warning: passing argument 1 of 'Blowfish_encipher' from incompatible pointer type [-Wincompatible-pointer-types]
    Blowfish_encipher(temp1,temp12);
                      ^~~~~
In file included from ../src/main.c:101:0:
../src/BLOWFISH.C:87:6: note: expected 'long unsigned int *' but argument is of type 'int *'
 void Blowfish_encipher(unsigned long *xl, unsigned long *xr)
      ^~~~~~~~~~~~~~~~~
../src/main.c:263:28: warning: passing argument 2 of 'Blowfish_encipher' from incompatible pointer type [-Wincompatible-pointer-types]
    Blowfish_encipher(temp1,temp12);
                            ^~~~~~
In file included from ../src/main.c:101:0:
../src/BLOWFISH.C:87:6: note: expected 'long unsigned int *' but argument is of type 'int *'
 void Blowfish_encipher(unsigned long *xl, unsigned long *xr)
      ^~~~~~~~~~~~~~~~~
../src/main.c:264:30: warning: passing argument 2 of 'strcat' from incompatible pointer type [-Wincompatible-pointer-types]
    strcat(encrypted_message, temp1);
                              ^~~~~
In file included from c:\xilinx2017.1\sdk\2017.1\gnu\aarch32\nt\gcc-arm-none-eabi\arm-none-eabi\libc\usr\include\ctype.h:4:0,
                 from ../../Project_bsp/ps7_cortexa9_0/include/xil_printf.h:8,
                 from ../../Project_bsp/ps7_cortexa9_0/include/xil_io.h:65,
                 from ../src/PmodKYPD.h:30,
                 from ../src/main.c:36:
c:\xilinx2017.1\sdk\2017.1\gnu\aarch32\nt\gcc-arm-none-eabi\arm-none-eabi\libc\usr\include\string.h:26:8: note: expected 'const char * restrict' but argument is of type 'int *'
 char  *_EXFUN(strcat,(char *__restrict, const char *__restrict));
        ^
../src/main.c:265:30: warning: passing argument 2 of 'strcat' from incompatible pointer type [-Wincompatible-pointer-types]
    strcat(encrypted_message, temp12);
                              ^~~~~~
In file included from c:\xilinx2017.1\sdk\2017.1\gnu\aarch32\nt\gcc-arm-none-eabi\arm-none-eabi\libc\usr\include\ctype.h:4:0,
                 from ../../Project_bsp/ps7_cortexa9_0/include/xil_printf.h:8,
                 from ../../Project_bsp/ps7_cortexa9_0/include/xil_io.h:65,
                 from ../src/PmodKYPD.h:30,
                 from ../src/main.c:36:
c:\xilinx2017.1\sdk\2017.1\gnu\aarch32\nt\gcc-arm-none-eabi\arm-none-eabi\libc\usr\include\string.h:26:8: note: expected 'const char * restrict' but argument is of type 'int *'
 char  *_EXFUN(strcat,(char *__restrict, const char *__restrict));
        ^
../src/main.c:273:13: warning: assignment from incompatible pointer type [-Wincompatible-pointer-types]
   int_array = encrypted_message;
             ^
../src/main.c:281:22: warning: passing argument 1 of 'Blowfish_decipher' from incompatible pointer type [-Wincompatible-pointer-types]
    Blowfish_decipher(temp1,temp12);
                      ^~~~~
In file included from ../src/main.c:101:0:
../src/BLOWFISH.C:117:6: note: expected 'long unsigned int *' but argument is of type 'int *'
 void Blowfish_decipher(unsigned long *xl, unsigned long *xr)
      ^~~~~~~~~~~~~~~~~
../src/main.c:281:28: warning: passing argument 2 of 'Blowfish_decipher' from incompatible pointer type [-Wincompatible-pointer-types]
    Blowfish_decipher(temp1,temp12);
                            ^~~~~~
In file included from ../src/main.c:101:0:
../src/BLOWFISH.C:117:6: note: expected 'long unsigned int *' but argument is of type 'int *'
 void Blowfish_decipher(unsigned long *xl, unsigned long *xr)
      ^~~~~~~~~~~~~~~~~
../src/main.c:282:30: warning: passing argument 2 of 'strcat' from incompatible pointer type [-Wincompatible-pointer-types]
    strcat(decrypted_message, temp1);
                              ^~~~~
In file included from c:\xilinx2017.1\sdk\2017.1\gnu\aarch32\nt\gcc-arm-none-eabi\arm-none-eabi\libc\usr\include\ctype.h:4:0,
                 from ../../Project_bsp/ps7_cortexa9_0/include/xil_printf.h:8,
                 from ../../Project_bsp/ps7_cortexa9_0/include/xil_io.h:65,
                 from ../src/PmodKYPD.h:30,
                 from ../src/main.c:36:
c:\xilinx2017.1\sdk\2017.1\gnu\aarch32\nt\gcc-arm-none-eabi\arm-none-eabi\libc\usr\include\string.h:26:8: note: expected 'const char * restrict' but argument is of type 'int *'
 char  *_EXFUN(strcat,(char *__restrict, const char *__restrict));
        ^
../src/main.c:283:30: warning: passing argument 2 of 'strcat' from incompatible pointer type [-Wincompatible-pointer-types]
    strcat(decrypted_message, temp12);
                              ^~~~~~
In file included from c:\xilinx2017.1\sdk\2017.1\gnu\aarch32\nt\gcc-arm-none-eabi\arm-none-eabi\libc\usr\include\ctype.h:4:0,
                 from ../../Project_bsp/ps7_cortexa9_0/include/xil_printf.h:8,
                 from ../../Project_bsp/ps7_cortexa9_0/include/xil_io.h:65,
                 from ../src/PmodKYPD.h:30,
                 from ../src/main.c:36:
c:\xilinx2017.1\sdk\2017.1\gnu\aarch32\nt\gcc-arm-none-eabi\arm-none-eabi\libc\usr\include\string.h:26:8: note: expected 'const char * restrict' but argument is of type 'int *'
 char  *_EXFUN(strcat,(char *__restrict, const char *__restrict));
        ^
../src/main.c:314:29: warning: passing argument 2 of 'strcat' from incompatible pointer type [-Wincompatible-pointer-types]
   strcat(decrypted_message, temp1);
                             ^~~~~
In file included from c:\xilinx2017.1\sdk\2017.1\gnu\aarch32\nt\gcc-arm-none-eabi\arm-none-eabi\libc\usr\include\ctype.h:4:0,
                 from ../../Project_bsp/ps7_cortexa9_0/include/xil_printf.h:8,
                 from ../../Project_bsp/ps7_cortexa9_0/include/xil_io.h:65,
                 from ../src/PmodKYPD.h:30,
                 from ../src/main.c:36:
c:\xilinx2017.1\sdk\2017.1\gnu\aarch32\nt\gcc-arm-none-eabi\arm-none-eabi\libc\usr\include\string.h:26:8: note: expected 'const char * restrict' but argument is of type 'int *'
 char  *_EXFUN(strcat,(char *__restrict, const char *__restrict));
        ^
../src/main.c:315:29: warning: passing argument 2 of 'strcat' from incompatible pointer type [-Wincompatible-pointer-types]
   strcat(decrypted_message, temp12);
                             ^~~~~~
In file included from c:\xilinx2017.1\sdk\2017.1\gnu\aarch32\nt\gcc-arm-none-eabi\arm-none-eabi\libc\usr\include\ctype.h:4:0,
                 from ../../Project_bsp/ps7_cortexa9_0/include/xil_printf.h:8,
                 from ../../Project_bsp/ps7_cortexa9_0/include/xil_io.h:65,
                 from ../src/PmodKYPD.h:30,
                 from ../src/main.c:36:
c:\xilinx2017.1\sdk\2017.1\gnu\aarch32\nt\gcc-arm-none-eabi\arm-none-eabi\libc\usr\include\string.h:26:8: note: expected 'const char * restrict' but argument is of type 'int *'
 char  *_EXFUN(strcat,(char *__restrict, const char *__restrict));
        ^
make: *** [src/main.o] Error 1
16:17:28 **** Auto Build of configuration Debug for project Project ****
make pre-build main-build 
a9-linaro-pre-build-step
' '
'Building file: ../src/main.c'
'Invoking: ARM v7 gcc compiler'
arm-none-eabi-gcc -Wall -O0 -g3 -c -fmessage-length=0 -MT"src/main.o" -mcpu=cortex-a9 -mfpu=vfpv3 -mfloat-abi=hard -I../../Project_bsp/ps7_cortexa9_0/include -MMD -MP -MF"src/main.d" -MT"src/main.o" -o "src/main.o" "../src/main.c"
In file included from ../src/main.c:101:0:
../src/BLOWFISH.C:36:1: warning: missing braces around initializer [-Wmissing-braces]
 {
 ^
../src/BLOWFISH.C:36:1: note: (near initialization for 'S')
In file included from ../src/main.c:101:0:
../src/BLOWFISH.C: In function 'opensubkeyfile':
../src/BLOWFISH.C:57:21: warning: implicit declaration of function 'open' [-Wimplicit-function-declaration]
    if((SubkeyFile = open(subkeyfilename,"rb")) == NULL) {
                     ^~~~
../src/BLOWFISH.C:57:19: warning: assignment makes pointer from integer without a cast [-Wint-conversion]
    if((SubkeyFile = open(subkeyfilename,"rb")) == NULL) {
                   ^
../src/BLOWFISH.C: In function 'InitializeBlowfish':
../src/BLOWFISH.C:154:19: warning: variable 'numread' set but not used [-Wunused-but-set-variable]
    short          numread;
                   ^~~~~~~
../src/main.c: In function 'main':
../src/main.c:237:2: error: a label can only be part of a statement and a declaration is not a statement
  char *encrypted_message;
  ^~~~
../src/main.c:250:12: warning: assignment from incompatible pointer type [-Wincompatible-pointer-types]
  int_array = data_array;
            ^
../src/main.c:263:22: warning: passing argument 1 of 'Blowfish_encipher' from incompatible pointer type [-Wincompatible-pointer-types]
    Blowfish_encipher(temp1,temp12);
                      ^~~~~
In file included from ../src/main.c:101:0:
../src/BLOWFISH.C:87:6: note: expected 'long unsigned int *' but argument is of type 'int *'
 void Blowfish_encipher(unsigned long *xl, unsigned long *xr)
      ^~~~~~~~~~~~~~~~~
../src/main.c:263:28: warning: passing argument 2 of 'Blowfish_encipher' from incompatible pointer type [-Wincompatible-pointer-types]
    Blowfish_encipher(temp1,temp12);
                            ^~~~~~
In file included from ../src/main.c:101:0:
../src/BLOWFISH.C:87:6: note: expected 'long unsigned int *' but argument is of type 'int *'
 void Blowfish_encipher(unsigned long *xl, unsigned long *xr)
      ^~~~~~~~~~~~~~~~~
../src/main.c:264:30: warning: passing argument 2 of 'strcat' from incompatible pointer type [-Wincompatible-pointer-types]
    strcat(encrypted_message, temp1);
                              ^~~~~
In file included from c:\xilinx2017.1\sdk\2017.1\gnu\aarch32\nt\gcc-arm-none-eabi\arm-none-eabi\libc\usr\include\ctype.h:4:0,
                 from ../../Project_bsp/ps7_cortexa9_0/include/xil_printf.h:8,
                 from ../../Project_bsp/ps7_cortexa9_0/include/xil_io.h:65,
                 from ../src/PmodKYPD.h:30,
                 from ../src/main.c:36:
c:\xilinx2017.1\sdk\2017.1\gnu\aarch32\nt\gcc-arm-none-eabi\arm-none-eabi\libc\usr\include\string.h:26:8: note: expected 'const char * restrict' but argument is of type 'int *'
 char  *_EXFUN(strcat,(char *__restrict, const char *__restrict));
        ^
../src/main.c:265:30: warning: passing argument 2 of 'strcat' from incompatible pointer type [-Wincompatible-pointer-types]
    strcat(encrypted_message, temp12);
                              ^~~~~~
In file included from c:\xilinx2017.1\sdk\2017.1\gnu\aarch32\nt\gcc-arm-none-eabi\arm-none-eabi\libc\usr\include\ctype.h:4:0,
                 from ../../Project_bsp/ps7_cortexa9_0/include/xil_printf.h:8,
                 from ../../Project_bsp/ps7_cortexa9_0/include/xil_io.h:65,
                 from ../src/PmodKYPD.h:30,
                 from ../src/main.c:36:
c:\xilinx2017.1\sdk\2017.1\gnu\aarch32\nt\gcc-arm-none-eabi\arm-none-eabi\libc\usr\include\string.h:26:8: note: expected 'const char * restrict' but argument is of type 'int *'
 char  *_EXFUN(strcat,(char *__restrict, const char *__restrict));
        ^
../src/main.c:273:13: warning: assignment from incompatible pointer type [-Wincompatible-pointer-types]
   int_array = encrypted_message;
             ^
../src/main.c:281:22: warning: passing argument 1 of 'Blowfish_decipher' from incompatible pointer type [-Wincompatible-pointer-types]
    Blowfish_decipher(temp1,temp12);
                      ^~~~~
In file included from ../src/main.c:101:0:
../src/BLOWFISH.C:117:6: note: expected 'long unsigned int *' but argument is of type 'int *'
 void Blowfish_decipher(unsigned long *xl, unsigned long *xr)
      ^~~~~~~~~~~~~~~~~
../src/main.c:281:28: warning: passing argument 2 of 'Blowfish_decipher' from incompatible pointer type [-Wincompatible-pointer-types]
    Blowfish_decipher(temp1,temp12);
                            ^~~~~~
In file included from ../src/main.c:101:0:
../src/BLOWFISH.C:117:6: note: expected 'long unsigned int *' but argument is of type 'int *'
 void Blowfish_decipher(unsigned long *xl, unsigned long *xr)
      ^~~~~~~~~~~~~~~~~
../src/main.c:282:30: warning: passing argument 2 of 'strcat' from incompatible pointer type [-Wincompatible-pointer-types]
    strcat(decrypted_message, temp1);
                              ^~~~~
In file included from c:\xilinx2017.1\sdk\2017.1\gnu\aarch32\nt\gcc-arm-none-eabi\arm-none-eabi\libc\usr\include\ctype.h:4:0,
                 from ../../Project_bsp/ps7_cortexa9_0/include/xil_printf.h:8,
                 from ../../Project_bsp/ps7_cortexa9_0/include/xil_io.h:65,
                 from ../src/PmodKYPD.h:30,
                 from ../src/main.c:36:
c:\xilinx2017.1\sdk\2017.1\gnu\aarch32\nt\gcc-arm-none-eabi\arm-none-eabi\libc\usr\include\string.h:26:8: note: expected 'const char * restrict' but argument is of type 'int *'
 char  *_EXFUN(strcat,(char *__restrict, const char *__restrict));
        ^
../src/main.c:283:30: warning: passing argument 2 of 'strcat' from incompatible pointer type [-Wincompatible-pointer-types]
    strcat(decrypted_message, temp12);
                              ^~~~~~
In file included from c:\xilinx2017.1\sdk\2017.1\gnu\aarch32\nt\gcc-arm-none-eabi\arm-none-eabi\libc\usr\include\ctype.h:4:0,
                 from ../../Project_bsp/ps7_cortexa9_0/include/xil_printf.h:8,
                 from ../../Project_bsp/ps7_cortexa9_0/include/xil_io.h:65,
                 from ../src/PmodKYPD.h:30,
                 from ../src/main.c:36:
c:\xilinx2017.1\sdk\2017.1\gnu\aarch32\nt\gcc-arm-none-eabi\arm-none-eabi\libc\usr\include\string.h:26:8: note: expected 'const char * restrict' but argument is of type 'int *'
 char  *_EXFUN(strcat,(char *__restrict, const char *__restrict));
        ^
../src/main.c:314:29: warning: passing argument 2 of 'strcat' from incompatible pointer type [-Wincompatible-pointer-types]
   strcat(decrypted_message, temp1);
                             ^~~~~
In file included from c:\xilinx2017.1\sdk\2017.1\gnu\aarch32\nt\gcc-arm-none-eabi\arm-none-eabi\libc\usr\include\ctype.h:4:0,
                 from ../../Project_bsp/ps7_cortexa9_0/include/xil_printf.h:8,
                 from ../../Project_bsp/ps7_cortexa9_0/include/xil_io.h:65,
                 from ../src/PmodKYPD.h:30,
                 from ../src/main.c:36:
c:\xilinx2017.1\sdk\2017.1\gnu\aarch32\nt\gcc-arm-none-eabi\arm-none-eabi\libc\usr\include\string.h:26:8: note: expected 'const char * restrict' but argument is of type 'int *'
 char  *_EXFUN(strcat,(char *__restrict, const char *__restrict));
        ^
../src/main.c:315:29: warning: passing argument 2 of 'strcat' from incompatible pointer type [-Wincompatible-pointer-types]
   strcat(decrypted_message, temp12);
                             ^~~~~~
In file included from c:\xilinx2017.1\sdk\2017.1\gnu\aarch32\nt\gcc-arm-none-eabi\arm-none-eabi\libc\usr\include\ctype.h:4:0,
                 from ../../Project_bsp/ps7_cortexa9_0/include/xil_printf.h:8,
                 from ../../Project_bsp/ps7_cortexa9_0/include/xil_io.h:65,
                 from ../src/PmodKYPD.h:30,
                 from ../src/main.c:36:
c:\xilinx2017.1\sdk\2017.1\gnu\aarch32\nt\gcc-arm-none-eabi\arm-none-eabi\libc\usr\include\string.h:26:8: note: expected 'const char * restrict' but argument is of type 'int *'
 char  *_EXFUN(strcat,(char *__restrict, const char *__restrict));
        ^
make: *** [src/main.o] Error 1
16:17:28 **** Incremental Build of configuration Debug for project Project ****
make pre-build main-build 
a9-linaro-pre-build-step
' '
'Building file: ../src/main.c'
'Invoking: ARM v7 gcc compiler'
arm-none-eabi-gcc -Wall -O0 -g3 -c -fmessage-length=0 -MT"src/main.o" -mcpu=cortex-a9 -mfpu=vfpv3 -mfloat-abi=hard -I../../Project_bsp/ps7_cortexa9_0/include -MMD -MP -MF"src/main.d" -MT"src/main.o" -o "src/main.o" "../src/main.c"
In file included from ../src/main.c:101:0:
../src/BLOWFISH.C:36:1: warning: missing braces around initializer [-Wmissing-braces]
 {
 ^
../src/BLOWFISH.C:36:1: note: (near initialization for 'S')
In file included from ../src/main.c:101:0:
../src/BLOWFISH.C: In function 'opensubkeyfile':
../src/BLOWFISH.C:57:21: warning: implicit declaration of function 'open' [-Wimplicit-function-declaration]
    if((SubkeyFile = open(subkeyfilename,"rb")) == NULL) {
                     ^~~~
../src/BLOWFISH.C:57:19: warning: assignment makes pointer from integer without a cast [-Wint-conversion]
    if((SubkeyFile = open(subkeyfilename,"rb")) == NULL) {
                   ^
../src/BLOWFISH.C: In function 'InitializeBlowfish':
../src/BLOWFISH.C:154:19: warning: variable 'numread' set but not used [-Wunused-but-set-variable]
    short          numread;
                   ^~~~~~~
../src/main.c: In function 'main':
../src/main.c:237:2: error: a label can only be part of a statement and a declaration is not a statement
  char *encrypted_message;
  ^~~~
../src/main.c:250:12: warning: assignment from incompatible pointer type [-Wincompatible-pointer-types]
  int_array = data_array;
            ^
../src/main.c:263:22: warning: passing argument 1 of 'Blowfish_encipher' from incompatible pointer type [-Wincompatible-pointer-types]
    Blowfish_encipher(temp1,temp12);
                      ^~~~~
In file included from ../src/main.c:101:0:
../src/BLOWFISH.C:87:6: note: expected 'long unsigned int *' but argument is of type 'int *'
 void Blowfish_encipher(unsigned long *xl, unsigned long *xr)
      ^~~~~~~~~~~~~~~~~
../src/main.c:263:28: warning: passing argument 2 of 'Blowfish_encipher' from incompatible pointer type [-Wincompatible-pointer-types]
    Blowfish_encipher(temp1,temp12);
                            ^~~~~~
In file included from ../src/main.c:101:0:
../src/BLOWFISH.C:87:6: note: expected 'long unsigned int *' but argument is of type 'int *'
 void Blowfish_encipher(unsigned long *xl, unsigned long *xr)
      ^~~~~~~~~~~~~~~~~
../src/main.c:264:30: warning: passing argument 2 of 'strcat' from incompatible pointer type [-Wincompatible-pointer-types]
    strcat(encrypted_message, temp1);
                              ^~~~~
In file included from c:\xilinx2017.1\sdk\2017.1\gnu\aarch32\nt\gcc-arm-none-eabi\arm-none-eabi\libc\usr\include\ctype.h:4:0,
                 from ../../Project_bsp/ps7_cortexa9_0/include/xil_printf.h:8,
                 from ../../Project_bsp/ps7_cortexa9_0/include/xil_io.h:65,
                 from ../src/PmodKYPD.h:30,
                 from ../src/main.c:36:
c:\xilinx2017.1\sdk\2017.1\gnu\aarch32\nt\gcc-arm-none-eabi\arm-none-eabi\libc\usr\include\string.h:26:8: note: expected 'const char * restrict' but argument is of type 'int *'
 char  *_EXFUN(strcat,(char *__restrict, const char *__restrict));
        ^
../src/main.c:265:30: warning: passing argument 2 of 'strcat' from incompatible pointer type [-Wincompatible-pointer-types]
    strcat(encrypted_message, temp12);
                              ^~~~~~
In file included from c:\xilinx2017.1\sdk\2017.1\gnu\aarch32\nt\gcc-arm-none-eabi\arm-none-eabi\libc\usr\include\ctype.h:4:0,
                 from ../../Project_bsp/ps7_cortexa9_0/include/xil_printf.h:8,
                 from ../../Project_bsp/ps7_cortexa9_0/include/xil_io.h:65,
                 from ../src/PmodKYPD.h:30,
                 from ../src/main.c:36:
c:\xilinx2017.1\sdk\2017.1\gnu\aarch32\nt\gcc-arm-none-eabi\arm-none-eabi\libc\usr\include\string.h:26:8: note: expected 'const char * restrict' but argument is of type 'int *'
 char  *_EXFUN(strcat,(char *__restrict, const char *__restrict));
        ^
../src/main.c:273:13: warning: assignment from incompatible pointer type [-Wincompatible-pointer-types]
   int_array = encrypted_message;
             ^
../src/main.c:281:22: warning: passing argument 1 of 'Blowfish_decipher' from incompatible pointer type [-Wincompatible-pointer-types]
    Blowfish_decipher(temp1,temp12);
                      ^~~~~
In file included from ../src/main.c:101:0:
../src/BLOWFISH.C:117:6: note: expected 'long unsigned int *' but argument is of type 'int *'
 void Blowfish_decipher(unsigned long *xl, unsigned long *xr)
      ^~~~~~~~~~~~~~~~~
../src/main.c:281:28: warning: passing argument 2 of 'Blowfish_decipher' from incompatible pointer type [-Wincompatible-pointer-types]
    Blowfish_decipher(temp1,temp12);
                            ^~~~~~
In file included from ../src/main.c:101:0:
../src/BLOWFISH.C:117:6: note: expected 'long unsigned int *' but argument is of type 'int *'
 void Blowfish_decipher(unsigned long *xl, unsigned long *xr)
      ^~~~~~~~~~~~~~~~~
../src/main.c:282:30: warning: passing argument 2 of 'strcat' from incompatible pointer type [-Wincompatible-pointer-types]
    strcat(decrypted_message, temp1);
                              ^~~~~
In file included from c:\xilinx2017.1\sdk\2017.1\gnu\aarch32\nt\gcc-arm-none-eabi\arm-none-eabi\libc\usr\include\ctype.h:4:0,
                 from ../../Project_bsp/ps7_cortexa9_0/include/xil_printf.h:8,
                 from ../../Project_bsp/ps7_cortexa9_0/include/xil_io.h:65,
                 from ../src/PmodKYPD.h:30,
                 from ../src/main.c:36:
c:\xilinx2017.1\sdk\2017.1\gnu\aarch32\nt\gcc-arm-none-eabi\arm-none-eabi\libc\usr\include\string.h:26:8: note: expected 'const char * restrict' but argument is of type 'int *'
 char  *_EXFUN(strcat,(char *__restrict, const char *__restrict));
        ^
../src/main.c:283:30: warning: passing argument 2 of 'strcat' from incompatible pointer type [-Wincompatible-pointer-types]
    strcat(decrypted_message, temp12);
                              ^~~~~~
In file included from c:\xilinx2017.1\sdk\2017.1\gnu\aarch32\nt\gcc-arm-none-eabi\arm-none-eabi\libc\usr\include\ctype.h:4:0,
                 from ../../Project_bsp/ps7_cortexa9_0/include/xil_printf.h:8,
                 from ../../Project_bsp/ps7_cortexa9_0/include/xil_io.h:65,
                 from ../src/PmodKYPD.h:30,
                 from ../src/main.c:36:
c:\xilinx2017.1\sdk\2017.1\gnu\aarch32\nt\gcc-arm-none-eabi\arm-none-eabi\libc\usr\include\string.h:26:8: note: expected 'const char * restrict' but argument is of type 'int *'
 char  *_EXFUN(strcat,(char *__restrict, const char *__restrict));
        ^
../src/main.c:314:29: warning: passing argument 2 of 'strcat' from incompatible pointer type [-Wincompatible-pointer-types]
   strcat(decrypted_message, temp1);
                             ^~~~~
In file included from c:\xilinx2017.1\sdk\2017.1\gnu\aarch32\nt\gcc-arm-none-eabi\arm-none-eabi\libc\usr\include\ctype.h:4:0,
                 from ../../Project_bsp/ps7_cortexa9_0/include/xil_printf.h:8,
                 from ../../Project_bsp/ps7_cortexa9_0/include/xil_io.h:65,
                 from ../src/PmodKYPD.h:30,
                 from ../src/main.c:36:
c:\xilinx2017.1\sdk\2017.1\gnu\aarch32\nt\gcc-arm-none-eabi\arm-none-eabi\libc\usr\include\string.h:26:8: note: expected 'const char * restrict' but argument is of type 'int *'
 char  *_EXFUN(strcat,(char *__restrict, const char *__restrict));
        ^
../src/main.c:315:29: warning: passing argument 2 of 'strcat' from incompatible pointer type [-Wincompatible-pointer-types]
   strcat(decrypted_message, temp12);
                             ^~~~~~
In file included from c:\xilinx2017.1\sdk\2017.1\gnu\aarch32\nt\gcc-arm-none-eabi\arm-none-eabi\libc\usr\include\ctype.h:4:0,
                 from ../../Project_bsp/ps7_cortexa9_0/include/xil_printf.h:8,
                 from ../../Project_bsp/ps7_cortexa9_0/include/xil_io.h:65,
                 from ../src/PmodKYPD.h:30,
                 from ../src/main.c:36:
c:\xilinx2017.1\sdk\2017.1\gnu\aarch32\nt\gcc-arm-none-eabi\arm-none-eabi\libc\usr\include\string.h:26:8: note: expected 'const char * restrict' but argument is of type 'int *'
 char  *_EXFUN(strcat,(char *__restrict, const char *__restrict));
        ^
make: *** [src/main.o] Error 1
16:17:57 **** Auto Build of configuration Debug for project Project ****
make pre-build main-build 
a9-linaro-pre-build-step
' '
'Building file: ../src/main.c'
'Invoking: ARM v7 gcc compiler'
arm-none-eabi-gcc -Wall -O0 -g3 -c -fmessage-length=0 -MT"src/main.o" -mcpu=cortex-a9 -mfpu=vfpv3 -mfloat-abi=hard -I../../Project_bsp/ps7_cortexa9_0/include -MMD -MP -MF"src/main.d" -MT"src/main.o" -o "src/main.o" "../src/main.c"
In file included from ../src/main.c:101:0:
../src/BLOWFISH.C:36:1: warning: missing braces around initializer [-Wmissing-braces]
 {
 ^
../src/BLOWFISH.C:36:1: note: (near initialization for 'S')
In file included from ../src/main.c:101:0:
../src/BLOWFISH.C: In function 'opensubkeyfile':
../src/BLOWFISH.C:57:21: warning: implicit declaration of function 'open' [-Wimplicit-function-declaration]
    if((SubkeyFile = open(subkeyfilename,"rb")) == NULL) {
                     ^~~~
../src/BLOWFISH.C:57:19: warning: assignment makes pointer from integer without a cast [-Wint-conversion]
    if((SubkeyFile = open(subkeyfilename,"rb")) == NULL) {
                   ^
../src/BLOWFISH.C: In function 'InitializeBlowfish':
../src/BLOWFISH.C:154:19: warning: variable 'numread' set but not used [-Wunused-but-set-variable]
    short          numread;
                   ^~~~~~~
../src/main.c: In function 'main':
../src/main.c:252:12: warning: assignment from incompatible pointer type [-Wincompatible-pointer-types]
  int_array = data_array;
            ^
../src/main.c:265:22: warning: passing argument 1 of 'Blowfish_encipher' from incompatible pointer type [-Wincompatible-pointer-types]
    Blowfish_encipher(temp1,temp12);
                      ^~~~~
In file included from ../src/main.c:101:0:
../src/BLOWFISH.C:87:6: note: expected 'long unsigned int *' but argument is of type 'int *'
 void Blowfish_encipher(unsigned long *xl, unsigned long *xr)
      ^~~~~~~~~~~~~~~~~
../src/main.c:265:28: warning: passing argument 2 of 'Blowfish_encipher' from incompatible pointer type [-Wincompatible-pointer-types]
    Blowfish_encipher(temp1,temp12);
                            ^~~~~~
In file included from ../src/main.c:101:0:
../src/BLOWFISH.C:87:6: note: expected 'long unsigned int *' but argument is of type 'int *'
 void Blowfish_encipher(unsigned long *xl, unsigned long *xr)
      ^~~~~~~~~~~~~~~~~
../src/main.c:266:30: warning: passing argument 2 of 'strcat' from incompatible pointer type [-Wincompatible-pointer-types]
    strcat(encrypted_message, temp1);
                              ^~~~~
In file included from c:\xilinx2017.1\sdk\2017.1\gnu\aarch32\nt\gcc-arm-none-eabi\arm-none-eabi\libc\usr\include\ctype.h:4:0,
                 from ../../Project_bsp/ps7_cortexa9_0/include/xil_printf.h:8,
                 from ../../Project_bsp/ps7_cortexa9_0/include/xil_io.h:65,
                 from ../src/PmodKYPD.h:30,
                 from ../src/main.c:36:
c:\xilinx2017.1\sdk\2017.1\gnu\aarch32\nt\gcc-arm-none-eabi\arm-none-eabi\libc\usr\include\string.h:26:8: note: expected 'const char * restrict' but argument is of type 'int *'
 char  *_EXFUN(strcat,(char *__restrict, const char *__restrict));
        ^
../src/main.c:267:30: warning: passing argument 2 of 'strcat' from incompatible pointer type [-Wincompatible-pointer-types]
    strcat(encrypted_message, temp12);
                              ^~~~~~
In file included from c:\xilinx2017.1\sdk\2017.1\gnu\aarch32\nt\gcc-arm-none-eabi\arm-none-eabi\libc\usr\include\ctype.h:4:0,
                 from ../../Project_bsp/ps7_cortexa9_0/include/xil_printf.h:8,
                 from ../../Project_bsp/ps7_cortexa9_0/include/xil_io.h:65,
                 from ../src/PmodKYPD.h:30,
                 from ../src/main.c:36:
c:\xilinx2017.1\sdk\2017.1\gnu\aarch32\nt\gcc-arm-none-eabi\arm-none-eabi\libc\usr\include\string.h:26:8: note: expected 'const char * restrict' but argument is of type 'int *'
 char  *_EXFUN(strcat,(char *__restrict, const char *__restrict));
        ^
../src/main.c:275:13: warning: assignment from incompatible pointer type [-Wincompatible-pointer-types]
   int_array = encrypted_message;
             ^
../src/main.c:283:22: warning: passing argument 1 of 'Blowfish_decipher' from incompatible pointer type [-Wincompatible-pointer-types]
    Blowfish_decipher(temp1,temp12);
                      ^~~~~
In file included from ../src/main.c:101:0:
../src/BLOWFISH.C:117:6: note: expected 'long unsigned int *' but argument is of type 'int *'
 void Blowfish_decipher(unsigned long *xl, unsigned long *xr)
      ^~~~~~~~~~~~~~~~~
../src/main.c:283:28: warning: passing argument 2 of 'Blowfish_decipher' from incompatible pointer type [-Wincompatible-pointer-types]
    Blowfish_decipher(temp1,temp12);
                            ^~~~~~
In file included from ../src/main.c:101:0:
../src/BLOWFISH.C:117:6: note: expected 'long unsigned int *' but argument is of type 'int *'
 void Blowfish_decipher(unsigned long *xl, unsigned long *xr)
      ^~~~~~~~~~~~~~~~~
../src/main.c:284:30: warning: passing argument 2 of 'strcat' from incompatible pointer type [-Wincompatible-pointer-types]
    strcat(decrypted_message, temp1);
                              ^~~~~
In file included from c:\xilinx2017.1\sdk\2017.1\gnu\aarch32\nt\gcc-arm-none-eabi\arm-none-eabi\libc\usr\include\ctype.h:4:0,
                 from ../../Project_bsp/ps7_cortexa9_0/include/xil_printf.h:8,
                 from ../../Project_bsp/ps7_cortexa9_0/include/xil_io.h:65,
                 from ../src/PmodKYPD.h:30,
                 from ../src/main.c:36:
c:\xilinx2017.1\sdk\2017.1\gnu\aarch32\nt\gcc-arm-none-eabi\arm-none-eabi\libc\usr\include\string.h:26:8: note: expected 'const char * restrict' but argument is of type 'int *'
 char  *_EXFUN(strcat,(char *__restrict, const char *__restrict));
        ^
../src/main.c:285:30: warning: passing argument 2 of 'strcat' from incompatible pointer type [-Wincompatible-pointer-types]
    strcat(decrypted_message, temp12);
                              ^~~~~~
In file included from c:\xilinx2017.1\sdk\2017.1\gnu\aarch32\nt\gcc-arm-none-eabi\arm-none-eabi\libc\usr\include\ctype.h:4:0,
                 from ../../Project_bsp/ps7_cortexa9_0/include/xil_printf.h:8,
                 from ../../Project_bsp/ps7_cortexa9_0/include/xil_io.h:65,
                 from ../src/PmodKYPD.h:30,
                 from ../src/main.c:36:
c:\xilinx2017.1\sdk\2017.1\gnu\aarch32\nt\gcc-arm-none-eabi\arm-none-eabi\libc\usr\include\string.h:26:8: note: expected 'const char * restrict' but argument is of type 'int *'
 char  *_EXFUN(strcat,(char *__restrict, const char *__restrict));
        ^
../src/main.c:316:29: warning: passing argument 2 of 'strcat' from incompatible pointer type [-Wincompatible-pointer-types]
   strcat(decrypted_message, temp1);
                             ^~~~~
In file included from c:\xilinx2017.1\sdk\2017.1\gnu\aarch32\nt\gcc-arm-none-eabi\arm-none-eabi\libc\usr\include\ctype.h:4:0,
                 from ../../Project_bsp/ps7_cortexa9_0/include/xil_printf.h:8,
                 from ../../Project_bsp/ps7_cortexa9_0/include/xil_io.h:65,
                 from ../src/PmodKYPD.h:30,
                 from ../src/main.c:36:
c:\xilinx2017.1\sdk\2017.1\gnu\aarch32\nt\gcc-arm-none-eabi\arm-none-eabi\libc\usr\include\string.h:26:8: note: expected 'const char * restrict' but argument is of type 'int *'
 char  *_EXFUN(strcat,(char *__restrict, const char *__restrict));
        ^
../src/main.c:317:29: warning: passing argument 2 of 'strcat' from incompatible pointer type [-Wincompatible-pointer-types]
   strcat(decrypted_message, temp12);
                             ^~~~~~
In file included from c:\xilinx2017.1\sdk\2017.1\gnu\aarch32\nt\gcc-arm-none-eabi\arm-none-eabi\libc\usr\include\ctype.h:4:0,
                 from ../../Project_bsp/ps7_cortexa9_0/include/xil_printf.h:8,
                 from ../../Project_bsp/ps7_cortexa9_0/include/xil_io.h:65,
                 from ../src/PmodKYPD.h:30,
                 from ../src/main.c:36:
c:\xilinx2017.1\sdk\2017.1\gnu\aarch32\nt\gcc-arm-none-eabi\arm-none-eabi\libc\usr\include\string.h:26:8: note: expected 'const char * restrict' but argument is of type 'int *'
 char  *_EXFUN(strcat,(char *__restrict, const char *__restrict));
        ^
In file included from ../src/main.c:101:0:
../src/main.c: In function 'InitializeBlowfish':
../src/BLOWFISH.C:198:11: warning: 'data' may be used uninitialized in this function [-Wmaybe-uninitialized]
      P[i] = data;
      ~~~~~^~~~~~
'Finished building: ../src/main.c'
' '
'Building file: ../src/platform.c'
'Invoking: ARM v7 gcc compiler'
arm-none-eabi-gcc -Wall -O0 -g3 -c -fmessage-length=0 -MT"src/platform.o" -mcpu=cortex-a9 -mfpu=vfpv3 -mfloat-abi=hard -I../../Project_bsp/ps7_cortexa9_0/include -MMD -MP -MF"src/platform.d" -MT"src/platform.o" -o "src/platform.o" "../src/platform.c"
'Finished building: ../src/platform.c'
' '
'Building file: ../src/platform_mb.c'
'Invoking: ARM v7 gcc compiler'
arm-none-eabi-gcc -Wall -O0 -g3 -c -fmessage-length=0 -MT"src/platform_mb.o" -mcpu=cortex-a9 -mfpu=vfpv3 -mfloat-abi=hard -I../../Project_bsp/ps7_cortexa9_0/include -MMD -MP -MF"src/platform_mb.d" -MT"src/platform_mb.o" -o "src/platform_mb.o" "../src/platform_mb.c"
'Finished building: ../src/platform_mb.c'
' '
'Building file: ../src/platform_ppc.c'
'Invoking: ARM v7 gcc compiler'
arm-none-eabi-gcc -Wall -O0 -g3 -c -fmessage-length=0 -MT"src/platform_ppc.o" -mcpu=cortex-a9 -mfpu=vfpv3 -mfloat-abi=hard -I../../Project_bsp/ps7_cortexa9_0/include -MMD -MP -MF"src/platform_ppc.d" -MT"src/platform_ppc.o" -o "src/platform_ppc.o" "../src/platform_ppc.c"
'Finished building: ../src/platform_ppc.c'
' '
'Building file: ../src/platform_zynq.c'
'Invoking: ARM v7 gcc compiler'
arm-none-eabi-gcc -Wall -O0 -g3 -c -fmessage-length=0 -MT"src/platform_zynq.o" -mcpu=cortex-a9 -mfpu=vfpv3 -mfloat-abi=hard -I../../Project_bsp/ps7_cortexa9_0/include -MMD -MP -MF"src/platform_zynq.d" -MT"src/platform_zynq.o" -o "src/platform_zynq.o" "../src/platform_zynq.c"
'Finished building: ../src/platform_zynq.c'
' '
'Building file: ../src/platform_zynqmp.c'
'Invoking: ARM v7 gcc compiler'
arm-none-eabi-gcc -Wall -O0 -g3 -c -fmessage-length=0 -MT"src/platform_zynqmp.o" -mcpu=cortex-a9 -mfpu=vfpv3 -mfloat-abi=hard -I../../Project_bsp/ps7_cortexa9_0/include -MMD -MP -MF"src/platform_zynqmp.d" -MT"src/platform_zynqmp.o" -o "src/platform_zynqmp.o" "../src/platform_zynqmp.c"
'Finished building: ../src/platform_zynqmp.c'
' '
'Building file: ../src/sfp.c'
'Invoking: ARM v7 gcc compiler'
arm-none-eabi-gcc -Wall -O0 -g3 -c -fmessage-length=0 -MT"src/sfp.o" -mcpu=cortex-a9 -mfpu=vfpv3 -mfloat-abi=hard -I../../Project_bsp/ps7_cortexa9_0/include -MMD -MP -MF"src/sfp.d" -MT"src/sfp.o" -o "src/sfp.o" "../src/sfp.c"
'Finished building: ../src/sfp.c'
' '
'Building file: ../src/si5324.c'
'Invoking: ARM v7 gcc compiler'
arm-none-eabi-gcc -Wall -O0 -g3 -c -fmessage-length=0 -MT"src/si5324.o" -mcpu=cortex-a9 -mfpu=vfpv3 -mfloat-abi=hard -I../../Project_bsp/ps7_cortexa9_0/include -MMD -MP -MF"src/si5324.d" -MT"src/si5324.o" -o "src/si5324.o" "../src/si5324.c"
'Finished building: ../src/si5324.c'
' '
'Building target: Project.elf'
'Invoking: ARM v7 gcc linker'
arm-none-eabi-gcc -mcpu=cortex-a9 -mfpu=vfpv3 -mfloat-abi=hard -Wl,-build-id=none -specs=Xilinx.spec -Wl,-T -Wl,../src/lscript.ld -L../../Project_bsp/ps7_cortexa9_0/lib -o "Project.elf"  ./src/PmodKYPD.o ./src/echo.o ./src/functions_4261.o ./src/i2c_access.o ./src/iic_phyreset.o ./src/main.o ./src/platform.o ./src/platform_mb.o ./src/platform_ppc.o ./src/platform_zynq.o ./src/platform_zynqmp.o ./src/sfp.o ./src/si5324.o   -Wl,--start-group,-lxil,-lgcc,-lc,--end-group -Wl,--start-group,-lxil,-llwip4,-lgcc,-lc,--end-group
'Finished building target: Project.elf'
' '
'Invoking: ARM v7 Print Size'
arm-none-eabi-size Project.elf  |tee "Project.elf.size"
   text	   data	    bss	    dec	    hex	filename
 154360	   8408	2218272	2381040	 2454f0	Project.elf
'Finished building: Project.elf.size'
' '
16:18:00 **** Incremental Build of configuration Debug for project Project ****
make pre-build main-build 
a9-linaro-pre-build-step
' '
make: Nothing to be done for `main-build'.
16:18:41 **** Auto Build of configuration Debug for project Project ****
make pre-build main-build 
a9-linaro-pre-build-step
' '
'Building file: ../src/main.c'
'Invoking: ARM v7 gcc compiler'
arm-none-eabi-gcc -Wall -O0 -g3 -c -fmessage-length=0 -MT"src/main.o" -mcpu=cortex-a9 -mfpu=vfpv3 -mfloat-abi=hard -I../../Project_bsp/ps7_cortexa9_0/include -MMD -MP -MF"src/main.d" -MT"src/main.o" -o "src/main.o" "../src/main.c"
In file included from ../src/main.c:101:0:
../src/BLOWFISH.C:36:1: warning: missing braces around initializer [-Wmissing-braces]
 {
 ^
../src/BLOWFISH.C:36:1: note: (near initialization for 'S')
In file included from ../src/main.c:101:0:
../src/BLOWFISH.C: In function 'opensubkeyfile':
../src/BLOWFISH.C:57:21: warning: implicit declaration of function 'open' [-Wimplicit-function-declaration]
    if((SubkeyFile = open(subkeyfilename,"rb")) == NULL) {
                     ^~~~
../src/BLOWFISH.C:57:19: warning: assignment makes pointer from integer without a cast [-Wint-conversion]
    if((SubkeyFile = open(subkeyfilename,"rb")) == NULL) {
                   ^
../src/BLOWFISH.C: In function 'InitializeBlowfish':
../src/BLOWFISH.C:154:19: warning: variable 'numread' set but not used [-Wunused-but-set-variable]
    short          numread;
                   ^~~~~~~
../src/main.c: In function 'main':
../src/main.c:237:11: error: a label can only be part of a statement and a declaration is not a statement
  restart: char *encrypted_message;
           ^~~~
../src/main.c:250:12: warning: assignment from incompatible pointer type [-Wincompatible-pointer-types]
  int_array = data_array;
            ^
../src/main.c:263:22: warning: passing argument 1 of 'Blowfish_encipher' from incompatible pointer type [-Wincompatible-pointer-types]
    Blowfish_encipher(temp1,temp12);
                      ^~~~~
In file included from ../src/main.c:101:0:
../src/BLOWFISH.C:87:6: note: expected 'long unsigned int *' but argument is of type 'int *'
 void Blowfish_encipher(unsigned long *xl, unsigned long *xr)
      ^~~~~~~~~~~~~~~~~
../src/main.c:263:28: warning: passing argument 2 of 'Blowfish_encipher' from incompatible pointer type [-Wincompatible-pointer-types]
    Blowfish_encipher(temp1,temp12);
                            ^~~~~~
In file included from ../src/main.c:101:0:
../src/BLOWFISH.C:87:6: note: expected 'long unsigned int *' but argument is of type 'int *'
 void Blowfish_encipher(unsigned long *xl, unsigned long *xr)
      ^~~~~~~~~~~~~~~~~
../src/main.c:264:30: warning: passing argument 2 of 'strcat' from incompatible pointer type [-Wincompatible-pointer-types]
    strcat(encrypted_message, temp1);
                              ^~~~~
In file included from c:\xilinx2017.1\sdk\2017.1\gnu\aarch32\nt\gcc-arm-none-eabi\arm-none-eabi\libc\usr\include\ctype.h:4:0,
                 from ../../Project_bsp/ps7_cortexa9_0/include/xil_printf.h:8,
                 from ../../Project_bsp/ps7_cortexa9_0/include/xil_io.h:65,
                 from ../src/PmodKYPD.h:30,
                 from ../src/main.c:36:
c:\xilinx2017.1\sdk\2017.1\gnu\aarch32\nt\gcc-arm-none-eabi\arm-none-eabi\libc\usr\include\string.h:26:8: note: expected 'const char * restrict' but argument is of type 'int *'
 char  *_EXFUN(strcat,(char *__restrict, const char *__restrict));
        ^
../src/main.c:265:30: warning: passing argument 2 of 'strcat' from incompatible pointer type [-Wincompatible-pointer-types]
    strcat(encrypted_message, temp12);
                              ^~~~~~
In file included from c:\xilinx2017.1\sdk\2017.1\gnu\aarch32\nt\gcc-arm-none-eabi\arm-none-eabi\libc\usr\include\ctype.h:4:0,
                 from ../../Project_bsp/ps7_cortexa9_0/include/xil_printf.h:8,
                 from ../../Project_bsp/ps7_cortexa9_0/include/xil_io.h:65,
                 from ../src/PmodKYPD.h:30,
                 from ../src/main.c:36:
c:\xilinx2017.1\sdk\2017.1\gnu\aarch32\nt\gcc-arm-none-eabi\arm-none-eabi\libc\usr\include\string.h:26:8: note: expected 'const char * restrict' but argument is of type 'int *'
 char  *_EXFUN(strcat,(char *__restrict, const char *__restrict));
        ^
../src/main.c:273:13: warning: assignment from incompatible pointer type [-Wincompatible-pointer-types]
   int_array = encrypted_message;
             ^
../src/main.c:281:22: warning: passing argument 1 of 'Blowfish_decipher' from incompatible pointer type [-Wincompatible-pointer-types]
    Blowfish_decipher(temp1,temp12);
                      ^~~~~
In file included from ../src/main.c:101:0:
../src/BLOWFISH.C:117:6: note: expected 'long unsigned int *' but argument is of type 'int *'
 void Blowfish_decipher(unsigned long *xl, unsigned long *xr)
      ^~~~~~~~~~~~~~~~~
../src/main.c:281:28: warning: passing argument 2 of 'Blowfish_decipher' from incompatible pointer type [-Wincompatible-pointer-types]
    Blowfish_decipher(temp1,temp12);
                            ^~~~~~
In file included from ../src/main.c:101:0:
../src/BLOWFISH.C:117:6: note: expected 'long unsigned int *' but argument is of type 'int *'
 void Blowfish_decipher(unsigned long *xl, unsigned long *xr)
      ^~~~~~~~~~~~~~~~~
../src/main.c:282:30: warning: passing argument 2 of 'strcat' from incompatible pointer type [-Wincompatible-pointer-types]
    strcat(decrypted_message, temp1);
                              ^~~~~
In file included from c:\xilinx2017.1\sdk\2017.1\gnu\aarch32\nt\gcc-arm-none-eabi\arm-none-eabi\libc\usr\include\ctype.h:4:0,
                 from ../../Project_bsp/ps7_cortexa9_0/include/xil_printf.h:8,
                 from ../../Project_bsp/ps7_cortexa9_0/include/xil_io.h:65,
                 from ../src/PmodKYPD.h:30,
                 from ../src/main.c:36:
c:\xilinx2017.1\sdk\2017.1\gnu\aarch32\nt\gcc-arm-none-eabi\arm-none-eabi\libc\usr\include\string.h:26:8: note: expected 'const char * restrict' but argument is of type 'int *'
 char  *_EXFUN(strcat,(char *__restrict, const char *__restrict));
        ^
../src/main.c:283:30: warning: passing argument 2 of 'strcat' from incompatible pointer type [-Wincompatible-pointer-types]
    strcat(decrypted_message, temp12);
                              ^~~~~~
In file included from c:\xilinx2017.1\sdk\2017.1\gnu\aarch32\nt\gcc-arm-none-eabi\arm-none-eabi\libc\usr\include\ctype.h:4:0,
                 from ../../Project_bsp/ps7_cortexa9_0/include/xil_printf.h:8,
                 from ../../Project_bsp/ps7_cortexa9_0/include/xil_io.h:65,
                 from ../src/PmodKYPD.h:30,
                 from ../src/main.c:36:
c:\xilinx2017.1\sdk\2017.1\gnu\aarch32\nt\gcc-arm-none-eabi\arm-none-eabi\libc\usr\include\string.h:26:8: note: expected 'const char * restrict' but argument is of type 'int *'
 char  *_EXFUN(strcat,(char *__restrict, const char *__restrict));
        ^
../src/main.c:314:29: warning: passing argument 2 of 'strcat' from incompatible pointer type [-Wincompatible-pointer-types]
   strcat(decrypted_message, temp1);
                             ^~~~~
In file included from c:\xilinx2017.1\sdk\2017.1\gnu\aarch32\nt\gcc-arm-none-eabi\arm-none-eabi\libc\usr\include\ctype.h:4:0,
                 from ../../Project_bsp/ps7_cortexa9_0/include/xil_printf.h:8,
                 from ../../Project_bsp/ps7_cortexa9_0/include/xil_io.h:65,
                 from ../src/PmodKYPD.h:30,
                 from ../src/main.c:36:
c:\xilinx2017.1\sdk\2017.1\gnu\aarch32\nt\gcc-arm-none-eabi\arm-none-eabi\libc\usr\include\string.h:26:8: note: expected 'const char * restrict' but argument is of type 'int *'
 char  *_EXFUN(strcat,(char *__restrict, const char *__restrict));
        ^
../src/main.c:315:29: warning: passing argument 2 of 'strcat' from incompatible pointer type [-Wincompatible-pointer-types]
   strcat(decrypted_message, temp12);
                             ^~~~~~
In file included from c:\xilinx2017.1\sdk\2017.1\gnu\aarch32\nt\gcc-arm-none-eabi\arm-none-eabi\libc\usr\include\ctype.h:4:0,
                 from ../../Project_bsp/ps7_cortexa9_0/include/xil_printf.h:8,
                 from ../../Project_bsp/ps7_cortexa9_0/include/xil_io.h:65,
                 from ../src/PmodKYPD.h:30,
                 from ../src/main.c:36:
c:\xilinx2017.1\sdk\2017.1\gnu\aarch32\nt\gcc-arm-none-eabi\arm-none-eabi\libc\usr\include\string.h:26:8: note: expected 'const char * restrict' but argument is of type 'int *'
 char  *_EXFUN(strcat,(char *__restrict, const char *__restrict));
        ^
make: *** [src/main.o] Error 1
16:18:42 **** Incremental Build of configuration Debug for project Project ****
make pre-build main-build 
a9-linaro-pre-build-step
' '
'Building file: ../src/main.c'
'Invoking: ARM v7 gcc compiler'
arm-none-eabi-gcc -Wall -O0 -g3 -c -fmessage-length=0 -MT"src/main.o" -mcpu=cortex-a9 -mfpu=vfpv3 -mfloat-abi=hard -I../../Project_bsp/ps7_cortexa9_0/include -MMD -MP -MF"src/main.d" -MT"src/main.o" -o "src/main.o" "../src/main.c"
In file included from ../src/main.c:101:0:
../src/BLOWFISH.C:36:1: warning: missing braces around initializer [-Wmissing-braces]
 {
 ^
../src/BLOWFISH.C:36:1: note: (near initialization for 'S')
In file included from ../src/main.c:101:0:
../src/BLOWFISH.C: In function 'opensubkeyfile':
../src/BLOWFISH.C:57:21: warning: implicit declaration of function 'open' [-Wimplicit-function-declaration]
    if((SubkeyFile = open(subkeyfilename,"rb")) == NULL) {
                     ^~~~
../src/BLOWFISH.C:57:19: warning: assignment makes pointer from integer without a cast [-Wint-conversion]
    if((SubkeyFile = open(subkeyfilename,"rb")) == NULL) {
                   ^
../src/BLOWFISH.C: In function 'InitializeBlowfish':
../src/BLOWFISH.C:154:19: warning: variable 'numread' set but not used [-Wunused-but-set-variable]
    short          numread;
                   ^~~~~~~
../src/main.c: In function 'main':
../src/main.c:237:11: error: a label can only be part of a statement and a declaration is not a statement
  restart: char *encrypted_message;
           ^~~~
../src/main.c:250:12: warning: assignment from incompatible pointer type [-Wincompatible-pointer-types]
  int_array = data_array;
            ^
../src/main.c:263:22: warning: passing argument 1 of 'Blowfish_encipher' from incompatible pointer type [-Wincompatible-pointer-types]
    Blowfish_encipher(temp1,temp12);
                      ^~~~~
In file included from ../src/main.c:101:0:
../src/BLOWFISH.C:87:6: note: expected 'long unsigned int *' but argument is of type 'int *'
 void Blowfish_encipher(unsigned long *xl, unsigned long *xr)
      ^~~~~~~~~~~~~~~~~
../src/main.c:263:28: warning: passing argument 2 of 'Blowfish_encipher' from incompatible pointer type [-Wincompatible-pointer-types]
    Blowfish_encipher(temp1,temp12);
                            ^~~~~~
In file included from ../src/main.c:101:0:
../src/BLOWFISH.C:87:6: note: expected 'long unsigned int *' but argument is of type 'int *'
 void Blowfish_encipher(unsigned long *xl, unsigned long *xr)
      ^~~~~~~~~~~~~~~~~
../src/main.c:264:30: warning: passing argument 2 of 'strcat' from incompatible pointer type [-Wincompatible-pointer-types]
    strcat(encrypted_message, temp1);
                              ^~~~~
In file included from c:\xilinx2017.1\sdk\2017.1\gnu\aarch32\nt\gcc-arm-none-eabi\arm-none-eabi\libc\usr\include\ctype.h:4:0,
                 from ../../Project_bsp/ps7_cortexa9_0/include/xil_printf.h:8,
                 from ../../Project_bsp/ps7_cortexa9_0/include/xil_io.h:65,
                 from ../src/PmodKYPD.h:30,
                 from ../src/main.c:36:
c:\xilinx2017.1\sdk\2017.1\gnu\aarch32\nt\gcc-arm-none-eabi\arm-none-eabi\libc\usr\include\string.h:26:8: note: expected 'const char * restrict' but argument is of type 'int *'
 char  *_EXFUN(strcat,(char *__restrict, const char *__restrict));
        ^
../src/main.c:265:30: warning: passing argument 2 of 'strcat' from incompatible pointer type [-Wincompatible-pointer-types]
    strcat(encrypted_message, temp12);
                              ^~~~~~
In file included from c:\xilinx2017.1\sdk\2017.1\gnu\aarch32\nt\gcc-arm-none-eabi\arm-none-eabi\libc\usr\include\ctype.h:4:0,
                 from ../../Project_bsp/ps7_cortexa9_0/include/xil_printf.h:8,
                 from ../../Project_bsp/ps7_cortexa9_0/include/xil_io.h:65,
                 from ../src/PmodKYPD.h:30,
                 from ../src/main.c:36:
c:\xilinx2017.1\sdk\2017.1\gnu\aarch32\nt\gcc-arm-none-eabi\arm-none-eabi\libc\usr\include\string.h:26:8: note: expected 'const char * restrict' but argument is of type 'int *'
 char  *_EXFUN(strcat,(char *__restrict, const char *__restrict));
        ^
../src/main.c:273:13: warning: assignment from incompatible pointer type [-Wincompatible-pointer-types]
   int_array = encrypted_message;
             ^
../src/main.c:281:22: warning: passing argument 1 of 'Blowfish_decipher' from incompatible pointer type [-Wincompatible-pointer-types]
    Blowfish_decipher(temp1,temp12);
                      ^~~~~
In file included from ../src/main.c:101:0:
../src/BLOWFISH.C:117:6: note: expected 'long unsigned int *' but argument is of type 'int *'
 void Blowfish_decipher(unsigned long *xl, unsigned long *xr)
      ^~~~~~~~~~~~~~~~~
../src/main.c:281:28: warning: passing argument 2 of 'Blowfish_decipher' from incompatible pointer type [-Wincompatible-pointer-types]
    Blowfish_decipher(temp1,temp12);
                            ^~~~~~
In file included from ../src/main.c:101:0:
../src/BLOWFISH.C:117:6: note: expected 'long unsigned int *' but argument is of type 'int *'
 void Blowfish_decipher(unsigned long *xl, unsigned long *xr)
      ^~~~~~~~~~~~~~~~~
../src/main.c:282:30: warning: passing argument 2 of 'strcat' from incompatible pointer type [-Wincompatible-pointer-types]
    strcat(decrypted_message, temp1);
                              ^~~~~
In file included from c:\xilinx2017.1\sdk\2017.1\gnu\aarch32\nt\gcc-arm-none-eabi\arm-none-eabi\libc\usr\include\ctype.h:4:0,
                 from ../../Project_bsp/ps7_cortexa9_0/include/xil_printf.h:8,
                 from ../../Project_bsp/ps7_cortexa9_0/include/xil_io.h:65,
                 from ../src/PmodKYPD.h:30,
                 from ../src/main.c:36:
c:\xilinx2017.1\sdk\2017.1\gnu\aarch32\nt\gcc-arm-none-eabi\arm-none-eabi\libc\usr\include\string.h:26:8: note: expected 'const char * restrict' but argument is of type 'int *'
 char  *_EXFUN(strcat,(char *__restrict, const char *__restrict));
        ^
../src/main.c:283:30: warning: passing argument 2 of 'strcat' from incompatible pointer type [-Wincompatible-pointer-types]
    strcat(decrypted_message, temp12);
                              ^~~~~~
In file included from c:\xilinx2017.1\sdk\2017.1\gnu\aarch32\nt\gcc-arm-none-eabi\arm-none-eabi\libc\usr\include\ctype.h:4:0,
                 from ../../Project_bsp/ps7_cortexa9_0/include/xil_printf.h:8,
                 from ../../Project_bsp/ps7_cortexa9_0/include/xil_io.h:65,
                 from ../src/PmodKYPD.h:30,
                 from ../src/main.c:36:
c:\xilinx2017.1\sdk\2017.1\gnu\aarch32\nt\gcc-arm-none-eabi\arm-none-eabi\libc\usr\include\string.h:26:8: note: expected 'const char * restrict' but argument is of type 'int *'
 char  *_EXFUN(strcat,(char *__restrict, const char *__restrict));
        ^
../src/main.c:314:29: warning: passing argument 2 of 'strcat' from incompatible pointer type [-Wincompatible-pointer-types]
   strcat(decrypted_message, temp1);
                             ^~~~~
In file included from c:\xilinx2017.1\sdk\2017.1\gnu\aarch32\nt\gcc-arm-none-eabi\arm-none-eabi\libc\usr\include\ctype.h:4:0,
                 from ../../Project_bsp/ps7_cortexa9_0/include/xil_printf.h:8,
                 from ../../Project_bsp/ps7_cortexa9_0/include/xil_io.h:65,
                 from ../src/PmodKYPD.h:30,
                 from ../src/main.c:36:
c:\xilinx2017.1\sdk\2017.1\gnu\aarch32\nt\gcc-arm-none-eabi\arm-none-eabi\libc\usr\include\string.h:26:8: note: expected 'const char * restrict' but argument is of type 'int *'
 char  *_EXFUN(strcat,(char *__restrict, const char *__restrict));
        ^
../src/main.c:315:29: warning: passing argument 2 of 'strcat' from incompatible pointer type [-Wincompatible-pointer-types]
   strcat(decrypted_message, temp12);
                             ^~~~~~
In file included from c:\xilinx2017.1\sdk\2017.1\gnu\aarch32\nt\gcc-arm-none-eabi\arm-none-eabi\libc\usr\include\ctype.h:4:0,
                 from ../../Project_bsp/ps7_cortexa9_0/include/xil_printf.h:8,
                 from ../../Project_bsp/ps7_cortexa9_0/include/xil_io.h:65,
                 from ../src/PmodKYPD.h:30,
                 from ../src/main.c:36:
c:\xilinx2017.1\sdk\2017.1\gnu\aarch32\nt\gcc-arm-none-eabi\arm-none-eabi\libc\usr\include\string.h:26:8: note: expected 'const char * restrict' but argument is of type 'int *'
 char  *_EXFUN(strcat,(char *__restrict, const char *__restrict));
        ^
make: *** [src/main.o] Error 1
16:19:11 **** Auto Build of configuration Debug for project Project ****
make pre-build main-build 
a9-linaro-pre-build-step
' '
'Building file: ../src/main.c'
'Invoking: ARM v7 gcc compiler'
arm-none-eabi-gcc -Wall -O0 -g3 -c -fmessage-length=0 -MT"src/main.o" -mcpu=cortex-a9 -mfpu=vfpv3 -mfloat-abi=hard -I../../Project_bsp/ps7_cortexa9_0/include -MMD -MP -MF"src/main.d" -MT"src/main.o" -o "src/main.o" "../src/main.c"
In file included from ../src/main.c:101:0:
../src/BLOWFISH.C:36:1: warning: missing braces around initializer [-Wmissing-braces]
 {
 ^
../src/BLOWFISH.C:36:1: note: (near initialization for 'S')
In file included from ../src/main.c:101:0:
../src/BLOWFISH.C: In function 'opensubkeyfile':
../src/BLOWFISH.C:57:21: warning: implicit declaration of function 'open' [-Wimplicit-function-declaration]
    if((SubkeyFile = open(subkeyfilename,"rb")) == NULL) {
                     ^~~~
../src/BLOWFISH.C:57:19: warning: assignment makes pointer from integer without a cast [-Wint-conversion]
    if((SubkeyFile = open(subkeyfilename,"rb")) == NULL) {
                   ^
../src/BLOWFISH.C: In function 'InitializeBlowfish':
../src/BLOWFISH.C:154:19: warning: variable 'numread' set but not used [-Wunused-but-set-variable]
    short          numread;
                   ^~~~~~~
../src/main.c: In function 'main':
../src/main.c:251:12: warning: assignment from incompatible pointer type [-Wincompatible-pointer-types]
  int_array = data_array;
            ^
../src/main.c:264:22: warning: passing argument 1 of 'Blowfish_encipher' from incompatible pointer type [-Wincompatible-pointer-types]
    Blowfish_encipher(temp1,temp12);
                      ^~~~~
In file included from ../src/main.c:101:0:
../src/BLOWFISH.C:87:6: note: expected 'long unsigned int *' but argument is of type 'int *'
 void Blowfish_encipher(unsigned long *xl, unsigned long *xr)
      ^~~~~~~~~~~~~~~~~
../src/main.c:264:28: warning: passing argument 2 of 'Blowfish_encipher' from incompatible pointer type [-Wincompatible-pointer-types]
    Blowfish_encipher(temp1,temp12);
                            ^~~~~~
In file included from ../src/main.c:101:0:
../src/BLOWFISH.C:87:6: note: expected 'long unsigned int *' but argument is of type 'int *'
 void Blowfish_encipher(unsigned long *xl, unsigned long *xr)
      ^~~~~~~~~~~~~~~~~
../src/main.c:265:30: warning: passing argument 2 of 'strcat' from incompatible pointer type [-Wincompatible-pointer-types]
    strcat(encrypted_message, temp1);
                              ^~~~~
In file included from c:\xilinx2017.1\sdk\2017.1\gnu\aarch32\nt\gcc-arm-none-eabi\arm-none-eabi\libc\usr\include\ctype.h:4:0,
                 from ../../Project_bsp/ps7_cortexa9_0/include/xil_printf.h:8,
                 from ../../Project_bsp/ps7_cortexa9_0/include/xil_io.h:65,
                 from ../src/PmodKYPD.h:30,
                 from ../src/main.c:36:
c:\xilinx2017.1\sdk\2017.1\gnu\aarch32\nt\gcc-arm-none-eabi\arm-none-eabi\libc\usr\include\string.h:26:8: note: expected 'const char * restrict' but argument is of type 'int *'
 char  *_EXFUN(strcat,(char *__restrict, const char *__restrict));
        ^
../src/main.c:266:30: warning: passing argument 2 of 'strcat' from incompatible pointer type [-Wincompatible-pointer-types]
    strcat(encrypted_message, temp12);
                              ^~~~~~
In file included from c:\xilinx2017.1\sdk\2017.1\gnu\aarch32\nt\gcc-arm-none-eabi\arm-none-eabi\libc\usr\include\ctype.h:4:0,
                 from ../../Project_bsp/ps7_cortexa9_0/include/xil_printf.h:8,
                 from ../../Project_bsp/ps7_cortexa9_0/include/xil_io.h:65,
                 from ../src/PmodKYPD.h:30,
                 from ../src/main.c:36:
c:\xilinx2017.1\sdk\2017.1\gnu\aarch32\nt\gcc-arm-none-eabi\arm-none-eabi\libc\usr\include\string.h:26:8: note: expected 'const char * restrict' but argument is of type 'int *'
 char  *_EXFUN(strcat,(char *__restrict, const char *__restrict));
        ^
../src/main.c:274:13: warning: assignment from incompatible pointer type [-Wincompatible-pointer-types]
   int_array = encrypted_message;
             ^
../src/main.c:282:22: warning: passing argument 1 of 'Blowfish_decipher' from incompatible pointer type [-Wincompatible-pointer-types]
    Blowfish_decipher(temp1,temp12);
                      ^~~~~
In file included from ../src/main.c:101:0:
../src/BLOWFISH.C:117:6: note: expected 'long unsigned int *' but argument is of type 'int *'
 void Blowfish_decipher(unsigned long *xl, unsigned long *xr)
      ^~~~~~~~~~~~~~~~~
../src/main.c:282:28: warning: passing argument 2 of 'Blowfish_decipher' from incompatible pointer type [-Wincompatible-pointer-types]
    Blowfish_decipher(temp1,temp12);
                            ^~~~~~
In file included from ../src/main.c:101:0:
../src/BLOWFISH.C:117:6: note: expected 'long unsigned int *' but argument is of type 'int *'
 void Blowfish_decipher(unsigned long *xl, unsigned long *xr)
      ^~~~~~~~~~~~~~~~~
../src/main.c:283:30: warning: passing argument 2 of 'strcat' from incompatible pointer type [-Wincompatible-pointer-types]
    strcat(decrypted_message, temp1);
                              ^~~~~
In file included from c:\xilinx2017.1\sdk\2017.1\gnu\aarch32\nt\gcc-arm-none-eabi\arm-none-eabi\libc\usr\include\ctype.h:4:0,
                 from ../../Project_bsp/ps7_cortexa9_0/include/xil_printf.h:8,
                 from ../../Project_bsp/ps7_cortexa9_0/include/xil_io.h:65,
                 from ../src/PmodKYPD.h:30,
                 from ../src/main.c:36:
c:\xilinx2017.1\sdk\2017.1\gnu\aarch32\nt\gcc-arm-none-eabi\arm-none-eabi\libc\usr\include\string.h:26:8: note: expected 'const char * restrict' but argument is of type 'int *'
 char  *_EXFUN(strcat,(char *__restrict, const char *__restrict));
        ^
../src/main.c:284:30: warning: passing argument 2 of 'strcat' from incompatible pointer type [-Wincompatible-pointer-types]
    strcat(decrypted_message, temp12);
                              ^~~~~~
In file included from c:\xilinx2017.1\sdk\2017.1\gnu\aarch32\nt\gcc-arm-none-eabi\arm-none-eabi\libc\usr\include\ctype.h:4:0,
                 from ../../Project_bsp/ps7_cortexa9_0/include/xil_printf.h:8,
                 from ../../Project_bsp/ps7_cortexa9_0/include/xil_io.h:65,
                 from ../src/PmodKYPD.h:30,
                 from ../src/main.c:36:
c:\xilinx2017.1\sdk\2017.1\gnu\aarch32\nt\gcc-arm-none-eabi\arm-none-eabi\libc\usr\include\string.h:26:8: note: expected 'const char * restrict' but argument is of type 'int *'
 char  *_EXFUN(strcat,(char *__restrict, const char *__restrict));
        ^
../src/main.c:315:29: warning: passing argument 2 of 'strcat' from incompatible pointer type [-Wincompatible-pointer-types]
   strcat(decrypted_message, temp1);
                             ^~~~~
In file included from c:\xilinx2017.1\sdk\2017.1\gnu\aarch32\nt\gcc-arm-none-eabi\arm-none-eabi\libc\usr\include\ctype.h:4:0,
                 from ../../Project_bsp/ps7_cortexa9_0/include/xil_printf.h:8,
                 from ../../Project_bsp/ps7_cortexa9_0/include/xil_io.h:65,
                 from ../src/PmodKYPD.h:30,
                 from ../src/main.c:36:
c:\xilinx2017.1\sdk\2017.1\gnu\aarch32\nt\gcc-arm-none-eabi\arm-none-eabi\libc\usr\include\string.h:26:8: note: expected 'const char * restrict' but argument is of type 'int *'
 char  *_EXFUN(strcat,(char *__restrict, const char *__restrict));
        ^
../src/main.c:316:29: warning: passing argument 2 of 'strcat' from incompatible pointer type [-Wincompatible-pointer-types]
   strcat(decrypted_message, temp12);
                             ^~~~~~
[...]
In file included from c:\xilinx2017.1\sdk\2017.1\gnu\aarch32\nt\gcc-arm-none-eabi\arm-none-eabi\libc\usr\include\ctype.h:4:0,
                 from ../../Project_bsp/ps7_cortexa9_0/include/xil_printf.h:8,
                 from ../../Project_bsp/ps7_cortexa9_0/include/xil_io.h:65,
                 from ../src/PmodKYPD.h:30,
                 from ../src/main.c:36:
c:\xilinx2017.1\sdk\2017.1\gnu\aarch32\nt\gcc-arm-none-eabi\arm-none-eabi\libc\usr\include\string.h:26:8: note: expected 'const char * restrict' but argument is of type 'int *'
 char  *_EXFUN(strcat,(char *__restrict, const char *__restrict));
        ^
../src/main.c:260:30: warning: passing argument 2 of 'strcat' from incompatible pointer type [-Wincompatible-pointer-types]
    strcat(encrypted_message, temp12);
                              ^~~~~~
In file included from c:\xilinx2017.1\sdk\2017.1\gnu\aarch32\nt\gcc-arm-none-eabi\arm-none-eabi\libc\usr\include\ctype.h:4:0,
                 from ../../Project_bsp/ps7_cortexa9_0/include/xil_printf.h:8,
                 from ../../Project_bsp/ps7_cortexa9_0/include/xil_io.h:65,
                 from ../src/PmodKYPD.h:30,
                 from ../src/main.c:36:
c:\xilinx2017.1\sdk\2017.1\gnu\aarch32\nt\gcc-arm-none-eabi\arm-none-eabi\libc\usr\include\string.h:26:8: note: expected 'const char * restrict' but argument is of type 'int *'
 char  *_EXFUN(strcat,(char *__restrict, const char *__restrict));
        ^
../src/main.c:267:13: warning: assignment from incompatible pointer type [-Wincompatible-pointer-types]
   int_array = encrypted_message;
             ^
../src/main.c:275:22: warning: passing argument 1 of 'Blowfish_decipher' from incompatible pointer type [-Wincompatible-pointer-types]
    Blowfish_decipher(temp1,temp12);
                      ^~~~~
In file included from ../src/main.c:101:0:
../src/BLOWFISH.C:117:6: note: expected 'long unsigned int *' but argument is of type 'int *'
 void Blowfish_decipher(unsigned long *xl, unsigned long *xr)
      ^~~~~~~~~~~~~~~~~
../src/main.c:275:28: warning: passing argument 2 of 'Blowfish_decipher' from incompatible pointer type [-Wincompatible-pointer-types]
    Blowfish_decipher(temp1,temp12);
                            ^~~~~~
In file included from ../src/main.c:101:0:
../src/BLOWFISH.C:117:6: note: expected 'long unsigned int *' but argument is of type 'int *'
 void Blowfish_decipher(unsigned long *xl, unsigned long *xr)
      ^~~~~~~~~~~~~~~~~
../src/main.c:276:30: warning: passing argument 2 of 'strcat' from incompatible pointer type [-Wincompatible-pointer-types]
    strcat(decrypted_message, temp1);
                              ^~~~~
In file included from c:\xilinx2017.1\sdk\2017.1\gnu\aarch32\nt\gcc-arm-none-eabi\arm-none-eabi\libc\usr\include\ctype.h:4:0,
                 from ../../Project_bsp/ps7_cortexa9_0/include/xil_printf.h:8,
                 from ../../Project_bsp/ps7_cortexa9_0/include/xil_io.h:65,
                 from ../src/PmodKYPD.h:30,
                 from ../src/main.c:36:
c:\xilinx2017.1\sdk\2017.1\gnu\aarch32\nt\gcc-arm-none-eabi\arm-none-eabi\libc\usr\include\string.h:26:8: note: expected 'const char * restrict' but argument is of type 'int *'
 char  *_EXFUN(strcat,(char *__restrict, const char *__restrict));
        ^
../src/main.c:277:30: warning: passing argument 2 of 'strcat' from incompatible pointer type [-Wincompatible-pointer-types]
    strcat(decrypted_message, temp12);
                              ^~~~~~
In file included from c:\xilinx2017.1\sdk\2017.1\gnu\aarch32\nt\gcc-arm-none-eabi\arm-none-eabi\libc\usr\include\ctype.h:4:0,
                 from ../../Project_bsp/ps7_cortexa9_0/include/xil_printf.h:8,
                 from ../../Project_bsp/ps7_cortexa9_0/include/xil_io.h:65,
                 from ../src/PmodKYPD.h:30,
                 from ../src/main.c:36:
c:\xilinx2017.1\sdk\2017.1\gnu\aarch32\nt\gcc-arm-none-eabi\arm-none-eabi\libc\usr\include\string.h:26:8: note: expected 'const char * restrict' but argument is of type 'int *'
 char  *_EXFUN(strcat,(char *__restrict, const char *__restrict));
        ^
../src/main.c:305:29: warning: passing argument 2 of 'strcat' from incompatible pointer type [-Wincompatible-pointer-types]
   strcat(encrypted_message, &xl);
                             ^
In file included from c:\xilinx2017.1\sdk\2017.1\gnu\aarch32\nt\gcc-arm-none-eabi\arm-none-eabi\libc\usr\include\ctype.h:4:0,
                 from ../../Project_bsp/ps7_cortexa9_0/include/xil_printf.h:8,
                 from ../../Project_bsp/ps7_cortexa9_0/include/xil_io.h:65,
                 from ../src/PmodKYPD.h:30,
                 from ../src/main.c:36:
c:\xilinx2017.1\sdk\2017.1\gnu\aarch32\nt\gcc-arm-none-eabi\arm-none-eabi\libc\usr\include\string.h:26:8: note: expected 'const char * restrict' but argument is of type 'u32 * {aka long unsigned int *}'
 char  *_EXFUN(strcat,(char *__restrict, const char *__restrict));
        ^
../src/main.c:306:29: warning: passing argument 2 of 'strcat' from incompatible pointer type [-Wincompatible-pointer-types]
   strcat(encrypted_message, &xr);
                             ^
In file included from c:\xilinx2017.1\sdk\2017.1\gnu\aarch32\nt\gcc-arm-none-eabi\arm-none-eabi\libc\usr\include\ctype.h:4:0,
                 from ../../Project_bsp/ps7_cortexa9_0/include/xil_printf.h:8,
                 from ../../Project_bsp/ps7_cortexa9_0/include/xil_io.h:65,
                 from ../src/PmodKYPD.h:30,
                 from ../src/main.c:36:
c:\xilinx2017.1\sdk\2017.1\gnu\aarch32\nt\gcc-arm-none-eabi\arm-none-eabi\libc\usr\include\string.h:26:8: note: expected 'const char * restrict' but argument is of type 'u32 * {aka long unsigned int *}'
 char  *_EXFUN(strcat,(char *__restrict, const char *__restrict));
        ^
../src/main.c:313:29: warning: passing argument 2 of 'strcat' from incompatible pointer type [-Wincompatible-pointer-types]
   strcat(decrypted_message, &xl);
                             ^
In file included from c:\xilinx2017.1\sdk\2017.1\gnu\aarch32\nt\gcc-arm-none-eabi\arm-none-eabi\libc\usr\include\ctype.h:4:0,
                 from ../../Project_bsp/ps7_cortexa9_0/include/xil_printf.h:8,
                 from ../../Project_bsp/ps7_cortexa9_0/include/xil_io.h:65,
                 from ../src/PmodKYPD.h:30,
                 from ../src/main.c:36:
c:\xilinx2017.1\sdk\2017.1\gnu\aarch32\nt\gcc-arm-none-eabi\arm-none-eabi\libc\usr\include\string.h:26:8: note: expected 'const char * restrict' but argument is of type 'u32 * {aka long unsigned int *}'
 char  *_EXFUN(strcat,(char *__restrict, const char *__restrict));
        ^
../src/main.c:314:29: warning: passing argument 2 of 'strcat' from incompatible pointer type [-Wincompatible-pointer-types]
   strcat(decrypted_message, &xr);
                             ^
In file included from c:\xilinx2017.1\sdk\2017.1\gnu\aarch32\nt\gcc-arm-none-eabi\arm-none-eabi\libc\usr\include\ctype.h:4:0,
                 from ../../Project_bsp/ps7_cortexa9_0/include/xil_printf.h:8,
                 from ../../Project_bsp/ps7_cortexa9_0/include/xil_io.h:65,
                 from ../src/PmodKYPD.h:30,
                 from ../src/main.c:36:
c:\xilinx2017.1\sdk\2017.1\gnu\aarch32\nt\gcc-arm-none-eabi\arm-none-eabi\libc\usr\include\string.h:26:8: note: expected 'const char * restrict' but argument is of type 'u32 * {aka long unsigned int *}'
 char  *_EXFUN(strcat,(char *__restrict, const char *__restrict));
        ^
In file included from ../src/main.c:101:0:
../src/main.c: In function 'InitializeBlowfish':
../src/BLOWFISH.C:198:11: warning: 'data' may be used uninitialized in this function [-Wmaybe-uninitialized]
      P[i] = data;
      ~~~~~^~~~~~
'Finished building: ../src/main.c'
' '
'Building target: Project.elf'
'Invoking: ARM v7 gcc linker'
arm-none-eabi-gcc -mcpu=cortex-a9 -mfpu=vfpv3 -mfloat-abi=hard -Wl,-build-id=none -specs=Xilinx.spec -Wl,-T -Wl,../src/lscript.ld -L../../Project_bsp/ps7_cortexa9_0/lib -o "Project.elf"  ./src/PmodKYPD.o ./src/echo.o ./src/functions_4261.o ./src/i2c_access.o ./src/iic_phyreset.o ./src/main.o ./src/platform.o ./src/platform_mb.o ./src/platform_ppc.o ./src/platform_zynq.o ./src/platform_zynqmp.o ./src/sfp.o ./src/si5324.o   -Wl,--start-group,-lxil,-lgcc,-lc,--end-group -Wl,--start-group,-lxil,-llwip4,-lgcc,-lc,--end-group
'Finished building target: Project.elf'
' '
'Invoking: ARM v7 Print Size'
arm-none-eabi-size Project.elf  |tee "Project.elf.size"
   text	   data	    bss	    dec	    hex	filename
 154416	   8408	2218272	2381096	 245528	Project.elf
'Finished building: Project.elf.size'
' '
16:33:41 **** Auto Build of configuration Debug for project Project ****
make pre-build main-build 
a9-linaro-pre-build-step
' '
'Building file: ../src/main.c'
'Invoking: ARM v7 gcc compiler'
arm-none-eabi-gcc -Wall -O0 -g3 -c -fmessage-length=0 -MT"src/main.o" -mcpu=cortex-a9 -mfpu=vfpv3 -mfloat-abi=hard -I../../Project_bsp/ps7_cortexa9_0/include -MMD -MP -MF"src/main.d" -MT"src/main.o" -o "src/main.o" "../src/main.c"
In file included from ../src/main.c:101:0:
../src/BLOWFISH.C:36:1: warning: missing braces around initializer [-Wmissing-braces]
 {
 ^
../src/BLOWFISH.C:36:1: note: (near initialization for 'S')
In file included from ../src/main.c:101:0:
../src/BLOWFISH.C: In function 'opensubkeyfile':
../src/BLOWFISH.C:57:21: warning: implicit declaration of function 'open' [-Wimplicit-function-declaration]
    if((SubkeyFile = open(subkeyfilename,"rb")) == NULL) {
                     ^~~~
../src/BLOWFISH.C:57:19: warning: assignment makes pointer from integer without a cast [-Wint-conversion]
    if((SubkeyFile = open(subkeyfilename,"rb")) == NULL) {
                   ^
../src/BLOWFISH.C: In function 'InitializeBlowfish':
../src/BLOWFISH.C:154:19: warning: variable 'numread' set but not used [-Wunused-but-set-variable]
    short          numread;
                   ^~~~~~~
../src/main.c: In function 'main':
../src/main.c:247:12: warning: assignment from incompatible pointer type [-Wincompatible-pointer-types]
  int_array = data_array;
            ^
../src/main.c:258:22: warning: passing argument 1 of 'Blowfish_encipher' from incompatible pointer type [-Wincompatible-pointer-types]
    Blowfish_encipher(temp1,temp12);
                      ^~~~~
In file included from ../src/main.c:101:0:
../src/BLOWFISH.C:87:6: note: expected 'long unsigned int *' but argument is of type 'int *'
 void Blowfish_encipher(unsigned long *xl, unsigned long *xr)
      ^~~~~~~~~~~~~~~~~
../src/main.c:258:28: warning: passing argument 2 of 'Blowfish_encipher' from incompatible pointer type [-Wincompatible-pointer-types]
    Blowfish_encipher(temp1,temp12);
                            ^~~~~~
In file included from ../src/main.c:101:0:
../src/BLOWFISH.C:87:6: note: expected 'long unsigned int *' but argument is of type 'int *'
 void Blowfish_encipher(unsigned long *xl, unsigned long *xr)
      ^~~~~~~~~~~~~~~~~
../src/main.c:259:30: warning: passing argument 2 of 'strcat' from incompatible pointer type [-Wincompatible-pointer-types]
    strcat(encrypted_message, temp1);
                              ^~~~~
In file included from c:\xilinx2017.1\sdk\2017.1\gnu\aarch32\nt\gcc-arm-none-eabi\arm-none-eabi\libc\usr\include\ctype.h:4:0,
                 from ../../Project_bsp/ps7_cortexa9_0/include/xil_printf.h:8,
                 from ../../Project_bsp/ps7_cortexa9_0/include/xil_io.h:65,
                 from ../src/PmodKYPD.h:30,
                 from ../src/main.c:36:
c:\xilinx2017.1\sdk\2017.1\gnu\aarch32\nt\gcc-arm-none-eabi\arm-none-eabi\libc\usr\include\string.h:26:8: note: expected 'const char * restrict' but argument is of type 'int *'
 char  *_EXFUN(strcat,(char *__restrict, const char *__restrict));
        ^
../src/main.c:260:30: warning: passing argument 2 of 'strcat' from incompatible pointer type [-Wincompatible-pointer-types]
    strcat(encrypted_message, temp12);
                              ^~~~~~
In file included from c:\xilinx2017.1\sdk\2017.1\gnu\aarch32\nt\gcc-arm-none-eabi\arm-none-eabi\libc\usr\include\ctype.h:4:0,
                 from ../../Project_bsp/ps7_cortexa9_0/include/xil_printf.h:8,
                 from ../../Project_bsp/ps7_cortexa9_0/include/xil_io.h:65,
                 from ../src/PmodKYPD.h:30,
                 from ../src/main.c:36:
c:\xilinx2017.1\sdk\2017.1\gnu\aarch32\nt\gcc-arm-none-eabi\arm-none-eabi\libc\usr\include\string.h:26:8: note: expected 'const char * restrict' but argument is of type 'int *'
 char  *_EXFUN(strcat,(char *__restrict, const char *__restrict));
        ^
../src/main.c:267:13: warning: assignment from incompatible pointer type [-Wincompatible-pointer-types]
   int_array = encrypted_message;
             ^
../src/main.c:275:22: warning: passing argument 1 of 'Blowfish_decipher' from incompatible pointer type [-Wincompatible-pointer-types]
    Blowfish_decipher(temp1,temp12);
                      ^~~~~
In file included from ../src/main.c:101:0:
../src/BLOWFISH.C:117:6: note: expected 'long unsigned int *' but argument is of type 'int *'
 void Blowfish_decipher(unsigned long *xl, unsigned long *xr)
      ^~~~~~~~~~~~~~~~~
../src/main.c:275:28: warning: passing argument 2 of 'Blowfish_decipher' from incompatible pointer type [-Wincompatible-pointer-types]
    Blowfish_decipher(temp1,temp12);
                            ^~~~~~
In file included from ../src/main.c:101:0:
../src/BLOWFISH.C:117:6: note: expected 'long unsigned int *' but argument is of type 'int *'
 void Blowfish_decipher(unsigned long *xl, unsigned long *xr)
      ^~~~~~~~~~~~~~~~~
../src/main.c:276:30: warning: passing argument 2 of 'strcat' from incompatible pointer type [-Wincompatible-pointer-types]
    strcat(decrypted_message, temp1);
                              ^~~~~
In file included from c:\xilinx2017.1\sdk\2017.1\gnu\aarch32\nt\gcc-arm-none-eabi\arm-none-eabi\libc\usr\include\ctype.h:4:0,
                 from ../../Project_bsp/ps7_cortexa9_0/include/xil_printf.h:8,
                 from ../../Project_bsp/ps7_cortexa9_0/include/xil_io.h:65,
                 from ../src/PmodKYPD.h:30,
                 from ../src/main.c:36:
c:\xilinx2017.1\sdk\2017.1\gnu\aarch32\nt\gcc-arm-none-eabi\arm-none-eabi\libc\usr\include\string.h:26:8: note: expected 'const char * restrict' but argument is of type 'int *'
 char  *_EXFUN(strcat,(char *__restrict, const char *__restrict));
        ^
../src/main.c:277:30: warning: passing argument 2 of 'strcat' from incompatible pointer type [-Wincompatible-pointer-types]
    strcat(decrypted_message, temp12);
                              ^~~~~~
In file included from c:\xilinx2017.1\sdk\2017.1\gnu\aarch32\nt\gcc-arm-none-eabi\arm-none-eabi\libc\usr\include\ctype.h:4:0,
                 from ../../Project_bsp/ps7_cortexa9_0/include/xil_printf.h:8,
                 from ../../Project_bsp/ps7_cortexa9_0/include/xil_io.h:65,
                 from ../src/PmodKYPD.h:30,
                 from ../src/main.c:36:
c:\xilinx2017.1\sdk\2017.1\gnu\aarch32\nt\gcc-arm-none-eabi\arm-none-eabi\libc\usr\include\string.h:26:8: note: expected 'const char * restrict' but argument is of type 'int *'
 char  *_EXFUN(strcat,(char *__restrict, const char *__restrict));
        ^
../src/main.c:305:29: warning: passing argument 2 of 'strcat' from incompatible pointer type [-Wincompatible-pointer-types]
   strcat(encrypted_message, &xl);
                             ^
In file included from c:\xilinx2017.1\sdk\2017.1\gnu\aarch32\nt\gcc-arm-none-eabi\arm-none-eabi\libc\usr\include\ctype.h:4:0,
                 from ../../Project_bsp/ps7_cortexa9_0/include/xil_printf.h:8,
                 from ../../Project_bsp/ps7_cortexa9_0/include/xil_io.h:65,
                 from ../src/PmodKYPD.h:30,
                 from ../src/main.c:36:
c:\xilinx2017.1\sdk\2017.1\gnu\aarch32\nt\gcc-arm-none-eabi\arm-none-eabi\libc\usr\include\string.h:26:8: note: expected 'const char * restrict' but argument is of type 'u32 * {aka long unsigned int *}'
 char  *_EXFUN(strcat,(char *__restrict, const char *__restrict));
        ^
../src/main.c:306:29: warning: passing argument 2 of 'strcat' from incompatible pointer type [-Wincompatible-pointer-types]
   strcat(encrypted_message, &xr);
                             ^
In file included from c:\xilinx2017.1\sdk\2017.1\gnu\aarch32\nt\gcc-arm-none-eabi\arm-none-eabi\libc\usr\include\ctype.h:4:0,
                 from ../../Project_bsp/ps7_cortexa9_0/include/xil_printf.h:8,
                 from ../../Project_bsp/ps7_cortexa9_0/include/xil_io.h:65,
                 from ../src/PmodKYPD.h:30,
                 from ../src/main.c:36:
c:\xilinx2017.1\sdk\2017.1\gnu\aarch32\nt\gcc-arm-none-eabi\arm-none-eabi\libc\usr\include\string.h:26:8: note: expected 'const char * restrict' but argument is of type 'u32 * {aka long unsigned int *}'
 char  *_EXFUN(strcat,(char *__restrict, const char *__restrict));
        ^
../src/main.c:313:29: warning: passing argument 2 of 'strcat' from incompatible pointer type [-Wincompatible-pointer-types]
   strcat(decrypted_message, &xl);
                             ^
In file included from c:\xilinx2017.1\sdk\2017.1\gnu\aarch32\nt\gcc-arm-none-eabi\arm-none-eabi\libc\usr\include\ctype.h:4:0,
                 from ../../Project_bsp/ps7_cortexa9_0/include/xil_printf.h:8,
                 from ../../Project_bsp/ps7_cortexa9_0/include/xil_io.h:65,
                 from ../src/PmodKYPD.h:30,
                 from ../src/main.c:36:
c:\xilinx2017.1\sdk\2017.1\gnu\aarch32\nt\gcc-arm-none-eabi\arm-none-eabi\libc\usr\include\string.h:26:8: note: expected 'const char * restrict' but argument is of type 'u32 * {aka long unsigned int *}'
 char  *_EXFUN(strcat,(char *__restrict, const char *__restrict));
        ^
../src/main.c:314:29: warning: passing argument 2 of 'strcat' from incompatible pointer type [-Wincompatible-pointer-types]
   strcat(decrypted_message, &xr);
                             ^
In file included from c:\xilinx2017.1\sdk\2017.1\gnu\aarch32\nt\gcc-arm-none-eabi\arm-none-eabi\libc\usr\include\ctype.h:4:0,
                 from ../../Project_bsp/ps7_cortexa9_0/include/xil_printf.h:8,
                 from ../../Project_bsp/ps7_cortexa9_0/include/xil_io.h:65,
                 from ../src/PmodKYPD.h:30,
                 from ../src/main.c:36:
c:\xilinx2017.1\sdk\2017.1\gnu\aarch32\nt\gcc-arm-none-eabi\arm-none-eabi\libc\usr\include\string.h:26:8: note: expected 'const char * restrict' but argument is of type 'u32 * {aka long unsigned int *}'
 char  *_EXFUN(strcat,(char *__restrict, const char *__restrict));
        ^
In file included from ../src/main.c:101:0:
../src/main.c: In function 'InitializeBlowfish':
../src/BLOWFISH.C:198:11: warning: 'data' may be used uninitialized in this function [-Wmaybe-uninitialized]
      P[i] = data;
      ~~~~~^~~~~~
'Finished building: ../src/main.c'
' '
'Building target: Project.elf'
'Invoking: ARM v7 gcc linker'
arm-none-eabi-gcc -mcpu=cortex-a9 -mfpu=vfpv3 -mfloat-abi=hard -Wl,-build-id=none -specs=Xilinx.spec -Wl,-T -Wl,../src/lscript.ld -L../../Project_bsp/ps7_cortexa9_0/lib -o "Project.elf"  ./src/PmodKYPD.o ./src/echo.o ./src/functions_4261.o ./src/i2c_access.o ./src/iic_phyreset.o ./src/main.o ./src/platform.o ./src/platform_mb.o ./src/platform_ppc.o ./src/platform_zynq.o ./src/platform_zynqmp.o ./src/sfp.o ./src/si5324.o   -Wl,--start-group,-lxil,-lgcc,-lc,--end-group -Wl,--start-group,-lxil,-llwip4,-lgcc,-lc,--end-group
'Finished building target: Project.elf'
' '
'Invoking: ARM v7 Print Size'
arm-none-eabi-size Project.elf  |tee "Project.elf.size"
   text	   data	    bss	    dec	    hex	filename
 154416	   8408	2218272	2381096	 245528	Project.elf
'Finished building: Project.elf.size'
' '
16:33:43 **** Incremental Build of configuration Debug for project Project ****
make pre-build main-build 
a9-linaro-pre-build-step
' '
make: Nothing to be done for `main-build'.
16:33:47 **** Incremental Build of configuration Debug for project Project ****
make pre-build main-build 
a9-linaro-pre-build-step
' '
make: Nothing to be done for `main-build'.
