21:26:01 **** Incremental Build of configuration Debug for project Project ****
make pre-build main-build 
a9-linaro-pre-build-step
' '
make: Nothing to be done for `main-build'.
21:26:18 **** Incremental Build of configuration Debug for project Project ****
make pre-build main-build 
a9-linaro-pre-build-step
' '
make: Nothing to be done for `main-build'.
21:35:28 **** Auto Build of configuration Debug for project Project ****
make pre-build main-build 
a9-linaro-pre-build-step
' '
'Building file: ../src/main.c'
'Invoking: ARM v7 gcc compiler'
arm-none-eabi-gcc -Wall -O0 -g3 -c -fmessage-length=0 -MT"src/main.o" -mcpu=cortex-a9 -mfpu=vfpv3 -mfloat-abi=hard -I../../Project_bsp/ps7_cortexa9_0/include -MMD -MP -MF"src/main.d" -MT"src/main.o" -o "src/main.o" "../src/main.c"
In file included from ../src/main.c:97:0:
../src/BLOWFISH.C:36:1: warning: missing braces around initializer [-Wmissing-braces]
 {
 ^
../src/BLOWFISH.C:36:1: note: (near initialization for 'S')
In file included from ../src/main.c:97:0:
../src/BLOWFISH.C: In function 'opensubkeyfile':
../src/BLOWFISH.C:57:21: warning: implicit declaration of function 'open' [-Wimplicit-function-declaration]
    if((SubkeyFile = open(subkeyfilename,"rb")) == NULL) {
                     ^~~~
../src/BLOWFISH.C:57:19: warning: assignment makes pointer from integer without a cast [-Wint-conversion]
    if((SubkeyFile = open(subkeyfilename,"rb")) == NULL) {
                   ^
../src/BLOWFISH.C: In function 'InitializeBlowfish':
../src/BLOWFISH.C:154:19: warning: variable 'numread' set but not used [-Wunused-but-set-variable]
    short          numread;
                   ^~~~~~~
../src/main.c: In function 'main':
../src/main.c:242:12: warning: assignment from incompatible pointer type [-Wincompatible-pointer-types]
  int_array = data_array;
            ^
../src/main.c:248:2: error: expected '(' before 'int'
  int *temp_int_array;
  ^~~
../src/main.c:249:2: error: 'temp_int_array' undeclared (first use in this function)
  temp_int_array = int_array;
  ^~~~~~~~~~~~~~
../src/main.c:249:2: note: each undeclared identifier is reported only once for each function it appears in
../src/main.c:255:21: warning: passing argument 1 of 'Blowfish_encipher' from incompatible pointer type [-Wincompatible-pointer-types]
   Blowfish_encipher(temp1,temp12);
                     ^~~~~
In file included from ../src/main.c:97:0:
../src/BLOWFISH.C:87:6: note: expected 'long unsigned int *' but argument is of type 'int *'
 void Blowfish_encipher(unsigned long *xl, unsigned long *xr)
      ^~~~~~~~~~~~~~~~~
../src/main.c:255:27: warning: passing argument 2 of 'Blowfish_encipher' from incompatible pointer type [-Wincompatible-pointer-types]
   Blowfish_encipher(temp1,temp12);
                           ^~~~~~
In file included from ../src/main.c:97:0:
../src/BLOWFISH.C:87:6: note: expected 'long unsigned int *' but argument is of type 'int *'
 void Blowfish_encipher(unsigned long *xl, unsigned long *xr)
      ^~~~~~~~~~~~~~~~~
../src/main.c:256:29: warning: passing argument 2 of 'strcat' from incompatible pointer type [-Wincompatible-pointer-types]
   strcat(encrypted_message, temp1);
                             ^~~~~
In file included from c:\xilinx2017.1\sdk\2017.1\gnu\aarch32\nt\gcc-arm-none-eabi\arm-none-eabi\libc\usr\include\ctype.h:4:0,
                 from ../../Project_bsp/ps7_cortexa9_0/include/xil_printf.h:8,
                 from ../../Project_bsp/ps7_cortexa9_0/include/xil_io.h:65,
                 from ../src/PmodKYPD.h:30,
                 from ../src/main.c:36:
c:\xilinx2017.1\sdk\2017.1\gnu\aarch32\nt\gcc-arm-none-eabi\arm-none-eabi\libc\usr\include\string.h:26:8: note: expected 'const char * restrict' but argument is of type 'int *'
 char  *_EXFUN(strcat,(char *__restrict, const char *__restrict));
        ^
../src/main.c:257:29: warning: passing argument 2 of 'strcat' from incompatible pointer type [-Wincompatible-pointer-types]
   strcat(encrypted_message, temp12);
                             ^~~~~~
In file included from c:\xilinx2017.1\sdk\2017.1\gnu\aarch32\nt\gcc-arm-none-eabi\arm-none-eabi\libc\usr\include\ctype.h:4:0,
                 from ../../Project_bsp/ps7_cortexa9_0/include/xil_printf.h:8,
                 from ../../Project_bsp/ps7_cortexa9_0/include/xil_io.h:65,
                 from ../src/PmodKYPD.h:30,
                 from ../src/main.c:36:
c:\xilinx2017.1\sdk\2017.1\gnu\aarch32\nt\gcc-arm-none-eabi\arm-none-eabi\libc\usr\include\string.h:26:8: note: expected 'const char * restrict' but argument is of type 'int *'
 char  *_EXFUN(strcat,(char *__restrict, const char *__restrict));
        ^
../src/main.c:265:12: warning: assignment from incompatible pointer type [-Wincompatible-pointer-types]
  int_array = encrypted_message;
            ^
../src/main.c:276:21: warning: passing argument 1 of 'Blowfish_decipher' from incompatible pointer type [-Wincompatible-pointer-types]
   Blowfish_decipher(temp1,temp12);
                     ^~~~~
In file included from ../src/main.c:97:0:
../src/BLOWFISH.C:117:6: note: expected 'long unsigned int *' but argument is of type 'int *'
 void Blowfish_decipher(unsigned long *xl, unsigned long *xr)
      ^~~~~~~~~~~~~~~~~
../src/main.c:276:27: warning: passing argument 2 of 'Blowfish_decipher' from incompatible pointer type [-Wincompatible-pointer-types]
   Blowfish_decipher(temp1,temp12);
                           ^~~~~~
In file included from ../src/main.c:97:0:
../src/BLOWFISH.C:117:6: note: expected 'long unsigned int *' but argument is of type 'int *'
 void Blowfish_decipher(unsigned long *xl, unsigned long *xr)
      ^~~~~~~~~~~~~~~~~
../src/main.c:277:29: warning: passing argument 2 of 'strcat' from incompatible pointer type [-Wincompatible-pointer-types]
   strcat(decrypted_message, temp1);
                             ^~~~~
In file included from c:\xilinx2017.1\sdk\2017.1\gnu\aarch32\nt\gcc-arm-none-eabi\arm-none-eabi\libc\usr\include\ctype.h:4:0,
                 from ../../Project_bsp/ps7_cortexa9_0/include/xil_printf.h:8,
                 from ../../Project_bsp/ps7_cortexa9_0/include/xil_io.h:65,
                 from ../src/PmodKYPD.h:30,
                 from ../src/main.c:36:
c:\xilinx2017.1\sdk\2017.1\gnu\aarch32\nt\gcc-arm-none-eabi\arm-none-eabi\libc\usr\include\string.h:26:8: note: expected 'const char * restrict' but argument is of type 'int *'
 char  *_EXFUN(strcat,(char *__restrict, const char *__restrict));
        ^
../src/main.c:278:29: warning: passing argument 2 of 'strcat' from incompatible pointer type [-Wincompatible-pointer-types]
   strcat(decrypted_message, temp12);
                             ^~~~~~
In file included from c:\xilinx2017.1\sdk\2017.1\gnu\aarch32\nt\gcc-arm-none-eabi\arm-none-eabi\libc\usr\include\ctype.h:4:0,
                 from ../../Project_bsp/ps7_cortexa9_0/include/xil_printf.h:8,
                 from ../../Project_bsp/ps7_cortexa9_0/include/xil_io.h:65,
                 from ../src/PmodKYPD.h:30,
                 from ../src/main.c:36:
c:\xilinx2017.1\sdk\2017.1\gnu\aarch32\nt\gcc-arm-none-eabi\arm-none-eabi\libc\usr\include\string.h:26:8: note: expected 'const char * restrict' but argument is of type 'int *'
 char  *_EXFUN(strcat,(char *__restrict, const char *__restrict));
        ^
make: *** [src/main.o] Error 1
21:35:30 **** Incremental Build of configuration Debug for project Project ****
make pre-build main-build 
a9-linaro-pre-build-step
' '
'Building file: ../src/main.c'
'Invoking: ARM v7 gcc compiler'
arm-none-eabi-gcc -Wall -O0 -g3 -c -fmessage-length=0 -MT"src/main.o" -mcpu=cortex-a9 -mfpu=vfpv3 -mfloat-abi=hard -I../../Project_bsp/ps7_cortexa9_0/include -MMD -MP -MF"src/main.d" -MT"src/main.o" -o "src/main.o" "../src/main.c"
In file included from ../src/main.c:97:0:
../src/BLOWFISH.C:36:1: warning: missing braces around initializer [-Wmissing-braces]
 {
 ^
../src/BLOWFISH.C:36:1: note: (near initialization for 'S')
In file included from ../src/main.c:97:0:
../src/BLOWFISH.C: In function 'opensubkeyfile':
../src/BLOWFISH.C:57:21: warning: implicit declaration of function 'open' [-Wimplicit-function-declaration]
    if((SubkeyFile = open(subkeyfilename,"rb")) == NULL) {
                     ^~~~
../src/BLOWFISH.C:57:19: warning: assignment makes pointer from integer without a cast [-Wint-conversion]
    if((SubkeyFile = open(subkeyfilename,"rb")) == NULL) {
                   ^
../src/BLOWFISH.C: In function 'InitializeBlowfish':
../src/BLOWFISH.C:154:19: warning: variable 'numread' set but not used [-Wunused-but-set-variable]
    short          numread;
                   ^~~~~~~
../src/main.c: In function 'main':
../src/main.c:242:12: warning: assignment from incompatible pointer type [-Wincompatible-pointer-types]
  int_array = data_array;
            ^
../src/main.c:248:2: error: expected '(' before 'int'
  int *temp_int_array;
  ^~~
../src/main.c:249:2: error: 'temp_int_array' undeclared (first use in this function)
  temp_int_array = int_array;
  ^~~~~~~~~~~~~~
../src/main.c:249:2: note: each undeclared identifier is reported only once for each function it appears in
../src/main.c:255:21: warning: passing argument 1 of 'Blowfish_encipher' from incompatible pointer type [-Wincompatible-pointer-types]
   Blowfish_encipher(temp1,temp12);
                     ^~~~~
In file included from ../src/main.c:97:0:
../src/BLOWFISH.C:87:6: note: expected 'long unsigned int *' but argument is of type 'int *'
 void Blowfish_encipher(unsigned long *xl, unsigned long *xr)
      ^~~~~~~~~~~~~~~~~
../src/main.c:255:27: warning: passing argument 2 of 'Blowfish_encipher' from incompatible pointer type [-Wincompatible-pointer-types]
   Blowfish_encipher(temp1,temp12);
                           ^~~~~~
In file included from ../src/main.c:97:0:
../src/BLOWFISH.C:87:6: note: expected 'long unsigned int *' but argument is of type 'int *'
 void Blowfish_encipher(unsigned long *xl, unsigned long *xr)
      ^~~~~~~~~~~~~~~~~
../src/main.c:256:29: warning: passing argument 2 of 'strcat' from incompatible pointer type [-Wincompatible-pointer-types]
   strcat(encrypted_message, temp1);
                             ^~~~~
In file included from c:\xilinx2017.1\sdk\2017.1\gnu\aarch32\nt\gcc-arm-none-eabi\arm-none-eabi\libc\usr\include\ctype.h:4:0,
                 from ../../Project_bsp/ps7_cortexa9_0/include/xil_printf.h:8,
                 from ../../Project_bsp/ps7_cortexa9_0/include/xil_io.h:65,
                 from ../src/PmodKYPD.h:30,
                 from ../src/main.c:36:
c:\xilinx2017.1\sdk\2017.1\gnu\aarch32\nt\gcc-arm-none-eabi\arm-none-eabi\libc\usr\include\string.h:26:8: note: expected 'const char * restrict' but argument is of type 'int *'
 char  *_EXFUN(strcat,(char *__restrict, const char *__restrict));
        ^
../src/main.c:257:29: warning: passing argument 2 of 'strcat' from incompatible pointer type [-Wincompatible-pointer-types]
   strcat(encrypted_message, temp12);
                             ^~~~~~
In file included from c:\xilinx2017.1\sdk\2017.1\gnu\aarch32\nt\gcc-arm-none-eabi\arm-none-eabi\libc\usr\include\ctype.h:4:0,
                 from ../../Project_bsp/ps7_cortexa9_0/include/xil_printf.h:8,
                 from ../../Project_bsp/ps7_cortexa9_0/include/xil_io.h:65,
                 from ../src/PmodKYPD.h:30,
                 from ../src/main.c:36:
c:\xilinx2017.1\sdk\2017.1\gnu\aarch32\nt\gcc-arm-none-eabi\arm-none-eabi\libc\usr\include\string.h:26:8: note: expected 'const char * restrict' but argument is of type 'int *'
 char  *_EXFUN(strcat,(char *__restrict, const char *__restrict));
        ^
../src/main.c:265:12: warning: assignment from incompatible pointer type [-Wincompatible-pointer-types]
  int_array = encrypted_message;
            ^
../src/main.c:276:21: warning: passing argument 1 of 'Blowfish_decipher' from incompatible pointer type [-Wincompatible-pointer-types]
   Blowfish_decipher(temp1,temp12);
                     ^~~~~
In file included from ../src/main.c:97:0:
../src/BLOWFISH.C:117:6: note: expected 'long unsigned int *' but argument is of type 'int *'
 void Blowfish_decipher(unsigned long *xl, unsigned long *xr)
      ^~~~~~~~~~~~~~~~~
../src/main.c:276:27: warning: passing argument 2 of 'Blowfish_decipher' from incompatible pointer type [-Wincompatible-pointer-types]
   Blowfish_decipher(temp1,temp12);
                           ^~~~~~
In file included from ../src/main.c:97:0:
../src/BLOWFISH.C:117:6: note: expected 'long unsigned int *' but argument is of type 'int *'
 void Blowfish_decipher(unsigned long *xl, unsigned long *xr)
      ^~~~~~~~~~~~~~~~~
../src/main.c:277:29: warning: passing argument 2 of 'strcat' from incompatible pointer type [-Wincompatible-pointer-types]
   strcat(decrypted_message, temp1);
                             ^~~~~
In file included from c:\xilinx2017.1\sdk\2017.1\gnu\aarch32\nt\gcc-arm-none-eabi\arm-none-eabi\libc\usr\include\ctype.h:4:0,
                 from ../../Project_bsp/ps7_cortexa9_0/include/xil_printf.h:8,
                 from ../../Project_bsp/ps7_cortexa9_0/include/xil_io.h:65,
                 from ../src/PmodKYPD.h:30,
                 from ../src/main.c:36:
c:\xilinx2017.1\sdk\2017.1\gnu\aarch32\nt\gcc-arm-none-eabi\arm-none-eabi\libc\usr\include\string.h:26:8: note: expected 'const char * restrict' but argument is of type 'int *'
 char  *_EXFUN(strcat,(char *__restrict, const char *__restrict));
        ^
../src/main.c:278:29: warning: passing argument 2 of 'strcat' from incompatible pointer type [-Wincompatible-pointer-types]
   strcat(decrypted_message, temp12);
                             ^~~~~~
In file included from c:\xilinx2017.1\sdk\2017.1\gnu\aarch32\nt\gcc-arm-none-eabi\arm-none-eabi\libc\usr\include\ctype.h:4:0,
                 from ../../Project_bsp/ps7_cortexa9_0/include/xil_printf.h:8,
                 from ../../Project_bsp/ps7_cortexa9_0/include/xil_io.h:65,
                 from ../src/PmodKYPD.h:30,
                 from ../src/main.c:36:
c:\xilinx2017.1\sdk\2017.1\gnu\aarch32\nt\gcc-arm-none-eabi\arm-none-eabi\libc\usr\include\string.h:26:8: note: expected 'const char * restrict' but argument is of type 'int *'
 char  *_EXFUN(strcat,(char *__restrict, const char *__restrict));
        ^
make: *** [src/main.o] Error 1
21:37:31 **** Auto Build of configuration Debug for project Project ****
make pre-build main-build 
a9-linaro-pre-build-step
' '
'Building file: ../src/main.c'
'Invoking: ARM v7 gcc compiler'
arm-none-eabi-gcc -Wall -O0 -g3 -c -fmessage-length=0 -MT"src/main.o" -mcpu=cortex-a9 -mfpu=vfpv3 -mfloat-abi=hard -I../../Project_bsp/ps7_cortexa9_0/include -MMD -MP -MF"src/main.d" -MT"src/main.o" -o "src/main.o" "../src/main.c"
In file included from ../src/main.c:97:0:
../src/BLOWFISH.C:36:1: warning: missing braces around initializer [-Wmissing-braces]
 {
 ^
../src/BLOWFISH.C:36:1: note: (near initialization for 'S')
In file included from ../src/main.c:97:0:
../src/BLOWFISH.C: In function 'opensubkeyfile':
../src/BLOWFISH.C:57:21: warning: implicit declaration of function 'open' [-Wimplicit-function-declaration]
    if((SubkeyFile = open(subkeyfilename,"rb")) == NULL) {
                     ^~~~
../src/BLOWFISH.C:57:19: warning: assignment makes pointer from integer without a cast [-Wint-conversion]
    if((SubkeyFile = open(subkeyfilename,"rb")) == NULL) {
                   ^
../src/BLOWFISH.C: In function 'InitializeBlowfish':
../src/BLOWFISH.C:154:19: warning: variable 'numread' set but not used [-Wunused-but-set-variable]
    short          numread;
                   ^~~~~~~
../src/main.c: In function 'main':
../src/main.c:242:12: warning: assignment from incompatible pointer type [-Wincompatible-pointer-types]
  int_array = data_array;
            ^
../src/main.c:256:22: warning: passing argument 1 of 'Blowfish_encipher' from incompatible pointer type [-Wincompatible-pointer-types]
    Blowfish_encipher(temp1,temp12);
                      ^~~~~
In file included from ../src/main.c:97:0:
../src/BLOWFISH.C:87:6: note: expected 'long unsigned int *' but argument is of type 'int *'
 void Blowfish_encipher(unsigned long *xl, unsigned long *xr)
      ^~~~~~~~~~~~~~~~~
../src/main.c:256:28: warning: passing argument 2 of 'Blowfish_encipher' from incompatible pointer type [-Wincompatible-pointer-types]
    Blowfish_encipher(temp1,temp12);
                            ^~~~~~
In file included from ../src/main.c:97:0:
../src/BLOWFISH.C:87:6: note: expected 'long unsigned int *' but argument is of type 'int *'
 void Blowfish_encipher(unsigned long *xl, unsigned long *xr)
      ^~~~~~~~~~~~~~~~~
../src/main.c:257:30: warning: passing argument 2 of 'strcat' from incompatible pointer type [-Wincompatible-pointer-types]
    strcat(encrypted_message, temp1);
                              ^~~~~
In file included from c:\xilinx2017.1\sdk\2017.1\gnu\aarch32\nt\gcc-arm-none-eabi\arm-none-eabi\libc\usr\include\ctype.h:4:0,
                 from ../../Project_bsp/ps7_cortexa9_0/include/xil_printf.h:8,
                 from ../../Project_bsp/ps7_cortexa9_0/include/xil_io.h:65,
                 from ../src/PmodKYPD.h:30,
                 from ../src/main.c:36:
c:\xilinx2017.1\sdk\2017.1\gnu\aarch32\nt\gcc-arm-none-eabi\arm-none-eabi\libc\usr\include\string.h:26:8: note: expected 'const char * restrict' but argument is of type 'int *'
 char  *_EXFUN(strcat,(char *__restrict, const char *__restrict));
        ^
../src/main.c:258:30: warning: passing argument 2 of 'strcat' from incompatible pointer type [-Wincompatible-pointer-types]
    strcat(encrypted_message, temp12);
                              ^~~~~~
In file included from c:\xilinx2017.1\sdk\2017.1\gnu\aarch32\nt\gcc-arm-none-eabi\arm-none-eabi\libc\usr\include\ctype.h:4:0,
                 from ../../Project_bsp/ps7_cortexa9_0/include/xil_printf.h:8,
                 from ../../Project_bsp/ps7_cortexa9_0/include/xil_io.h:65,
                 from ../src/PmodKYPD.h:30,
                 from ../src/main.c:36:
c:\xilinx2017.1\sdk\2017.1\gnu\aarch32\nt\gcc-arm-none-eabi\arm-none-eabi\libc\usr\include\string.h:26:8: note: expected 'const char * restrict' but argument is of type 'int *'
 char  *_EXFUN(strcat,(char *__restrict, const char *__restrict));
        ^
../src/main.c:266:13: warning: assignment from incompatible pointer type [-Wincompatible-pointer-types]
   int_array = encrypted_message;
             ^
../src/main.c:277:22: warning: passing argument 1 of 'Blowfish_decipher' from incompatible pointer type [-Wincompatible-pointer-types]
    Blowfish_decipher(temp1,temp12);
                      ^~~~~
In file included from ../src/main.c:97:0:
../src/BLOWFISH.C:117:6: note: expected 'long unsigned int *' but argument is of type 'int *'
 void Blowfish_decipher(unsigned long *xl, unsigned long *xr)
      ^~~~~~~~~~~~~~~~~
../src/main.c:277:28: warning: passing argument 2 of 'Blowfish_decipher' from incompatible pointer type [-Wincompatible-pointer-types]
    Blowfish_decipher(temp1,temp12);
                            ^~~~~~
In file included from ../src/main.c:97:0:
../src/BLOWFISH.C:117:6: note: expected 'long unsigned int *' but argument is of type 'int *'
 void Blowfish_decipher(unsigned long *xl, unsigned long *xr)
      ^~~~~~~~~~~~~~~~~
../src/main.c:278:30: warning: passing argument 2 of 'strcat' from incompatible pointer type [-Wincompatible-pointer-types]
    strcat(decrypted_message, temp1);
                              ^~~~~
In file included from c:\xilinx2017.1\sdk\2017.1\gnu\aarch32\nt\gcc-arm-none-eabi\arm-none-eabi\libc\usr\include\ctype.h:4:0,
                 from ../../Project_bsp/ps7_cortexa9_0/include/xil_printf.h:8,
                 from ../../Project_bsp/ps7_cortexa9_0/include/xil_io.h:65,
                 from ../src/PmodKYPD.h:30,
                 from ../src/main.c:36:
c:\xilinx2017.1\sdk\2017.1\gnu\aarch32\nt\gcc-arm-none-eabi\arm-none-eabi\libc\usr\include\string.h:26:8: note: expected 'const char * restrict' but argument is of type 'int *'
 char  *_EXFUN(strcat,(char *__restrict, const char *__restrict));
        ^
../src/main.c:279:30: warning: passing argument 2 of 'strcat' from incompatible pointer type [-Wincompatible-pointer-types]
    strcat(decrypted_message, temp12);
                              ^~~~~~
In file included from c:\xilinx2017.1\sdk\2017.1\gnu\aarch32\nt\gcc-arm-none-eabi\arm-none-eabi\libc\usr\include\ctype.h:4:0,
                 from ../../Project_bsp/ps7_cortexa9_0/include/xil_printf.h:8,
                 from ../../Project_bsp/ps7_cortexa9_0/include/xil_io.h:65,
                 from ../src/PmodKYPD.h:30,
                 from ../src/main.c:36:
c:\xilinx2017.1\sdk\2017.1\gnu\aarch32\nt\gcc-arm-none-eabi\arm-none-eabi\libc\usr\include\string.h:26:8: note: expected 'const char * restrict' but argument is of type 'int *'
 char  *_EXFUN(strcat,(char *__restrict, const char *__restrict));
        ^
../src/main.c:299:12: error: 'decrypted_message' undeclared (first use in this function)
  start_UDP(decrypted_message);
            ^~~~~~~~~~~~~~~~~
../src/main.c:299:12: note: each undeclared identifier is reported only once for each function it appears in
make: *** [src/main.o] Error 1
21:37:31 **** Incremental Build of configuration Debug for project Project ****
make pre-build main-build 
a9-linaro-pre-build-step
' '
'Building file: ../src/main.c'
'Invoking: ARM v7 gcc compiler'
arm-none-eabi-gcc -Wall -O0 -g3 -c -fmessage-length=0 -MT"src/main.o" -mcpu=cortex-a9 -mfpu=vfpv3 -mfloat-abi=hard -I../../Project_bsp/ps7_cortexa9_0/include -MMD -MP -MF"src/main.d" -MT"src/main.o" -o "src/main.o" "../src/main.c"
In file included from ../src/main.c:97:0:
../src/BLOWFISH.C:36:1: warning: missing braces around initializer [-Wmissing-braces]
 {
 ^
../src/BLOWFISH.C:36:1: note: (near initialization for 'S')
In file included from ../src/main.c:97:0:
../src/BLOWFISH.C: In function 'opensubkeyfile':
../src/BLOWFISH.C:57:21: warning: implicit declaration of function 'open' [-Wimplicit-function-declaration]
    if((SubkeyFile = open(subkeyfilename,"rb")) == NULL) {
                     ^~~~
../src/BLOWFISH.C:57:19: warning: assignment makes pointer from integer without a cast [-Wint-conversion]
    if((SubkeyFile = open(subkeyfilename,"rb")) == NULL) {
                   ^
../src/BLOWFISH.C: In function 'InitializeBlowfish':
../src/BLOWFISH.C:154:19: warning: variable 'numread' set but not used [-Wunused-but-set-variable]
    short          numread;
                   ^~~~~~~
../src/main.c: In function 'main':
../src/main.c:242:12: warning: assignment from incompatible pointer type [-Wincompatible-pointer-types]
  int_array = data_array;
            ^
../src/main.c:256:22: warning: passing argument 1 of 'Blowfish_encipher' from incompatible pointer type [-Wincompatible-pointer-types]
    Blowfish_encipher(temp1,temp12);
                      ^~~~~
In file included from ../src/main.c:97:0:
../src/BLOWFISH.C:87:6: note: expected 'long unsigned int *' but argument is of type 'int *'
 void Blowfish_encipher(unsigned long *xl, unsigned long *xr)
      ^~~~~~~~~~~~~~~~~
../src/main.c:256:28: warning: passing argument 2 of 'Blowfish_encipher' from incompatible pointer type [-Wincompatible-pointer-types]
    Blowfish_encipher(temp1,temp12);
                            ^~~~~~
In file included from ../src/main.c:97:0:
../src/BLOWFISH.C:87:6: note: expected 'long unsigned int *' but argument is of type 'int *'
 void Blowfish_encipher(unsigned long *xl, unsigned long *xr)
      ^~~~~~~~~~~~~~~~~
../src/main.c:257:30: warning: passing argument 2 of 'strcat' from incompatible pointer type [-Wincompatible-pointer-types]
    strcat(encrypted_message, temp1);
                              ^~~~~
In file included from c:\xilinx2017.1\sdk\2017.1\gnu\aarch32\nt\gcc-arm-none-eabi\arm-none-eabi\libc\usr\include\ctype.h:4:0,
                 from ../../Project_bsp/ps7_cortexa9_0/include/xil_printf.h:8,
                 from ../../Project_bsp/ps7_cortexa9_0/include/xil_io.h:65,
                 from ../src/PmodKYPD.h:30,
                 from ../src/main.c:36:
c:\xilinx2017.1\sdk\2017.1\gnu\aarch32\nt\gcc-arm-none-eabi\arm-none-eabi\libc\usr\include\string.h:26:8: note: expected 'const char * restrict' but argument is of type 'int *'
 char  *_EXFUN(strcat,(char *__restrict, const char *__restrict));
        ^
../src/main.c:258:30: warning: passing argument 2 of 'strcat' from incompatible pointer type [-Wincompatible-pointer-types]
    strcat(encrypted_message, temp12);
                              ^~~~~~
In file included from c:\xilinx2017.1\sdk\2017.1\gnu\aarch32\nt\gcc-arm-none-eabi\arm-none-eabi\libc\usr\include\ctype.h:4:0,
                 from ../../Project_bsp/ps7_cortexa9_0/include/xil_printf.h:8,
                 from ../../Project_bsp/ps7_cortexa9_0/include/xil_io.h:65,
                 from ../src/PmodKYPD.h:30,
                 from ../src/main.c:36:
c:\xilinx2017.1\sdk\2017.1\gnu\aarch32\nt\gcc-arm-none-eabi\arm-none-eabi\libc\usr\include\string.h:26:8: note: expected 'const char * restrict' but argument is of type 'int *'
 char  *_EXFUN(strcat,(char *__restrict, const char *__restrict));
        ^
../src/main.c:266:13: warning: assignment from incompatible pointer type [-Wincompatible-pointer-types]
   int_array = encrypted_message;
             ^
../src/main.c:277:22: warning: passing argument 1 of 'Blowfish_decipher' from incompatible pointer type [-Wincompatible-pointer-types]
    Blowfish_decipher(temp1,temp12);
                      ^~~~~
In file included from ../src/main.c:97:0:
../src/BLOWFISH.C:117:6: note: expected 'long unsigned int *' but argument is of type 'int *'
 void Blowfish_decipher(unsigned long *xl, unsigned long *xr)
      ^~~~~~~~~~~~~~~~~
../src/main.c:277:28: warning: passing argument 2 of 'Blowfish_decipher' from incompatible pointer type [-Wincompatible-pointer-types]
    Blowfish_decipher(temp1,temp12);
                            ^~~~~~
In file included from ../src/main.c:97:0:
../src/BLOWFISH.C:117:6: note: expected 'long unsigned int *' but argument is of type 'int *'
 void Blowfish_decipher(unsigned long *xl, unsigned long *xr)
      ^~~~~~~~~~~~~~~~~
../src/main.c:278:30: warning: passing argument 2 of 'strcat' from incompatible pointer type [-Wincompatible-pointer-types]
    strcat(decrypted_message, temp1);
                              ^~~~~
In file included from c:\xilinx2017.1\sdk\2017.1\gnu\aarch32\nt\gcc-arm-none-eabi\arm-none-eabi\libc\usr\include\ctype.h:4:0,
                 from ../../Project_bsp/ps7_cortexa9_0/include/xil_printf.h:8,
                 from ../../Project_bsp/ps7_cortexa9_0/include/xil_io.h:65,
                 from ../src/PmodKYPD.h:30,
                 from ../src/main.c:36:
c:\xilinx2017.1\sdk\2017.1\gnu\aarch32\nt\gcc-arm-none-eabi\arm-none-eabi\libc\usr\include\string.h:26:8: note: expected 'const char * restrict' but argument is of type 'int *'
 char  *_EXFUN(strcat,(char *__restrict, const char *__restrict));
        ^
../src/main.c:279:30: warning: passing argument 2 of 'strcat' from incompatible pointer type [-Wincompatible-pointer-types]
    strcat(decrypted_message, temp12);
                              ^~~~~~
In file included from c:\xilinx2017.1\sdk\2017.1\gnu\aarch32\nt\gcc-arm-none-eabi\arm-none-eabi\libc\usr\include\ctype.h:4:0,
                 from ../../Project_bsp/ps7_cortexa9_0/include/xil_printf.h:8,
                 from ../../Project_bsp/ps7_cortexa9_0/include/xil_io.h:65,
                 from ../src/PmodKYPD.h:30,
                 from ../src/main.c:36:
c:\xilinx2017.1\sdk\2017.1\gnu\aarch32\nt\gcc-arm-none-eabi\arm-none-eabi\libc\usr\include\string.h:26:8: note: expected 'const char * restrict' but argument is of type 'int *'
 char  *_EXFUN(strcat,(char *__restrict, const char *__restrict));
        ^
../src/main.c:299:12: error: 'decrypted_message' undeclared (first use in this function)
  start_UDP(decrypted_message);
            ^~~~~~~~~~~~~~~~~
../src/main.c:299:12: note: each undeclared identifier is reported only once for each function it appears in
make: *** [src/main.o] Error 1
21:38:06 **** Auto Build of configuration Debug for project Project ****
make pre-build main-build 
a9-linaro-pre-build-step
' '
'Building file: ../src/main.c'
'Invoking: ARM v7 gcc compiler'
arm-none-eabi-gcc -Wall -O0 -g3 -c -fmessage-length=0 -MT"src/main.o" -mcpu=cortex-a9 -mfpu=vfpv3 -mfloat-abi=hard -I../../Project_bsp/ps7_cortexa9_0/include -MMD -MP -MF"src/main.d" -MT"src/main.o" -o "src/main.o" "../src/main.c"
In file included from ../src/main.c:97:0:
../src/BLOWFISH.C:36:1: warning: missing braces around initializer [-Wmissing-braces]
 {
 ^
../src/BLOWFISH.C:36:1: note: (near initialization for 'S')
In file included from ../src/main.c:97:0:
../src/BLOWFISH.C: In function 'opensubkeyfile':
../src/BLOWFISH.C:57:21: warning: implicit declaration of function 'open' [-Wimplicit-function-declaration]
    if((SubkeyFile = open(subkeyfilename,"rb")) == NULL) {
                     ^~~~
../src/BLOWFISH.C:57:19: warning: assignment makes pointer from integer without a cast [-Wint-conversion]
    if((SubkeyFile = open(subkeyfilename,"rb")) == NULL) {
                   ^
../src/BLOWFISH.C: In function 'InitializeBlowfish':
../src/BLOWFISH.C:154:19: warning: variable 'numread' set but not used [-Wunused-but-set-variable]
    short          numread;
                   ^~~~~~~
../src/main.c: In function 'main':
../src/main.c:244:12: warning: assignment from incompatible pointer type [-Wincompatible-pointer-types]
  int_array = data_array;
            ^
../src/main.c:258:22: warning: passing argument 1 of 'Blowfish_encipher' from incompatible pointer type [-Wincompatible-pointer-types]
    Blowfish_encipher(temp1,temp12);
                      ^~~~~
In file included from ../src/main.c:97:0:
../src/BLOWFISH.C:87:6: note: expected 'long unsigned int *' but argument is of type 'int *'
 void Blowfish_encipher(unsigned long *xl, unsigned long *xr)
      ^~~~~~~~~~~~~~~~~
../src/main.c:258:28: warning: passing argument 2 of 'Blowfish_encipher' from incompatible pointer type [-Wincompatible-pointer-types]
    Blowfish_encipher(temp1,temp12);
                            ^~~~~~
In file included from ../src/main.c:97:0:
../src/BLOWFISH.C:87:6: note: expected 'long unsigned int *' but argument is of type 'int *'
 void Blowfish_encipher(unsigned long *xl, unsigned long *xr)
      ^~~~~~~~~~~~~~~~~
../src/main.c:259:30: warning: passing argument 2 of 'strcat' from incompatible pointer type [-Wincompatible-pointer-types]
    strcat(encrypted_message, temp1);
                              ^~~~~
In file included from c:\xilinx2017.1\sdk\2017.1\gnu\aarch32\nt\gcc-arm-none-eabi\arm-none-eabi\libc\usr\include\ctype.h:4:0,
                 from ../../Project_bsp/ps7_cortexa9_0/include/xil_printf.h:8,
                 from ../../Project_bsp/ps7_cortexa9_0/include/xil_io.h:65,
                 from ../src/PmodKYPD.h:30,
                 from ../src/main.c:36:
c:\xilinx2017.1\sdk\2017.1\gnu\aarch32\nt\gcc-arm-none-eabi\arm-none-eabi\libc\usr\include\string.h:26:8: note: expected 'const char * restrict' but argument is of type 'int *'
 char  *_EXFUN(strcat,(char *__restrict, const char *__restrict));
        ^
../src/main.c:260:30: warning: passing argument 2 of 'strcat' from incompatible pointer type [-Wincompatible-pointer-types]
    strcat(encrypted_message, temp12);
                              ^~~~~~
In file included from c:\xilinx2017.1\sdk\2017.1\gnu\aarch32\nt\gcc-arm-none-eabi\arm-none-eabi\libc\usr\include\ctype.h:4:0,
                 from ../../Project_bsp/ps7_cortexa9_0/include/xil_printf.h:8,
                 from ../../Project_bsp/ps7_cortexa9_0/include/xil_io.h:65,
                 from ../src/PmodKYPD.h:30,
                 from ../src/main.c:36:
c:\xilinx2017.1\sdk\2017.1\gnu\aarch32\nt\gcc-arm-none-eabi\arm-none-eabi\libc\usr\include\string.h:26:8: note: expected 'const char * restrict' but argument is of type 'int *'
 char  *_EXFUN(strcat,(char *__restrict, const char *__restrict));
        ^
../src/main.c:268:13: warning: assignment from incompatible pointer type [-Wincompatible-pointer-types]
   int_array = encrypted_message;
             ^
../src/main.c:276:22: warning: passing argument 1 of 'Blowfish_decipher' from incompatible pointer type [-Wincompatible-pointer-types]
    Blowfish_decipher(temp1,temp12);
                      ^~~~~
In file included from ../src/main.c:97:0:
../src/BLOWFISH.C:117:6: note: expected 'long unsigned int *' but argument is of type 'int *'
 void Blowfish_decipher(unsigned long *xl, unsigned long *xr)
      ^~~~~~~~~~~~~~~~~
../src/main.c:276:28: warning: passing argument 2 of 'Blowfish_decipher' from incompatible pointer type [-Wincompatible-pointer-types]
    Blowfish_decipher(temp1,temp12);
                            ^~~~~~
In file included from ../src/main.c:97:0:
../src/BLOWFISH.C:117:6: note: expected 'long unsigned int *' but argument is of type 'int *'
 void Blowfish_decipher(unsigned long *xl, unsigned long *xr)
      ^~~~~~~~~~~~~~~~~
../src/main.c:277:30: warning: passing argument 2 of 'strcat' from incompatible pointer type [-Wincompatible-pointer-types]
    strcat(decrypted_message, temp1);
                              ^~~~~
In file included from c:\xilinx2017.1\sdk\2017.1\gnu\aarch32\nt\gcc-arm-none-eabi\arm-none-eabi\libc\usr\include\ctype.h:4:0,
                 from ../../Project_bsp/ps7_cortexa9_0/include/xil_printf.h:8,
                 from ../../Project_bsp/ps7_cortexa9_0/include/xil_io.h:65,
                 from ../src/PmodKYPD.h:30,
                 from ../src/main.c:36:
c:\xilinx2017.1\sdk\2017.1\gnu\aarch32\nt\gcc-arm-none-eabi\arm-none-eabi\libc\usr\include\string.h:26:8: note: expected 'const char * restrict' but argument is of type 'int *'
 char  *_EXFUN(strcat,(char *__restrict, const char *__restrict));
        ^
../src/main.c:278:30: warning: passing argument 2 of 'strcat' from incompatible pointer type [-Wincompatible-pointer-types]
    strcat(decrypted_message, temp12);
                              ^~~~~~
In file included from c:\xilinx2017.1\sdk\2017.1\gnu\aarch32\nt\gcc-arm-none-eabi\arm-none-eabi\libc\usr\include\ctype.h:4:0,
                 from ../../Project_bsp/ps7_cortexa9_0/include/xil_printf.h:8,
                 from ../../Project_bsp/ps7_cortexa9_0/include/xil_io.h:65,
                 from ../src/PmodKYPD.h:30,
                 from ../src/main.c:36:
c:\xilinx2017.1\sdk\2017.1\gnu\aarch32\nt\gcc-arm-none-eabi\arm-none-eabi\libc\usr\include\string.h:26:8: note: expected 'const char * restrict' but argument is of type 'int *'
 char  *_EXFUN(strcat,(char *__restrict, const char *__restrict));
        ^
In file included from ../src/main.c:97:0:
../src/main.c: In function 'InitializeBlowfish':
../src/BLOWFISH.C:198:11: warning: 'data' may be used uninitialized in this function [-Wmaybe-uninitialized]
      P[i] = data;
      ~~~~~^~~~~~
'Finished building: ../src/main.c'
' '
'Building target: Project.elf'
'Invoking: ARM v7 gcc linker'
arm-none-eabi-gcc -mcpu=cortex-a9 -mfpu=vfpv3 -mfloat-abi=hard -Wl,-build-id=none -specs=Xilinx.spec -Wl,-T -Wl,../src/lscript.ld -L../../Project_bsp/ps7_cortexa9_0/lib -o "Project.elf"  ./src/PmodKYPD.o ./src/echo.o ./src/functions_4261.o ./src/i2c_access.o ./src/iic_phyreset.o ./src/main.o ./src/platform.o ./src/platform_mb.o ./src/platform_ppc.o ./src/platform_zynq.o ./src/platform_zynqmp.o ./src/sfp.o ./src/si5324.o   -Wl,--start-group,-lxil,-lgcc,-lc,--end-group -Wl,--start-group,-lxil,-llwip4,-lgcc,-lc,--end-group
'Finished building target: Project.elf'
' '
'Invoking: ARM v7 Print Size'
arm-none-eabi-size Project.elf  |tee "Project.elf.size"
   text	   data	    bss	    dec	    hex	filename
 150908	   8400	2218272	2377580	 24476c	Project.elf
'Finished building: Project.elf.size'
' '
21:38:08 **** Incremental Build of configuration Debug for project Project ****
make pre-build main-build 
a9-linaro-pre-build-step
' '
make: Nothing to be done for `main-build'.
21:48:06 **** Auto Build of configuration Debug for project Project ****
make pre-build main-build 
a9-linaro-pre-build-step
' '
'Building file: ../src/main.c'
'Invoking: ARM v7 gcc compiler'
arm-none-eabi-gcc -Wall -O0 -g3 -c -fmessage-length=0 -MT"src/main.o" -mcpu=cortex-a9 -mfpu=vfpv3 -mfloat-abi=hard -I../../Project_bsp/ps7_cortexa9_0/include -MMD -MP -MF"src/main.d" -MT"src/main.o" -o "src/main.o" "../src/main.c"
In file included from ../src/main.c:97:0:
../src/BLOWFISH.C:36:1: warning: missing braces around initializer [-Wmissing-braces]
 {
 ^
../src/BLOWFISH.C:36:1: note: (near initialization for 'S')
In file included from ../src/main.c:97:0:
../src/BLOWFISH.C: In function 'opensubkeyfile':
../src/BLOWFISH.C:57:21: warning: implicit declaration of function 'open' [-Wimplicit-function-declaration]
    if((SubkeyFile = open(subkeyfilename,"rb")) == NULL) {
                     ^~~~
../src/BLOWFISH.C:57:19: warning: assignment makes pointer from integer without a cast [-Wint-conversion]
    if((SubkeyFile = open(subkeyfilename,"rb")) == NULL) {
                   ^
../src/BLOWFISH.C: In function 'InitializeBlowfish':
../src/BLOWFISH.C:154:19: warning: variable 'numread' set but not used [-Wunused-but-set-variable]
    short          numread;
                   ^~~~~~~
../src/main.c: In function 'main':
../src/main.c:245:12: warning: assignment from incompatible pointer type [-Wincompatible-pointer-types]
  int_array = data_array;
            ^
../src/main.c:258:22: warning: passing argument 1 of 'Blowfish_encipher' from incompatible pointer type [-Wincompatible-pointer-types]
    Blowfish_encipher(temp1,temp12);
                      ^~~~~
In file included from ../src/main.c:97:0:
../src/BLOWFISH.C:87:6: note: expected 'long unsigned int *' but argument is of type 'int *'
 void Blowfish_encipher(unsigned long *xl, unsigned long *xr)
      ^~~~~~~~~~~~~~~~~
../src/main.c:258:28: warning: passing argument 2 of 'Blowfish_encipher' from incompatible pointer type [-Wincompatible-pointer-types]
    Blowfish_encipher(temp1,temp12);
                            ^~~~~~
In file included from ../src/main.c:97:0:
../src/BLOWFISH.C:87:6: note: expected 'long unsigned int *' but argument is of type 'int *'
 void Blowfish_encipher(unsigned long *xl, unsigned long *xr)
      ^~~~~~~~~~~~~~~~~
../src/main.c:259:30: warning: passing argument 2 of 'strcat' from incompatible pointer type [-Wincompatible-pointer-types]
    strcat(encrypted_message, temp1);
                              ^~~~~
In file included from c:\xilinx2017.1\sdk\2017.1\gnu\aarch32\nt\gcc-arm-none-eabi\arm-none-eabi\libc\usr\include\ctype.h:4:0,
                 from ../../Project_bsp/ps7_cortexa9_0/include/xil_printf.h:8,
                 from ../../Project_bsp/ps7_cortexa9_0/include/xil_io.h:65,
                 from ../src/PmodKYPD.h:30,
                 from ../src/main.c:36:
c:\xilinx2017.1\sdk\2017.1\gnu\aarch32\nt\gcc-arm-none-eabi\arm-none-eabi\libc\usr\include\string.h:26:8: note: expected 'const char * restrict' but argument is of type 'int *'
 char  *_EXFUN(strcat,(char *__restrict, const char *__restrict));
        ^
../src/main.c:260:30: warning: passing argument 2 of 'strcat' from incompatible pointer type [-Wincompatible-pointer-types]
    strcat(encrypted_message, temp12);
                              ^~~~~~
In file included from c:\xilinx2017.1\sdk\2017.1\gnu\aarch32\nt\gcc-arm-none-eabi\arm-none-eabi\libc\usr\include\ctype.h:4:0,
                 from ../../Project_bsp/ps7_cortexa9_0/include/xil_printf.h:8,
                 from ../../Project_bsp/ps7_cortexa9_0/include/xil_io.h:65,
                 from ../src/PmodKYPD.h:30,
                 from ../src/main.c:36:
c:\xilinx2017.1\sdk\2017.1\gnu\aarch32\nt\gcc-arm-none-eabi\arm-none-eabi\libc\usr\include\string.h:26:8: note: expected 'const char * restrict' but argument is of type 'int *'
 char  *_EXFUN(strcat,(char *__restrict, const char *__restrict));
        ^
../src/main.c:268:13: warning: assignment from incompatible pointer type [-Wincompatible-pointer-types]
   int_array = encrypted_message;
             ^
../src/main.c:276:22: warning: passing argument 1 of 'Blowfish_decipher' from incompatible pointer type [-Wincompatible-pointer-types]
    Blowfish_decipher(temp1,temp12);
                      ^~~~~
In file included from ../src/main.c:97:0:
../src/BLOWFISH.C:117:6: note: expected 'long unsigned int *' but argument is of type 'int *'
 void Blowfish_decipher(unsigned long *xl, unsigned long *xr)
      ^~~~~~~~~~~~~~~~~
../src/main.c:276:28: warning: passing argument 2 of 'Blowfish_decipher' from incompatible pointer type [-Wincompatible-pointer-types]
    Blowfish_decipher(temp1,temp12);
                            ^~~~~~
In file included from ../src/main.c:97:0:
../src/BLOWFISH.C:117:6: note: expected 'long unsigned int *' but argument is of type 'int *'
 void Blowfish_decipher(unsigned long *xl, unsigned long *xr)
      ^~~~~~~~~~~~~~~~~
../src/main.c:277:30: warning: passing argument 2 of 'strcat' from incompatible pointer type [-Wincompatible-pointer-types]
    strcat(decrypted_message, temp1);
                              ^~~~~
In file included from c:\xilinx2017.1\sdk\2017.1\gnu\aarch32\nt\gcc-arm-none-eabi\arm-none-eabi\libc\usr\include\ctype.h:4:0,
                 from ../../Project_bsp/ps7_cortexa9_0/include/xil_printf.h:8,
                 from ../../Project_bsp/ps7_cortexa9_0/include/xil_io.h:65,
                 from ../src/PmodKYPD.h:30,
                 from ../src/main.c:36:
c:\xilinx2017.1\sdk\2017.1\gnu\aarch32\nt\gcc-arm-none-eabi\arm-none-eabi\libc\usr\include\string.h:26:8: note: expected 'const char * restrict' but argument is of type 'int *'
 char  *_EXFUN(strcat,(char *__restrict, const char *__restrict));
        ^
../src/main.c:278:30: warning: passing argument 2 of 'strcat' from incompatible pointer type [-Wincompatible-pointer-types]
    strcat(decrypted_message, temp12);
                              ^~~~~~
In file included from c:\xilinx2017.1\sdk\2017.1\gnu\aarch32\nt\gcc-arm-none-eabi\arm-none-eabi\libc\usr\include\ctype.h:4:0,
                 from ../../Project_bsp/ps7_cortexa9_0/include/xil_printf.h:8,
                 from ../../Project_bsp/ps7_cortexa9_0/include/xil_io.h:65,
                 from ../src/PmodKYPD.h:30,
                 from ../src/main.c:36:
c:\xilinx2017.1\sdk\2017.1\gnu\aarch32\nt\gcc-arm-none-eabi\arm-none-eabi\libc\usr\include\string.h:26:8: note: expected 'const char * restrict' but argument is of type 'int *'
 char  *_EXFUN(strcat,(char *__restrict, const char *__restrict));
        ^
../src/main.c:290:31: error: expected expression before 'XBlowfish_encipher'
   XBlowfish_encipher_Set_xl_i(XBlowfish_encipher *InstancePtr, *temp1);
                               ^~~~~~~~~~~~~~~~~~
../src/main.c:290:3: error: too few arguments to function 'XBlowfish_encipher_Set_xl_i'
   XBlowfish_encipher_Set_xl_i(XBlowfish_encipher *InstancePtr, *temp1);
   ^~~~~~~~~~~~~~~~~~~~~~~~~~~
In file included from ../src/main.c:39:0:
../../Project_bsp/ps7_cortexa9_0/include/xblowfish_encipher.h:90:6: note: declared here
 void XBlowfish_encipher_Set_xl_i(XBlowfish_encipher *InstancePtr, u32 Data);
      ^~~~~~~~~~~~~~~~~~~~~~~~~~~
../src/main.c:293:31: error: expected expression before 'XBlowfish_encipher'
   XBlowfish_encipher_Set_xr_i(XBlowfish_encipher *InstancePtr, *temp12);
                               ^~~~~~~~~~~~~~~~~~
../src/main.c:293:3: error: too few arguments to function 'XBlowfish_encipher_Set_xr_i'
   XBlowfish_encipher_Set_xr_i(XBlowfish_encipher *InstancePtr, *temp12);
   ^~~~~~~~~~~~~~~~~~~~~~~~~~~
In file included from ../src/main.c:39:0:
../../Project_bsp/ps7_cortexa9_0/include/xblowfish_encipher.h:94:6: note: declared here
 void XBlowfish_encipher_Set_xr_i(XBlowfish_encipher *InstancePtr, u32 Data);
      ^~~~~~~~~~~~~~~~~~~~~~~~~~~
../src/main.c:296:28: error: expected expression before 'XBlowfish_encipher'
   XBlowfish_encipher_Start(XBlowfish_encipher *InstancePtr);
                            ^~~~~~~~~~~~~~~~~~
../src/main.c:297:37: error: expected expression before 'XBlowfish_encipher'
   while (!XBlowfish_encipher_IsDone(XBlowfish_encipher *InstancePtr));
                                     ^~~~~~~~~~~~~~~~~~
../src/main.c:299:58: error: expected expression before 'XBlowfish_encipher'
   strcat(encrypted_message, (XBlowfish_encipher_Get_xl_o(XBlowfish_encipher *InstancePtr));
                                                          ^~~~~~~~~~~~~~~~~~
../src/main.c:299:91: error: expected ')' before ';' token
   strcat(encrypted_message, (XBlowfish_encipher_Get_xl_o(XBlowfish_encipher *InstancePtr));
                                                                                           ^
../src/main.c:334:1: error: expected ';' before '}' token
 }
 ^
../src/main.c:503:1: error: expected declaration or statement at end of input
 }
 ^
../src/main.c:235:2: warning: label 'restart' defined but not used [-Wunused-label]
  restart:
  ^~~~~~~
At top level:
../src/main.c:494:6: warning: 'DisableCaches' defined but not used [-Wunused-function]
 void DisableCaches() {
      ^~~~~~~~~~~~~
../src/main.c:483:6: warning: 'EnableCaches' defined but not used [-Wunused-function]
 void EnableCaches() {
      ^~~~~~~~~~~~
../src/main.c:479:6: warning: 'DemoCleanup' defined but not used [-Wunused-function]
 void DemoCleanup() {
      ^~~~~~~~~~~
../src/main.c:352:7: warning: 'DemoRun' defined but not used [-Wunused-function]
 char *DemoRun() {
       ^~~~~~~
../src/main.c:346:6: warning: 'DemoInitialize' defined but not used [-Wunused-function]
 void DemoInitialize() {
      ^~~~~~~~~~~~~~
make: *** [src/main.o] Error 1
21:48:17 **** Incremental Build of configuration Debug for project Project ****
make pre-build main-build 
a9-linaro-pre-build-step
' '
'Building file: ../src/main.c'
'Invoking: ARM v7 gcc compiler'
arm-none-eabi-gcc -Wall -O0 -g3 -c -fmessage-length=0 -MT"src/main.o" -mcpu=cortex-a9 -mfpu=vfpv3 -mfloat-abi=hard -I../../Project_bsp/ps7_cortexa9_0/include -MMD -MP -MF"src/main.d" -MT"src/main.o" -o "src/main.o" "../src/main.c"
In file included from ../src/main.c:97:0:
../src/BLOWFISH.C:36:1: warning: missing braces around initializer [-Wmissing-braces]
 {
 ^
../src/BLOWFISH.C:36:1: note: (near initialization for 'S')
In file included from ../src/main.c:97:0:
../src/BLOWFISH.C: In function 'opensubkeyfile':
../src/BLOWFISH.C:57:21: warning: implicit declaration of function 'open' [-Wimplicit-function-declaration]
    if((SubkeyFile = open(subkeyfilename,"rb")) == NULL) {
                     ^~~~
../src/BLOWFISH.C:57:19: warning: assignment makes pointer from integer without a cast [-Wint-conversion]
    if((SubkeyFile = open(subkeyfilename,"rb")) == NULL) {
                   ^
../src/BLOWFISH.C: In function 'InitializeBlowfish':
../src/BLOWFISH.C:154:19: warning: variable 'numread' set but not used [-Wunused-but-set-variable]
    short          numread;
                   ^~~~~~~
../src/main.c: In function 'main':
../src/main.c:245:12: warning: assignment from incompatible pointer type [-Wincompatible-pointer-types]
  int_array = data_array;
            ^
../src/main.c:258:22: warning: passing argument 1 of 'Blowfish_encipher' from incompatible pointer type [-Wincompatible-pointer-types]
    Blowfish_encipher(temp1,temp12);
                      ^~~~~
In file included from ../src/main.c:97:0:
../src/BLOWFISH.C:87:6: note: expected 'long unsigned int *' but argument is of type 'int *'
 void Blowfish_encipher(unsigned long *xl, unsigned long *xr)
      ^~~~~~~~~~~~~~~~~
../src/main.c:258:28: warning: passing argument 2 of 'Blowfish_encipher' from incompatible pointer type [-Wincompatible-pointer-types]
    Blowfish_encipher(temp1,temp12);
                            ^~~~~~
In file included from ../src/main.c:97:0:
../src/BLOWFISH.C:87:6: note: expected 'long unsigned int *' but argument is of type 'int *'
 void Blowfish_encipher(unsigned long *xl, unsigned long *xr)
      ^~~~~~~~~~~~~~~~~
../src/main.c:259:30: warning: passing argument 2 of 'strcat' from incompatible pointer type [-Wincompatible-pointer-types]
    strcat(encrypted_message, temp1);
                              ^~~~~
In file included from c:\xilinx2017.1\sdk\2017.1\gnu\aarch32\nt\gcc-arm-none-eabi\arm-none-eabi\libc\usr\include\ctype.h:4:0,
                 from ../../Project_bsp/ps7_cortexa9_0/include/xil_printf.h:8,
                 from ../../Project_bsp/ps7_cortexa9_0/include/xil_io.h:65,
                 from ../src/PmodKYPD.h:30,
                 from ../src/main.c:36:
c:\xilinx2017.1\sdk\2017.1\gnu\aarch32\nt\gcc-arm-none-eabi\arm-none-eabi\libc\usr\include\string.h:26:8: note: expected 'const char * restrict' but argument is of type 'int *'
 char  *_EXFUN(strcat,(char *__restrict, const char *__restrict));
        ^
../src/main.c:260:30: warning: passing argument 2 of 'strcat' from incompatible pointer type [-Wincompatible-pointer-types]
    strcat(encrypted_message, temp12);
                              ^~~~~~
In file included from c:\xilinx2017.1\sdk\2017.1\gnu\aarch32\nt\gcc-arm-none-eabi\arm-none-eabi\libc\usr\include\ctype.h:4:0,
                 from ../../Project_bsp/ps7_cortexa9_0/include/xil_printf.h:8,
                 from ../../Project_bsp/ps7_cortexa9_0/include/xil_io.h:65,
                 from ../src/PmodKYPD.h:30,
                 from ../src/main.c:36:
c:\xilinx2017.1\sdk\2017.1\gnu\aarch32\nt\gcc-arm-none-eabi\arm-none-eabi\libc\usr\include\string.h:26:8: note: expected 'const char * restrict' but argument is of type 'int *'
 char  *_EXFUN(strcat,(char *__restrict, const char *__restrict));
        ^
../src/main.c:268:13: warning: assignment from incompatible pointer type [-Wincompatible-pointer-types]
   int_array = encrypted_message;
             ^
../src/main.c:276:22: warning: passing argument 1 of 'Blowfish_decipher' from incompatible pointer type [-Wincompatible-pointer-types]
    Blowfish_decipher(temp1,temp12);
                      ^~~~~
In file included from ../src/main.c:97:0:
../src/BLOWFISH.C:117:6: note: expected 'long unsigned int *' but argument is of type 'int *'
 void Blowfish_decipher(unsigned long *xl, unsigned long *xr)
      ^~~~~~~~~~~~~~~~~
../src/main.c:276:28: warning: passing argument 2 of 'Blowfish_decipher' from incompatible pointer type [-Wincompatible-pointer-types]
    Blowfish_decipher(temp1,temp12);
                            ^~~~~~
In file included from ../src/main.c:97:0:
../src/BLOWFISH.C:117:6: note: expected 'long unsigned int *' but argument is of type 'int *'
 void Blowfish_decipher(unsigned long *xl, unsigned long *xr)
      ^~~~~~~~~~~~~~~~~
../src/main.c:277:30: warning: passing argument 2 of 'strcat' from incompatible pointer type [-Wincompatible-pointer-types]
    strcat(decrypted_message, temp1);
                              ^~~~~
In file included from c:\xilinx2017.1\sdk\2017.1\gnu\aarch32\nt\gcc-arm-none-eabi\arm-none-eabi\libc\usr\include\ctype.h:4:0,
                 from ../../Project_bsp/ps7_cortexa9_0/include/xil_printf.h:8,
                 from ../../Project_bsp/ps7_cortexa9_0/include/xil_io.h:65,
                 from ../src/PmodKYPD.h:30,
                 from ../src/main.c:36:
c:\xilinx2017.1\sdk\2017.1\gnu\aarch32\nt\gcc-arm-none-eabi\arm-none-eabi\libc\usr\include\string.h:26:8: note: expected 'const char * restrict' but argument is of type 'int *'
 char  *_EXFUN(strcat,(char *__restrict, const char *__restrict));
        ^
../src/main.c:278:30: warning: passing argument 2 of 'strcat' from incompatible pointer type [-Wincompatible-pointer-types]
    strcat(decrypted_message, temp12);
                              ^~~~~~
In file included from c:\xilinx2017.1\sdk\2017.1\gnu\aarch32\nt\gcc-arm-none-eabi\arm-none-eabi\libc\usr\include\ctype.h:4:0,
                 from ../../Project_bsp/ps7_cortexa9_0/include/xil_printf.h:8,
                 from ../../Project_bsp/ps7_cortexa9_0/include/xil_io.h:65,
                 from ../src/PmodKYPD.h:30,
                 from ../src/main.c:36:
c:\xilinx2017.1\sdk\2017.1\gnu\aarch32\nt\gcc-arm-none-eabi\arm-none-eabi\libc\usr\include\string.h:26:8: note: expected 'const char * restrict' but argument is of type 'int *'
 char  *_EXFUN(strcat,(char *__restrict, const char *__restrict));
        ^
../src/main.c:290:31: error: expected expression before 'XBlowfish_encipher'
   XBlowfish_encipher_Set_xl_i(XBlowfish_encipher *InstancePtr, *temp1);
                               ^~~~~~~~~~~~~~~~~~
../src/main.c:290:3: error: too few arguments to function 'XBlowfish_encipher_Set_xl_i'
   XBlowfish_encipher_Set_xl_i(XBlowfish_encipher *InstancePtr, *temp1);
   ^~~~~~~~~~~~~~~~~~~~~~~~~~~
In file included from ../src/main.c:39:0:
../../Project_bsp/ps7_cortexa9_0/include/xblowfish_encipher.h:90:6: note: declared here
 void XBlowfish_encipher_Set_xl_i(XBlowfish_encipher *InstancePtr, u32 Data);
      ^~~~~~~~~~~~~~~~~~~~~~~~~~~
../src/main.c:293:31: error: expected expression before 'XBlowfish_encipher'
   XBlowfish_encipher_Set_xr_i(XBlowfish_encipher *InstancePtr, *temp12);
                               ^~~~~~~~~~~~~~~~~~
../src/main.c:293:3: error: too few arguments to function 'XBlowfish_encipher_Set_xr_i'
   XBlowfish_encipher_Set_xr_i(XBlowfish_encipher *InstancePtr, *temp12);
   ^~~~~~~~~~~~~~~~~~~~~~~~~~~
In file included from ../src/main.c:39:0:
../../Project_bsp/ps7_cortexa9_0/include/xblowfish_encipher.h:94:6: note: declared here
 void XBlowfish_encipher_Set_xr_i(XBlowfish_encipher *InstancePtr, u32 Data);
      ^~~~~~~~~~~~~~~~~~~~~~~~~~~
../src/main.c:296:28: error: expected expression before 'XBlowfish_encipher'
   XBlowfish_encipher_Start(XBlowfish_encipher *InstancePtr);
                            ^~~~~~~~~~~~~~~~~~
../src/main.c:297:37: error: expected expression before 'XBlowfish_encipher'
   while (!XBlowfish_encipher_IsDone(XBlowfish_encipher *InstancePtr));
                                     ^~~~~~~~~~~~~~~~~~
../src/main.c:299:58: error: expected expression before 'XBlowfish_encipher'
   strcat(encrypted_message, (XBlowfish_encipher_Get_xl_o(XBlowfish_encipher *InstancePtr));
                                                          ^~~~~~~~~~~~~~~~~~
../src/main.c:299:91: error: expected ')' before ';' token
   strcat(encrypted_message, (XBlowfish_encipher_Get_xl_o(XBlowfish_encipher *InstancePtr));
                                                                                           ^
../src/main.c:334:1: error: expected ';' before '}' token
 }
 ^
../src/main.c:503:1: error: expected declaration or statement at end of input
 }
 ^
../src/main.c:235:2: warning: label 'restart' defined but not used [-Wunused-label]
  restart:
  ^~~~~~~
At top level:
../src/main.c:494:6: warning: 'DisableCaches' defined but not used [-Wunused-function]
 void DisableCaches() {
      ^~~~~~~~~~~~~
../src/main.c:483:6: warning: 'EnableCaches' defined but not used [-Wunused-function]
 void EnableCaches() {
      ^~~~~~~~~~~~
../src/main.c:479:6: warning: 'DemoCleanup' defined but not used [-Wunused-function]
 void DemoCleanup() {
      ^~~~~~~~~~~
../src/main.c:352:7: warning: 'DemoRun' defined but not used [-Wunused-function]
 char *DemoRun() {
       ^~~~~~~
../src/main.c:346:6: warning: 'DemoInitialize' defined but not used [-Wunused-function]
 void DemoInitialize() {
      ^~~~~~~~~~~~~~
make: *** [src/main.o] Error 1
21:54:32 **** Auto Build of configuration Debug for project Project ****
make pre-build main-build 
a9-linaro-pre-build-step
' '
'Building file: ../src/main.c'
'Invoking: ARM v7 gcc compiler'
arm-none-eabi-gcc -Wall -O0 -g3 -c -fmessage-length=0 -MT"src/main.o" -mcpu=cortex-a9 -mfpu=vfpv3 -mfloat-abi=hard -I../../Project_bsp/ps7_cortexa9_0/include -MMD -MP -MF"src/main.d" -MT"src/main.o" -o "src/main.o" "../src/main.c"
In file included from ../src/main.c:97:0:
../src/BLOWFISH.C:36:1: warning: missing braces around initializer [-Wmissing-braces]
 {
 ^
../src/BLOWFISH.C:36:1: note: (near initialization for 'S')
In file included from ../src/main.c:97:0:
../src/BLOWFISH.C: In function 'opensubkeyfile':
../src/BLOWFISH.C:57:21: warning: implicit declaration of function 'open' [-Wimplicit-function-declaration]
    if((SubkeyFile = open(subkeyfilename,"rb")) == NULL) {
                     ^~~~
../src/BLOWFISH.C:57:19: warning: assignment makes pointer from integer without a cast [-Wint-conversion]
    if((SubkeyFile = open(subkeyfilename,"rb")) == NULL) {
                   ^
../src/BLOWFISH.C: In function 'InitializeBlowfish':
../src/BLOWFISH.C:154:19: warning: variable 'numread' set but not used [-Wunused-but-set-variable]
    short          numread;
                   ^~~~~~~
../src/main.c: In function 'main':
../src/main.c:247:12: warning: assignment from incompatible pointer type [-Wincompatible-pointer-types]
  int_array = data_array;
            ^
../src/main.c:260:22: warning: passing argument 1 of 'Blowfish_encipher' from incompatible pointer type [-Wincompatible-pointer-types]
    Blowfish_encipher(temp1,temp12);
                      ^~~~~
In file included from ../src/main.c:97:0:
../src/BLOWFISH.C:87:6: note: expected 'long unsigned int *' but argument is of type 'int *'
 void Blowfish_encipher(unsigned long *xl, unsigned long *xr)
      ^~~~~~~~~~~~~~~~~
../src/main.c:260:28: warning: passing argument 2 of 'Blowfish_encipher' from incompatible pointer type [-Wincompatible-pointer-types]
    Blowfish_encipher(temp1,temp12);
                            ^~~~~~
In file included from ../src/main.c:97:0:
../src/BLOWFISH.C:87:6: note: expected 'long unsigned int *' but argument is of type 'int *'
 void Blowfish_encipher(unsigned long *xl, unsigned long *xr)
      ^~~~~~~~~~~~~~~~~
../src/main.c:261:30: warning: passing argument 2 of 'strcat' from incompatible pointer type [-Wincompatible-pointer-types]
    strcat(encrypted_message, temp1);
                              ^~~~~
In file included from c:\xilinx2017.1\sdk\2017.1\gnu\aarch32\nt\gcc-arm-none-eabi\arm-none-eabi\libc\usr\include\ctype.h:4:0,
                 from ../../Project_bsp/ps7_cortexa9_0/include/xil_printf.h:8,
                 from ../../Project_bsp/ps7_cortexa9_0/include/xil_io.h:65,
                 from ../src/PmodKYPD.h:30,
                 from ../src/main.c:36:
c:\xilinx2017.1\sdk\2017.1\gnu\aarch32\nt\gcc-arm-none-eabi\arm-none-eabi\libc\usr\include\string.h:26:8: note: expected 'const char * restrict' but argument is of type 'int *'
 char  *_EXFUN(strcat,(char *__restrict, const char *__restrict));
        ^
../src/main.c:262:30: warning: passing argument 2 of 'strcat' from incompatible pointer type [-Wincompatible-pointer-types]
    strcat(encrypted_message, temp12);
                              ^~~~~~
In file included from c:\xilinx2017.1\sdk\2017.1\gnu\aarch32\nt\gcc-arm-none-eabi\arm-none-eabi\libc\usr\include\ctype.h:4:0,
                 from ../../Project_bsp/ps7_cortexa9_0/include/xil_printf.h:8,
                 from ../../Project_bsp/ps7_cortexa9_0/include/xil_io.h:65,
                 from ../src/PmodKYPD.h:30,
                 from ../src/main.c:36:
c:\xilinx2017.1\sdk\2017.1\gnu\aarch32\nt\gcc-arm-none-eabi\arm-none-eabi\libc\usr\include\string.h:26:8: note: expected 'const char * restrict' but argument is of type 'int *'
 char  *_EXFUN(strcat,(char *__restrict, const char *__restrict));
        ^
../src/main.c:270:13: warning: assignment from incompatible pointer type [-Wincompatible-pointer-types]
   int_array = encrypted_message;
             ^
../src/main.c:278:22: warning: passing argument 1 of 'Blowfish_decipher' from incompatible pointer type [-Wincompatible-pointer-types]
    Blowfish_decipher(temp1,temp12);
                      ^~~~~
In file included from ../src/main.c:97:0:
../src/BLOWFISH.C:117:6: note: expected 'long unsigned int *' but argument is of type 'int *'
 void Blowfish_decipher(unsigned long *xl, unsigned long *xr)
      ^~~~~~~~~~~~~~~~~
../src/main.c:278:28: warning: passing argument 2 of 'Blowfish_decipher' from incompatible pointer type [-Wincompatible-pointer-types]
    Blowfish_decipher(temp1,temp12);
                            ^~~~~~
In file included from ../src/main.c:97:0:
../src/BLOWFISH.C:117:6: note: expected 'long unsigned int *' but argument is of type 'int *'
 void Blowfish_decipher(unsigned long *xl, unsigned long *xr)
      ^~~~~~~~~~~~~~~~~
../src/main.c:279:30: warning: passing argument 2 of 'strcat' from incompatible pointer type [-Wincompatible-pointer-types]
    strcat(decrypted_message, temp1);
                              ^~~~~
In file included from c:\xilinx2017.1\sdk\2017.1\gnu\aarch32\nt\gcc-arm-none-eabi\arm-none-eabi\libc\usr\include\ctype.h:4:0,
                 from ../../Project_bsp/ps7_cortexa9_0/include/xil_printf.h:8,
                 from ../../Project_bsp/ps7_cortexa9_0/include/xil_io.h:65,
                 from ../src/PmodKYPD.h:30,
                 from ../src/main.c:36:
c:\xilinx2017.1\sdk\2017.1\gnu\aarch32\nt\gcc-arm-none-eabi\arm-none-eabi\libc\usr\include\string.h:26:8: note: expected 'const char * restrict' but argument is of type 'int *'
 char  *_EXFUN(strcat,(char *__restrict, const char *__restrict));
        ^
../src/main.c:280:30: warning: passing argument 2 of 'strcat' from incompatible pointer type [-Wincompatible-pointer-types]
    strcat(decrypted_message, temp12);
                              ^~~~~~
In file included from c:\xilinx2017.1\sdk\2017.1\gnu\aarch32\nt\gcc-arm-none-eabi\arm-none-eabi\libc\usr\include\ctype.h:4:0,
                 from ../../Project_bsp/ps7_cortexa9_0/include/xil_printf.h:8,
                 from ../../Project_bsp/ps7_cortexa9_0/include/xil_io.h:65,
                 from ../src/PmodKYPD.h:30,
                 from ../src/main.c:36:
c:\xilinx2017.1\sdk\2017.1\gnu\aarch32\nt\gcc-arm-none-eabi\arm-none-eabi\libc\usr\include\string.h:26:8: note: expected 'const char * restrict' but argument is of type 'int *'
 char  *_EXFUN(strcat,(char *__restrict, const char *__restrict));
        ^
../src/main.c:292:31: error: expected expression before 'XBlowfish_encipher'
   XBlowfish_encipher_Set_xl_i(XBlowfish_encipher *InstancePtr, *temp1);
                               ^~~~~~~~~~~~~~~~~~
../src/main.c:292:3: error: too few arguments to function 'XBlowfish_encipher_Set_xl_i'
   XBlowfish_encipher_Set_xl_i(XBlowfish_encipher *InstancePtr, *temp1);
   ^~~~~~~~~~~~~~~~~~~~~~~~~~~
In file included from ../src/main.c:39:0:
../../Project_bsp/ps7_cortexa9_0/include/xblowfish_encipher.h:90:6: note: declared here
 void XBlowfish_encipher_Set_xl_i(XBlowfish_encipher *InstancePtr, u32 Data);
      ^~~~~~~~~~~~~~~~~~~~~~~~~~~
../src/main.c:295:31: error: expected expression before 'XBlowfish_encipher'
   XBlowfish_encipher_Set_xr_i(XBlowfish_encipher *InstancePtr, *temp12);
                               ^~~~~~~~~~~~~~~~~~
../src/main.c:295:3: error: too few arguments to function 'XBlowfish_encipher_Set_xr_i'
   XBlowfish_encipher_Set_xr_i(XBlowfish_encipher *InstancePtr, *temp12);
   ^~~~~~~~~~~~~~~~~~~~~~~~~~~
In file included from ../src/main.c:39:0:
../../Project_bsp/ps7_cortexa9_0/include/xblowfish_encipher.h:94:6: note: declared here
 void XBlowfish_encipher_Set_xr_i(XBlowfish_encipher *InstancePtr, u32 Data);
      ^~~~~~~~~~~~~~~~~~~~~~~~~~~
../src/main.c:298:28: error: expected expression before 'XBlowfish_encipher'
   XBlowfish_encipher_Start(XBlowfish_encipher *InstancePtr);
                            ^~~~~~~~~~~~~~~~~~
../src/main.c:299:37: error: expected expression before 'XBlowfish_encipher'
   while (!XBlowfish_encipher_IsDone(XBlowfish_encipher *InstancePtr));
                                     ^~~~~~~~~~~~~~~~~~
../src/main.c:301:58: error: expected expression before 'XBlowfish_encipher'
   strcat(encrypted_message, (XBlowfish_encipher_Get_xl_o(XBlowfish_encipher *InstancePtr));
                                                          ^~~~~~~~~~~~~~~~~~
../src/main.c:301:91: error: expected ')' before ';' token
   strcat(encrypted_message, (XBlowfish_encipher_Get_xl_o(XBlowfish_encipher *InstancePtr));
                                                                                           ^
../src/main.c:336:1: error: expected ';' before '}' token
 }
 ^
../src/main.c:505:1: error: expected declaration or statement at end of input
 }
 ^
../src/main.c:237:2: warning: label 'restart' defined but not used [-Wunused-label]
  restart:
  ^~~~~~~
At top level:
../src/main.c:496:6: warning: 'DisableCaches' defined but not used [-Wunused-function]
 void DisableCaches() {
      ^~~~~~~~~~~~~
../src/main.c:485:6: warning: 'EnableCaches' defined but not used [-Wunused-function]
 void EnableCaches() {
      ^~~~~~~~~~~~
../src/main.c:481:6: warning: 'DemoCleanup' defined but not used [-Wunused-function]
 void DemoCleanup() {
      ^~~~~~~~~~~
../src/main.c:354:7: warning: 'DemoRun' defined but not used [-Wunused-function]
 char *DemoRun() {
       ^~~~~~~
../src/main.c:348:6: warning: 'DemoInitialize' defined but not used [-Wunused-function]
 void DemoInitialize() {
      ^~~~~~~~~~~~~~
make: *** [src/main.o] Error 1
21:55:12 **** Auto Build of configuration Debug for project Project ****
make pre-build main-build 
a9-linaro-pre-build-step
' '
'Building file: ../src/main.c'
'Invoking: ARM v7 gcc compiler'
arm-none-eabi-gcc -Wall -O0 -g3 -c -fmessage-length=0 -MT"src/main.o" -mcpu=cortex-a9 -mfpu=vfpv3 -mfloat-abi=hard -I../../Project_bsp/ps7_cortexa9_0/include -MMD -MP -MF"src/main.d" -MT"src/main.o" -o "src/main.o" "../src/main.c"
In file included from ../src/main.c:97:0:
../src/BLOWFISH.C:36:1: warning: missing braces around initializer [-Wmissing-braces]
 {
 ^
../src/BLOWFISH.C:36:1: note: (near initialization for 'S')
In file included from ../src/main.c:97:0:
../src/BLOWFISH.C: In function 'opensubkeyfile':
../src/BLOWFISH.C:57:21: warning: implicit declaration of function 'open' [-Wimplicit-function-declaration]
    if((SubkeyFile = open(subkeyfilename,"rb")) == NULL) {
                     ^~~~
../src/BLOWFISH.C:57:19: warning: assignment makes pointer from integer without a cast [-Wint-conversion]
    if((SubkeyFile = open(subkeyfilename,"rb")) == NULL) {
                   ^
../src/BLOWFISH.C: In function 'InitializeBlowfish':
../src/BLOWFISH.C:154:19: warning: variable 'numread' set but not used [-Wunused-but-set-variable]
    short          numread;
                   ^~~~~~~
../src/main.c: In function 'main':
../src/main.c:247:12: warning: assignment from incompatible pointer type [-Wincompatible-pointer-types]
  int_array = data_array;
            ^
../src/main.c:260:22: warning: passing argument 1 of 'Blowfish_encipher' from incompatible pointer type [-Wincompatible-pointer-types]
    Blowfish_encipher(temp1,temp12);
                      ^~~~~
In file included from ../src/main.c:97:0:
../src/BLOWFISH.C:87:6: note: expected 'long unsigned int *' but argument is of type 'int *'
 void Blowfish_encipher(unsigned long *xl, unsigned long *xr)
      ^~~~~~~~~~~~~~~~~
../src/main.c:260:28: warning: passing argument 2 of 'Blowfish_encipher' from incompatible pointer type [-Wincompatible-pointer-types]
    Blowfish_encipher(temp1,temp12);
                            ^~~~~~
In file included from ../src/main.c:97:0:
../src/BLOWFISH.C:87:6: note: expected 'long unsigned int *' but argument is of type 'int *'
 void Blowfish_encipher(unsigned long *xl, unsigned long *xr)
      ^~~~~~~~~~~~~~~~~
../src/main.c:261:30: warning: passing argument 2 of 'strcat' from incompatible pointer type [-Wincompatible-pointer-types]
    strcat(encrypted_message, temp1);
                              ^~~~~
In file included from c:\xilinx2017.1\sdk\2017.1\gnu\aarch32\nt\gcc-arm-none-eabi\arm-none-eabi\libc\usr\include\ctype.h:4:0,
                 from ../../Project_bsp/ps7_cortexa9_0/include/xil_printf.h:8,
                 from ../../Project_bsp/ps7_cortexa9_0/include/xil_io.h:65,
                 from ../src/PmodKYPD.h:30,
                 from ../src/main.c:36:
c:\xilinx2017.1\sdk\2017.1\gnu\aarch32\nt\gcc-arm-none-eabi\arm-none-eabi\libc\usr\include\string.h:26:8: note: expected 'const char * restrict' but argument is of type 'int *'
 char  *_EXFUN(strcat,(char *__restrict, const char *__restrict));
        ^
../src/main.c:262:30: warning: passing argument 2 of 'strcat' from incompatible pointer type [-Wincompatible-pointer-types]
    strcat(encrypted_message, temp12);
                              ^~~~~~
In file included from c:\xilinx2017.1\sdk\2017.1\gnu\aarch32\nt\gcc-arm-none-eabi\arm-none-eabi\libc\usr\include\ctype.h:4:0,
                 from ../../Project_bsp/ps7_cortexa9_0/include/xil_printf.h:8,
                 from ../../Project_bsp/ps7_cortexa9_0/include/xil_io.h:65,
                 from ../src/PmodKYPD.h:30,
                 from ../src/main.c:36:
c:\xilinx2017.1\sdk\2017.1\gnu\aarch32\nt\gcc-arm-none-eabi\arm-none-eabi\libc\usr\include\string.h:26:8: note: expected 'const char * restrict' but argument is of type 'int *'
 char  *_EXFUN(strcat,(char *__restrict, const char *__restrict));
        ^
../src/main.c:270:13: warning: assignment from incompatible pointer type [-Wincompatible-pointer-types]
   int_array = encrypted_message;
             ^
../src/main.c:278:22: warning: passing argument 1 of 'Blowfish_decipher' from incompatible pointer type [-Wincompatible-pointer-types]
    Blowfish_decipher(temp1,temp12);
                      ^~~~~
In file included from ../src/main.c:97:0:
../src/BLOWFISH.C:117:6: note: expected 'long unsigned int *' but argument is of type 'int *'
 void Blowfish_decipher(unsigned long *xl, unsigned long *xr)
      ^~~~~~~~~~~~~~~~~
../src/main.c:278:28: warning: passing argument 2 of 'Blowfish_decipher' from incompatible pointer type [-Wincompatible-pointer-types]
    Blowfish_decipher(temp1,temp12);
                            ^~~~~~
In file included from ../src/main.c:97:0:
../src/BLOWFISH.C:117:6: note: expected 'long unsigned int *' but argument is of type 'int *'
 void Blowfish_decipher(unsigned long *xl, unsigned long *xr)
      ^~~~~~~~~~~~~~~~~
../src/main.c:279:30: warning: passing argument 2 of 'strcat' from incompatible pointer type [-Wincompatible-pointer-types]
    strcat(decrypted_message, temp1);
                              ^~~~~
In file included from c:\xilinx2017.1\sdk\2017.1\gnu\aarch32\nt\gcc-arm-none-eabi\arm-none-eabi\libc\usr\include\ctype.h:4:0,
                 from ../../Project_bsp/ps7_cortexa9_0/include/xil_printf.h:8,
                 from ../../Project_bsp/ps7_cortexa9_0/include/xil_io.h:65,
                 from ../src/PmodKYPD.h:30,
                 from ../src/main.c:36:
c:\xilinx2017.1\sdk\2017.1\gnu\aarch32\nt\gcc-arm-none-eabi\arm-none-eabi\libc\usr\include\string.h:26:8: note: expected 'const char * restrict' but argument is of type 'int *'
 char  *_EXFUN(strcat,(char *__restrict, const char *__restrict));
        ^
../src/main.c:280:30: warning: passing argument 2 of 'strcat' from incompatible pointer type [-Wincompatible-pointer-types]
    strcat(decrypted_message, temp12);
                              ^~~~~~
In file included from c:\xilinx2017.1\sdk\2017.1\gnu\aarch32\nt\gcc-arm-none-eabi\arm-none-eabi\libc\usr\include\ctype.h:4:0,
                 from ../../Project_bsp/ps7_cortexa9_0/include/xil_printf.h:8,
                 from ../../Project_bsp/ps7_cortexa9_0/include/xil_io.h:65,
                 from ../src/PmodKYPD.h:30,
                 from ../src/main.c:36:
c:\xilinx2017.1\sdk\2017.1\gnu\aarch32\nt\gcc-arm-none-eabi\arm-none-eabi\libc\usr\include\string.h:26:8: note: expected 'const char * restrict' but argument is of type 'int *'
 char  *_EXFUN(strcat,(char *__restrict, const char *__restrict));
        ^
../src/main.c:301:68: error: expected ')' before ';' token
   strcat(encrypted_message, (XBlowfish_encipher_Get_xl_o(&ENCRYPT));
                                                                    ^
../src/main.c:301:29: warning: passing argument 2 of 'strcat' makes pointer from integer without a cast [-Wint-conversion]
   strcat(encrypted_message, (XBlowfish_encipher_Get_xl_o(&ENCRYPT));
                             ^
In file included from c:\xilinx2017.1\sdk\2017.1\gnu\aarch32\nt\gcc-arm-none-eabi\arm-none-eabi\libc\usr\include\ctype.h:4:0,
                 from ../../Project_bsp/ps7_cortexa9_0/include/xil_printf.h:8,
                 from ../../Project_bsp/ps7_cortexa9_0/include/xil_io.h:65,
                 from ../src/PmodKYPD.h:30,
                 from ../src/main.c:36:
c:\xilinx2017.1\sdk\2017.1\gnu\aarch32\nt\gcc-arm-none-eabi\arm-none-eabi\libc\usr\include\string.h:26:8: note: expected 'const char * restrict' but argument is of type 'u32 {aka long unsigned int}'
 char  *_EXFUN(strcat,(char *__restrict, const char *__restrict));
        ^
../src/main.c:336:1: error: expected ';' before '}' token
 }
 ^
../src/main.c:505:1: error: expected declaration or statement at end of input
 }
 ^
../src/main.c:237:2: warning: label 'restart' defined but not used [-Wunused-label]
  restart:
  ^~~~~~~
At top level:
../src/main.c:496:6: warning: 'DisableCaches' defined but not used [-Wunused-function]
 void DisableCaches() {
      ^~~~~~~~~~~~~
../src/main.c:485:6: warning: 'EnableCaches' defined but not used [-Wunused-function]
 void EnableCaches() {
      ^~~~~~~~~~~~
../src/main.c:481:6: warning: 'DemoCleanup' defined but not used [-Wunused-function]
 void DemoCleanup() {
      ^~~~~~~~~~~
../src/main.c:354:7: warning: 'DemoRun' defined but not used [-Wunused-function]
 char *DemoRun() {
       ^~~~~~~
../src/main.c:348:6: warning: 'DemoInitialize' defined but not used [-Wunused-function]
 void DemoInitialize() {
      ^~~~~~~~~~~~~~
make: *** [src/main.o] Error 1
21:55:13 **** Incremental Build of configuration Debug for project Project ****
make pre-build main-build 
a9-linaro-pre-build-step
' '
'Building file: ../src/main.c'
'Invoking: ARM v7 gcc compiler'
arm-none-eabi-gcc -Wall -O0 -g3 -c -fmessage-length=0 -MT"src/main.o" -mcpu=cortex-a9 -mfpu=vfpv3 -mfloat-abi=hard -I../../Project_bsp/ps7_cortexa9_0/include -MMD -MP -MF"src/main.d" -MT"src/main.o" -o "src/main.o" "../src/main.c"
In file included from ../src/main.c:97:0:
../src/BLOWFISH.C:36:1: warning: missing braces around initializer [-Wmissing-braces]
 {
 ^
../src/BLOWFISH.C:36:1: note: (near initialization for 'S')
In file included from ../src/main.c:97:0:
../src/BLOWFISH.C: In function 'opensubkeyfile':
../src/BLOWFISH.C:57:21: warning: implicit declaration of function 'open' [-Wimplicit-function-declaration]
    if((SubkeyFile = open(subkeyfilename,"rb")) == NULL) {
                     ^~~~
../src/BLOWFISH.C:57:19: warning: assignment makes pointer from integer without a cast [-Wint-conversion]
    if((SubkeyFile = open(subkeyfilename,"rb")) == NULL) {
                   ^
../src/BLOWFISH.C: In function 'InitializeBlowfish':
../src/BLOWFISH.C:154:19: warning: variable 'numread' set but not used [-Wunused-but-set-variable]
    short          numread;
                   ^~~~~~~
../src/main.c: In function 'main':
../src/main.c:247:12: warning: assignment from incompatible pointer type [-Wincompatible-pointer-types]
  int_array = data_array;
            ^
../src/main.c:260:22: warning: passing argument 1 of 'Blowfish_encipher' from incompatible pointer type [-Wincompatible-pointer-types]
    Blowfish_encipher(temp1,temp12);
                      ^~~~~
In file included from ../src/main.c:97:0:
../src/BLOWFISH.C:87:6: note: expected 'long unsigned int *' but argument is of type 'int *'
 void Blowfish_encipher(unsigned long *xl, unsigned long *xr)
      ^~~~~~~~~~~~~~~~~
../src/main.c:260:28: warning: passing argument 2 of 'Blowfish_encipher' from incompatible pointer type [-Wincompatible-pointer-types]
    Blowfish_encipher(temp1,temp12);
                            ^~~~~~
In file included from ../src/main.c:97:0:
../src/BLOWFISH.C:87:6: note: expected 'long unsigned int *' but argument is of type 'int *'
 void Blowfish_encipher(unsigned long *xl, unsigned long *xr)
      ^~~~~~~~~~~~~~~~~
../src/main.c:261:30: warning: passing argument 2 of 'strcat' from incompatible pointer type [-Wincompatible-pointer-types]
    strcat(encrypted_message, temp1);
                              ^~~~~
In file included from c:\xilinx2017.1\sdk\2017.1\gnu\aarch32\nt\gcc-arm-none-eabi\arm-none-eabi\libc\usr\include\ctype.h:4:0,
                 from ../../Project_bsp/ps7_cortexa9_0/include/xil_printf.h:8,
                 from ../../Project_bsp/ps7_cortexa9_0/include/xil_io.h:65,
                 from ../src/PmodKYPD.h:30,
                 from ../src/main.c:36:
c:\xilinx2017.1\sdk\2017.1\gnu\aarch32\nt\gcc-arm-none-eabi\arm-none-eabi\libc\usr\include\string.h:26:8: note: expected 'const char * restrict' but argument is of type 'int *'
 char  *_EXFUN(strcat,(char *__restrict, const char *__restrict));
        ^
../src/main.c:262:30: warning: passing argument 2 of 'strcat' from incompatible pointer type [-Wincompatible-pointer-types]
    strcat(encrypted_message, temp12);
                              ^~~~~~
In file included from c:\xilinx2017.1\sdk\2017.1\gnu\aarch32\nt\gcc-arm-none-eabi\arm-none-eabi\libc\usr\include\ctype.h:4:0,
                 from ../../Project_bsp/ps7_cortexa9_0/include/xil_printf.h:8,
                 from ../../Project_bsp/ps7_cortexa9_0/include/xil_io.h:65,
                 from ../src/PmodKYPD.h:30,
                 from ../src/main.c:36:
c:\xilinx2017.1\sdk\2017.1\gnu\aarch32\nt\gcc-arm-none-eabi\arm-none-eabi\libc\usr\include\string.h:26:8: note: expected 'const char * restrict' but argument is of type 'int *'
 char  *_EXFUN(strcat,(char *__restrict, const char *__restrict));
        ^
../src/main.c:270:13: warning: assignment from incompatible pointer type [-Wincompatible-pointer-types]
   int_array = encrypted_message;
             ^
../src/main.c:278:22: warning: passing argument 1 of 'Blowfish_decipher' from incompatible pointer type [-Wincompatible-pointer-types]
    Blowfish_decipher(temp1,temp12);
                      ^~~~~
In file included from ../src/main.c:97:0:
../src/BLOWFISH.C:117:6: note: expected 'long unsigned int *' but argument is of type 'int *'
 void Blowfish_decipher(unsigned long *xl, unsigned long *xr)
      ^~~~~~~~~~~~~~~~~
../src/main.c:278:28: warning: passing argument 2 of 'Blowfish_decipher' from incompatible pointer type [-Wincompatible-pointer-types]
    Blowfish_decipher(temp1,temp12);
                            ^~~~~~
In file included from ../src/main.c:97:0:
../src/BLOWFISH.C:117:6: note: expected 'long unsigned int *' but argument is of type 'int *'
 void Blowfish_decipher(unsigned long *xl, unsigned long *xr)
      ^~~~~~~~~~~~~~~~~
../src/main.c:279:30: warning: passing argument 2 of 'strcat' from incompatible pointer type [-Wincompatible-pointer-types]
    strcat(decrypted_message, temp1);
                              ^~~~~
In file included from c:\xilinx2017.1\sdk\2017.1\gnu\aarch32\nt\gcc-arm-none-eabi\arm-none-eabi\libc\usr\include\ctype.h:4:0,
                 from ../../Project_bsp/ps7_cortexa9_0/include/xil_printf.h:8,
                 from ../../Project_bsp/ps7_cortexa9_0/include/xil_io.h:65,
                 from ../src/PmodKYPD.h:30,
                 from ../src/main.c:36:
c:\xilinx2017.1\sdk\2017.1\gnu\aarch32\nt\gcc-arm-none-eabi\arm-none-eabi\libc\usr\include\string.h:26:8: note: expected 'const char * restrict' but argument is of type 'int *'
 char  *_EXFUN(strcat,(char *__restrict, const char *__restrict));
        ^
../src/main.c:280:30: warning: passing argument 2 of 'strcat' from incompatible pointer type [-Wincompatible-pointer-types]
    strcat(decrypted_message, temp12);
                              ^~~~~~
In file included from c:\xilinx2017.1\sdk\2017.1\gnu\aarch32\nt\gcc-arm-none-eabi\arm-none-eabi\libc\usr\include\ctype.h:4:0,
                 from ../../Project_bsp/ps7_cortexa9_0/include/xil_printf.h:8,
                 from ../../Project_bsp/ps7_cortexa9_0/include/xil_io.h:65,
                 from ../src/PmodKYPD.h:30,
                 from ../src/main.c:36:
[...]
' '
'Invoking: ARM v7 Print Size'
arm-none-eabi-size Project.elf  |tee "Project.elf.size"
   text	   data	    bss	    dec	    hex	filename
 154172	   8400	2218272	2380844	 24542c	Project.elf
'Finished building: Project.elf.size'
' '
22:19:56 **** Incremental Build of configuration Debug for project Project ****
make pre-build main-build 
a9-linaro-pre-build-step
' '
make: Nothing to be done for `main-build'.
22:21:06 **** Auto Build of configuration Debug for project Project ****
make pre-build main-build 
a9-linaro-pre-build-step
' '
'Building file: ../src/main.c'
'Invoking: ARM v7 gcc compiler'
arm-none-eabi-gcc -Wall -O0 -g3 -c -fmessage-length=0 -MT"src/main.o" -mcpu=cortex-a9 -mfpu=vfpv3 -mfloat-abi=hard -I../../Project_bsp/ps7_cortexa9_0/include -MMD -MP -MF"src/main.d" -MT"src/main.o" -o "src/main.o" "../src/main.c"
In file included from ../src/main.c:99:0:
../src/BLOWFISH.C:36:1: warning: missing braces around initializer [-Wmissing-braces]
 {
 ^
../src/BLOWFISH.C:36:1: note: (near initialization for 'S')
In file included from ../src/main.c:99:0:
../src/BLOWFISH.C: In function 'opensubkeyfile':
../src/BLOWFISH.C:57:21: warning: implicit declaration of function 'open' [-Wimplicit-function-declaration]
    if((SubkeyFile = open(subkeyfilename,"rb")) == NULL) {
                     ^~~~
../src/BLOWFISH.C:57:19: warning: assignment makes pointer from integer without a cast [-Wint-conversion]
    if((SubkeyFile = open(subkeyfilename,"rb")) == NULL) {
                   ^
../src/BLOWFISH.C: In function 'InitializeBlowfish':
../src/BLOWFISH.C:154:19: warning: variable 'numread' set but not used [-Wunused-but-set-variable]
    short          numread;
                   ^~~~~~~
../src/main.c: In function 'main':
../src/main.c:249:12: warning: assignment from incompatible pointer type [-Wincompatible-pointer-types]
  int_array = data_array;
            ^
../src/main.c:262:22: warning: passing argument 1 of 'Blowfish_encipher' from incompatible pointer type [-Wincompatible-pointer-types]
    Blowfish_encipher(temp1,temp12);
                      ^~~~~
In file included from ../src/main.c:99:0:
../src/BLOWFISH.C:87:6: note: expected 'long unsigned int *' but argument is of type 'int *'
 void Blowfish_encipher(unsigned long *xl, unsigned long *xr)
      ^~~~~~~~~~~~~~~~~
../src/main.c:262:28: warning: passing argument 2 of 'Blowfish_encipher' from incompatible pointer type [-Wincompatible-pointer-types]
    Blowfish_encipher(temp1,temp12);
                            ^~~~~~
In file included from ../src/main.c:99:0:
../src/BLOWFISH.C:87:6: note: expected 'long unsigned int *' but argument is of type 'int *'
 void Blowfish_encipher(unsigned long *xl, unsigned long *xr)
      ^~~~~~~~~~~~~~~~~
../src/main.c:263:30: warning: passing argument 2 of 'strcat' from incompatible pointer type [-Wincompatible-pointer-types]
    strcat(encrypted_message, temp1);
                              ^~~~~
In file included from c:\xilinx2017.1\sdk\2017.1\gnu\aarch32\nt\gcc-arm-none-eabi\arm-none-eabi\libc\usr\include\ctype.h:4:0,
                 from ../../Project_bsp/ps7_cortexa9_0/include/xil_printf.h:8,
                 from ../../Project_bsp/ps7_cortexa9_0/include/xil_io.h:65,
                 from ../src/PmodKYPD.h:30,
                 from ../src/main.c:36:
c:\xilinx2017.1\sdk\2017.1\gnu\aarch32\nt\gcc-arm-none-eabi\arm-none-eabi\libc\usr\include\string.h:26:8: note: expected 'const char * restrict' but argument is of type 'int *'
 char  *_EXFUN(strcat,(char *__restrict, const char *__restrict));
        ^
../src/main.c:264:30: warning: passing argument 2 of 'strcat' from incompatible pointer type [-Wincompatible-pointer-types]
    strcat(encrypted_message, temp12);
                              ^~~~~~
In file included from c:\xilinx2017.1\sdk\2017.1\gnu\aarch32\nt\gcc-arm-none-eabi\arm-none-eabi\libc\usr\include\ctype.h:4:0,
                 from ../../Project_bsp/ps7_cortexa9_0/include/xil_printf.h:8,
                 from ../../Project_bsp/ps7_cortexa9_0/include/xil_io.h:65,
                 from ../src/PmodKYPD.h:30,
                 from ../src/main.c:36:
c:\xilinx2017.1\sdk\2017.1\gnu\aarch32\nt\gcc-arm-none-eabi\arm-none-eabi\libc\usr\include\string.h:26:8: note: expected 'const char * restrict' but argument is of type 'int *'
 char  *_EXFUN(strcat,(char *__restrict, const char *__restrict));
        ^
../src/main.c:272:13: warning: assignment from incompatible pointer type [-Wincompatible-pointer-types]
   int_array = encrypted_message;
             ^
../src/main.c:280:22: warning: passing argument 1 of 'Blowfish_decipher' from incompatible pointer type [-Wincompatible-pointer-types]
    Blowfish_decipher(temp1,temp12);
                      ^~~~~
In file included from ../src/main.c:99:0:
../src/BLOWFISH.C:117:6: note: expected 'long unsigned int *' but argument is of type 'int *'
 void Blowfish_decipher(unsigned long *xl, unsigned long *xr)
      ^~~~~~~~~~~~~~~~~
../src/main.c:280:28: warning: passing argument 2 of 'Blowfish_decipher' from incompatible pointer type [-Wincompatible-pointer-types]
    Blowfish_decipher(temp1,temp12);
                            ^~~~~~
In file included from ../src/main.c:99:0:
../src/BLOWFISH.C:117:6: note: expected 'long unsigned int *' but argument is of type 'int *'
 void Blowfish_decipher(unsigned long *xl, unsigned long *xr)
      ^~~~~~~~~~~~~~~~~
../src/main.c:281:30: warning: passing argument 2 of 'strcat' from incompatible pointer type [-Wincompatible-pointer-types]
    strcat(decrypted_message, temp1);
                              ^~~~~
In file included from c:\xilinx2017.1\sdk\2017.1\gnu\aarch32\nt\gcc-arm-none-eabi\arm-none-eabi\libc\usr\include\ctype.h:4:0,
                 from ../../Project_bsp/ps7_cortexa9_0/include/xil_printf.h:8,
                 from ../../Project_bsp/ps7_cortexa9_0/include/xil_io.h:65,
                 from ../src/PmodKYPD.h:30,
                 from ../src/main.c:36:
c:\xilinx2017.1\sdk\2017.1\gnu\aarch32\nt\gcc-arm-none-eabi\arm-none-eabi\libc\usr\include\string.h:26:8: note: expected 'const char * restrict' but argument is of type 'int *'
 char  *_EXFUN(strcat,(char *__restrict, const char *__restrict));
        ^
../src/main.c:282:30: warning: passing argument 2 of 'strcat' from incompatible pointer type [-Wincompatible-pointer-types]
    strcat(decrypted_message, temp12);
                              ^~~~~~
In file included from c:\xilinx2017.1\sdk\2017.1\gnu\aarch32\nt\gcc-arm-none-eabi\arm-none-eabi\libc\usr\include\ctype.h:4:0,
                 from ../../Project_bsp/ps7_cortexa9_0/include/xil_printf.h:8,
                 from ../../Project_bsp/ps7_cortexa9_0/include/xil_io.h:65,
                 from ../src/PmodKYPD.h:30,
                 from ../src/main.c:36:
c:\xilinx2017.1\sdk\2017.1\gnu\aarch32\nt\gcc-arm-none-eabi\arm-none-eabi\libc\usr\include\string.h:26:8: note: expected 'const char * restrict' but argument is of type 'int *'
 char  *_EXFUN(strcat,(char *__restrict, const char *__restrict));
        ^
../src/main.c:313:29: warning: passing argument 2 of 'strcat' makes pointer from integer without a cast [-Wint-conversion]
   strcat(encrypted_message, XBlowfish_encipher_Get_xl_o(&ENCRYPT));
                             ^~~~~~~~~~~~~~~~~~~~~~~~~~~
In file included from c:\xilinx2017.1\sdk\2017.1\gnu\aarch32\nt\gcc-arm-none-eabi\arm-none-eabi\libc\usr\include\ctype.h:4:0,
                 from ../../Project_bsp/ps7_cortexa9_0/include/xil_printf.h:8,
                 from ../../Project_bsp/ps7_cortexa9_0/include/xil_io.h:65,
                 from ../src/PmodKYPD.h:30,
                 from ../src/main.c:36:
c:\xilinx2017.1\sdk\2017.1\gnu\aarch32\nt\gcc-arm-none-eabi\arm-none-eabi\libc\usr\include\string.h:26:8: note: expected 'const char * restrict' but argument is of type 'u32 {aka long unsigned int}'
 char  *_EXFUN(strcat,(char *__restrict, const char *__restrict));
        ^
../src/main.c:314:29: warning: passing argument 2 of 'strcat' makes pointer from integer without a cast [-Wint-conversion]
   strcat(encrypted_message, XBlowfish_encipher_Get_xr_o(&ENCRYPT));
                             ^~~~~~~~~~~~~~~~~~~~~~~~~~~
In file included from c:\xilinx2017.1\sdk\2017.1\gnu\aarch32\nt\gcc-arm-none-eabi\arm-none-eabi\libc\usr\include\ctype.h:4:0,
                 from ../../Project_bsp/ps7_cortexa9_0/include/xil_printf.h:8,
                 from ../../Project_bsp/ps7_cortexa9_0/include/xil_io.h:65,
                 from ../src/PmodKYPD.h:30,
                 from ../src/main.c:36:
c:\xilinx2017.1\sdk\2017.1\gnu\aarch32\nt\gcc-arm-none-eabi\arm-none-eabi\libc\usr\include\string.h:26:8: note: expected 'const char * restrict' but argument is of type 'u32 {aka long unsigned int}'
 char  *_EXFUN(strcat,(char *__restrict, const char *__restrict));
        ^
In file included from ../src/main.c:99:0:
../src/main.c: In function 'InitializeBlowfish':
../src/BLOWFISH.C:198:11: warning: 'data' may be used uninitialized in this function [-Wmaybe-uninitialized]
      P[i] = data;
      ~~~~~^~~~~~
'Finished building: ../src/main.c'
' '
'Building target: Project.elf'
'Invoking: ARM v7 gcc linker'
arm-none-eabi-gcc -mcpu=cortex-a9 -mfpu=vfpv3 -mfloat-abi=hard -Wl,-build-id=none -specs=Xilinx.spec -Wl,-T -Wl,../src/lscript.ld -L../../Project_bsp/ps7_cortexa9_0/lib -o "Project.elf"  ./src/PmodKYPD.o ./src/echo.o ./src/functions_4261.o ./src/i2c_access.o ./src/iic_phyreset.o ./src/main.o ./src/platform.o ./src/platform_mb.o ./src/platform_ppc.o ./src/platform_zynq.o ./src/platform_zynqmp.o ./src/sfp.o ./src/si5324.o   -Wl,--start-group,-lxil,-lgcc,-lc,--end-group -Wl,--start-group,-lxil,-llwip4,-lgcc,-lc,--end-group
'Finished building target: Project.elf'
' '
'Invoking: ARM v7 Print Size'
arm-none-eabi-size Project.elf  |tee "Project.elf.size"
   text	   data	    bss	    dec	    hex	filename
 154172	   8400	2218272	2380844	 24542c	Project.elf
'Finished building: Project.elf.size'
' '
22:21:22 **** Auto Build of configuration Debug for project Project ****
make pre-build main-build 
a9-linaro-pre-build-step
' '
'Building file: ../src/main.c'
'Invoking: ARM v7 gcc compiler'
arm-none-eabi-gcc -Wall -O0 -g3 -c -fmessage-length=0 -MT"src/main.o" -mcpu=cortex-a9 -mfpu=vfpv3 -mfloat-abi=hard -I../../Project_bsp/ps7_cortexa9_0/include -MMD -MP -MF"src/main.d" -MT"src/main.o" -o "src/main.o" "../src/main.c"
In file included from ../src/main.c:99:0:
../src/BLOWFISH.C:36:1: warning: missing braces around initializer [-Wmissing-braces]
 {
 ^
../src/BLOWFISH.C:36:1: note: (near initialization for 'S')
In file included from ../src/main.c:99:0:
../src/BLOWFISH.C: In function 'opensubkeyfile':
../src/BLOWFISH.C:57:21: warning: implicit declaration of function 'open' [-Wimplicit-function-declaration]
    if((SubkeyFile = open(subkeyfilename,"rb")) == NULL) {
                     ^~~~
../src/BLOWFISH.C:57:19: warning: assignment makes pointer from integer without a cast [-Wint-conversion]
    if((SubkeyFile = open(subkeyfilename,"rb")) == NULL) {
                   ^
../src/BLOWFISH.C: In function 'InitializeBlowfish':
../src/BLOWFISH.C:154:19: warning: variable 'numread' set but not used [-Wunused-but-set-variable]
    short          numread;
                   ^~~~~~~
../src/main.c: In function 'main':
../src/main.c:247:12: warning: assignment from incompatible pointer type [-Wincompatible-pointer-types]
  int_array = data_array;
            ^
../src/main.c:260:22: warning: passing argument 1 of 'Blowfish_encipher' from incompatible pointer type [-Wincompatible-pointer-types]
    Blowfish_encipher(temp1,temp12);
                      ^~~~~
In file included from ../src/main.c:99:0:
../src/BLOWFISH.C:87:6: note: expected 'long unsigned int *' but argument is of type 'int *'
 void Blowfish_encipher(unsigned long *xl, unsigned long *xr)
      ^~~~~~~~~~~~~~~~~
../src/main.c:260:28: warning: passing argument 2 of 'Blowfish_encipher' from incompatible pointer type [-Wincompatible-pointer-types]
    Blowfish_encipher(temp1,temp12);
                            ^~~~~~
In file included from ../src/main.c:99:0:
../src/BLOWFISH.C:87:6: note: expected 'long unsigned int *' but argument is of type 'int *'
 void Blowfish_encipher(unsigned long *xl, unsigned long *xr)
      ^~~~~~~~~~~~~~~~~
../src/main.c:261:30: warning: passing argument 2 of 'strcat' from incompatible pointer type [-Wincompatible-pointer-types]
    strcat(encrypted_message, temp1);
                              ^~~~~
In file included from c:\xilinx2017.1\sdk\2017.1\gnu\aarch32\nt\gcc-arm-none-eabi\arm-none-eabi\libc\usr\include\ctype.h:4:0,
                 from ../../Project_bsp/ps7_cortexa9_0/include/xil_printf.h:8,
                 from ../../Project_bsp/ps7_cortexa9_0/include/xil_io.h:65,
                 from ../src/PmodKYPD.h:30,
                 from ../src/main.c:36:
c:\xilinx2017.1\sdk\2017.1\gnu\aarch32\nt\gcc-arm-none-eabi\arm-none-eabi\libc\usr\include\string.h:26:8: note: expected 'const char * restrict' but argument is of type 'int *'
 char  *_EXFUN(strcat,(char *__restrict, const char *__restrict));
        ^
../src/main.c:262:30: warning: passing argument 2 of 'strcat' from incompatible pointer type [-Wincompatible-pointer-types]
    strcat(encrypted_message, temp12);
                              ^~~~~~
In file included from c:\xilinx2017.1\sdk\2017.1\gnu\aarch32\nt\gcc-arm-none-eabi\arm-none-eabi\libc\usr\include\ctype.h:4:0,
                 from ../../Project_bsp/ps7_cortexa9_0/include/xil_printf.h:8,
                 from ../../Project_bsp/ps7_cortexa9_0/include/xil_io.h:65,
                 from ../src/PmodKYPD.h:30,
                 from ../src/main.c:36:
c:\xilinx2017.1\sdk\2017.1\gnu\aarch32\nt\gcc-arm-none-eabi\arm-none-eabi\libc\usr\include\string.h:26:8: note: expected 'const char * restrict' but argument is of type 'int *'
 char  *_EXFUN(strcat,(char *__restrict, const char *__restrict));
        ^
../src/main.c:270:13: warning: assignment from incompatible pointer type [-Wincompatible-pointer-types]
   int_array = encrypted_message;
             ^
../src/main.c:278:22: warning: passing argument 1 of 'Blowfish_decipher' from incompatible pointer type [-Wincompatible-pointer-types]
    Blowfish_decipher(temp1,temp12);
                      ^~~~~
In file included from ../src/main.c:99:0:
../src/BLOWFISH.C:117:6: note: expected 'long unsigned int *' but argument is of type 'int *'
 void Blowfish_decipher(unsigned long *xl, unsigned long *xr)
      ^~~~~~~~~~~~~~~~~
../src/main.c:278:28: warning: passing argument 2 of 'Blowfish_decipher' from incompatible pointer type [-Wincompatible-pointer-types]
    Blowfish_decipher(temp1,temp12);
                            ^~~~~~
In file included from ../src/main.c:99:0:
../src/BLOWFISH.C:117:6: note: expected 'long unsigned int *' but argument is of type 'int *'
 void Blowfish_decipher(unsigned long *xl, unsigned long *xr)
      ^~~~~~~~~~~~~~~~~
../src/main.c:279:30: warning: passing argument 2 of 'strcat' from incompatible pointer type [-Wincompatible-pointer-types]
    strcat(decrypted_message, temp1);
                              ^~~~~
In file included from c:\xilinx2017.1\sdk\2017.1\gnu\aarch32\nt\gcc-arm-none-eabi\arm-none-eabi\libc\usr\include\ctype.h:4:0,
                 from ../../Project_bsp/ps7_cortexa9_0/include/xil_printf.h:8,
                 from ../../Project_bsp/ps7_cortexa9_0/include/xil_io.h:65,
                 from ../src/PmodKYPD.h:30,
                 from ../src/main.c:36:
c:\xilinx2017.1\sdk\2017.1\gnu\aarch32\nt\gcc-arm-none-eabi\arm-none-eabi\libc\usr\include\string.h:26:8: note: expected 'const char * restrict' but argument is of type 'int *'
 char  *_EXFUN(strcat,(char *__restrict, const char *__restrict));
        ^
../src/main.c:280:30: warning: passing argument 2 of 'strcat' from incompatible pointer type [-Wincompatible-pointer-types]
    strcat(decrypted_message, temp12);
                              ^~~~~~
In file included from c:\xilinx2017.1\sdk\2017.1\gnu\aarch32\nt\gcc-arm-none-eabi\arm-none-eabi\libc\usr\include\ctype.h:4:0,
                 from ../../Project_bsp/ps7_cortexa9_0/include/xil_printf.h:8,
                 from ../../Project_bsp/ps7_cortexa9_0/include/xil_io.h:65,
                 from ../src/PmodKYPD.h:30,
                 from ../src/main.c:36:
c:\xilinx2017.1\sdk\2017.1\gnu\aarch32\nt\gcc-arm-none-eabi\arm-none-eabi\libc\usr\include\string.h:26:8: note: expected 'const char * restrict' but argument is of type 'int *'
 char  *_EXFUN(strcat,(char *__restrict, const char *__restrict));
        ^
../src/main.c:309:29: warning: passing argument 2 of 'strcat' makes pointer from integer without a cast [-Wint-conversion]
   strcat(encrypted_message, XBlowfish_encipher_Get_xl_o(&ENCRYPT));
                             ^~~~~~~~~~~~~~~~~~~~~~~~~~~
In file included from c:\xilinx2017.1\sdk\2017.1\gnu\aarch32\nt\gcc-arm-none-eabi\arm-none-eabi\libc\usr\include\ctype.h:4:0,
                 from ../../Project_bsp/ps7_cortexa9_0/include/xil_printf.h:8,
                 from ../../Project_bsp/ps7_cortexa9_0/include/xil_io.h:65,
                 from ../src/PmodKYPD.h:30,
                 from ../src/main.c:36:
c:\xilinx2017.1\sdk\2017.1\gnu\aarch32\nt\gcc-arm-none-eabi\arm-none-eabi\libc\usr\include\string.h:26:8: note: expected 'const char * restrict' but argument is of type 'u32 {aka long unsigned int}'
 char  *_EXFUN(strcat,(char *__restrict, const char *__restrict));
        ^
../src/main.c:310:29: warning: passing argument 2 of 'strcat' makes pointer from integer without a cast [-Wint-conversion]
   strcat(encrypted_message, XBlowfish_encipher_Get_xr_o(&ENCRYPT));
                             ^~~~~~~~~~~~~~~~~~~~~~~~~~~
In file included from c:\xilinx2017.1\sdk\2017.1\gnu\aarch32\nt\gcc-arm-none-eabi\arm-none-eabi\libc\usr\include\ctype.h:4:0,
                 from ../../Project_bsp/ps7_cortexa9_0/include/xil_printf.h:8,
                 from ../../Project_bsp/ps7_cortexa9_0/include/xil_io.h:65,
                 from ../src/PmodKYPD.h:30,
                 from ../src/main.c:36:
c:\xilinx2017.1\sdk\2017.1\gnu\aarch32\nt\gcc-arm-none-eabi\arm-none-eabi\libc\usr\include\string.h:26:8: note: expected 'const char * restrict' but argument is of type 'u32 {aka long unsigned int}'
 char  *_EXFUN(strcat,(char *__restrict, const char *__restrict));
        ^
In file included from ../src/main.c:99:0:
../src/main.c: In function 'InitializeBlowfish':
../src/BLOWFISH.C:198:11: warning: 'data' may be used uninitialized in this function [-Wmaybe-uninitialized]
      P[i] = data;
      ~~~~~^~~~~~
'Finished building: ../src/main.c'
' '
'Building target: Project.elf'
'Invoking: ARM v7 gcc linker'
arm-none-eabi-gcc -mcpu=cortex-a9 -mfpu=vfpv3 -mfloat-abi=hard -Wl,-build-id=none -specs=Xilinx.spec -Wl,-T -Wl,../src/lscript.ld -L../../Project_bsp/ps7_cortexa9_0/lib -o "Project.elf"  ./src/PmodKYPD.o ./src/echo.o ./src/functions_4261.o ./src/i2c_access.o ./src/iic_phyreset.o ./src/main.o ./src/platform.o ./src/platform_mb.o ./src/platform_ppc.o ./src/platform_zynq.o ./src/platform_zynqmp.o ./src/sfp.o ./src/si5324.o   -Wl,--start-group,-lxil,-lgcc,-lc,--end-group -Wl,--start-group,-lxil,-llwip4,-lgcc,-lc,--end-group
'Finished building target: Project.elf'
' '
'Invoking: ARM v7 Print Size'
arm-none-eabi-size Project.elf  |tee "Project.elf.size"
   text	   data	    bss	    dec	    hex	filename
 154172	   8400	2218272	2380844	 24542c	Project.elf
'Finished building: Project.elf.size'
' '
22:21:23 **** Incremental Build of configuration Debug for project Project ****
make pre-build main-build 
a9-linaro-pre-build-step
' '
make: Nothing to be done for `main-build'.
22:21:27 **** Incremental Build of configuration Debug for project Project ****
make pre-build main-build 
a9-linaro-pre-build-step
' '
make: Nothing to be done for `main-build'.
22:23:02 **** Incremental Build of configuration Debug for project Project ****
make pre-build main-build 
a9-linaro-pre-build-step
' '
make: Nothing to be done for `main-build'.
